Archive member included to satisfy reference by file (symbol)

C:/Program Files (x86)/Arm GNU Toolchain arm-none-eabi/13.3 rel1/bin/../lib/gcc/arm-none-eabi/13.3.1/thumb/v7e-m+fp/hard\libc.a(libc_a-exit.o)
                              C:/Program Files (x86)/Arm GNU Toolchain arm-none-eabi/13.3 rel1/bin/../lib/gcc/arm-none-eabi/13.3.1/thumb/v7e-m+fp/hard/crt0.o (exit)
C:/Program Files (x86)/Arm GNU Toolchain arm-none-eabi/13.3 rel1/bin/../lib/gcc/arm-none-eabi/13.3.1/thumb/v7e-m+fp/hard\libc.a(libc_a-findfp.o)
                              C:/Program Files (x86)/Arm GNU Toolchain arm-none-eabi/13.3 rel1/bin/../lib/gcc/arm-none-eabi/13.3.1/thumb/v7e-m+fp/hard\libc.a(libc_a-exit.o) (__stdio_exit_handler)
C:/Program Files (x86)/Arm GNU Toolchain arm-none-eabi/13.3 rel1/bin/../lib/gcc/arm-none-eabi/13.3.1/thumb/v7e-m+fp/hard\libc.a(libc_a-fwalk.o)
                              C:/Program Files (x86)/Arm GNU Toolchain arm-none-eabi/13.3 rel1/bin/../lib/gcc/arm-none-eabi/13.3.1/thumb/v7e-m+fp/hard\libc.a(libc_a-findfp.o) (_fwalk_sglue)
C:/Program Files (x86)/Arm GNU Toolchain arm-none-eabi/13.3 rel1/bin/../lib/gcc/arm-none-eabi/13.3.1/thumb/v7e-m+fp/hard\libc.a(libc_a-printf.o)
                              GCC/build/main.o (printf)
C:/Program Files (x86)/Arm GNU Toolchain arm-none-eabi/13.3 rel1/bin/../lib/gcc/arm-none-eabi/13.3.1/thumb/v7e-m+fp/hard\libc.a(libc_a-stdio.o)
                              C:/Program Files (x86)/Arm GNU Toolchain arm-none-eabi/13.3 rel1/bin/../lib/gcc/arm-none-eabi/13.3.1/thumb/v7e-m+fp/hard\libc.a(libc_a-findfp.o) (__sread)
C:/Program Files (x86)/Arm GNU Toolchain arm-none-eabi/13.3 rel1/bin/../lib/gcc/arm-none-eabi/13.3.1/thumb/v7e-m+fp/hard\libc.a(libc_a-vsprintf.o)
                              GCC/build/lcd.o (vsprintf)
C:/Program Files (x86)/Arm GNU Toolchain arm-none-eabi/13.3 rel1/bin/../lib/gcc/arm-none-eabi/13.3.1/thumb/v7e-m+fp/hard\libc.a(libc_a-memset.o)
                              C:/Program Files (x86)/Arm GNU Toolchain arm-none-eabi/13.3 rel1/bin/../lib/gcc/arm-none-eabi/13.3.1/thumb/v7e-m+fp/hard/crt0.o (memset)
C:/Program Files (x86)/Arm GNU Toolchain arm-none-eabi/13.3 rel1/bin/../lib/gcc/arm-none-eabi/13.3.1/thumb/v7e-m+fp/hard\libc.a(libc_a-closer.o)
                              C:/Program Files (x86)/Arm GNU Toolchain arm-none-eabi/13.3 rel1/bin/../lib/gcc/arm-none-eabi/13.3.1/thumb/v7e-m+fp/hard\libc.a(libc_a-stdio.o) (_close_r)
C:/Program Files (x86)/Arm GNU Toolchain arm-none-eabi/13.3 rel1/bin/../lib/gcc/arm-none-eabi/13.3.1/thumb/v7e-m+fp/hard\libc.a(libc_a-reent.o)
                              C:/Program Files (x86)/Arm GNU Toolchain arm-none-eabi/13.3 rel1/bin/../lib/gcc/arm-none-eabi/13.3.1/thumb/v7e-m+fp/hard\libc.a(libc_a-closer.o) (errno)
C:/Program Files (x86)/Arm GNU Toolchain arm-none-eabi/13.3 rel1/bin/../lib/gcc/arm-none-eabi/13.3.1/thumb/v7e-m+fp/hard\libc.a(libc_a-impure.o)
                              C:/Program Files (x86)/Arm GNU Toolchain arm-none-eabi/13.3 rel1/bin/../lib/gcc/arm-none-eabi/13.3.1/thumb/v7e-m+fp/hard\libc.a(libc_a-printf.o) (_impure_ptr)
C:/Program Files (x86)/Arm GNU Toolchain arm-none-eabi/13.3 rel1/bin/../lib/gcc/arm-none-eabi/13.3.1/thumb/v7e-m+fp/hard\libc.a(libc_a-lseekr.o)
                              C:/Program Files (x86)/Arm GNU Toolchain arm-none-eabi/13.3 rel1/bin/../lib/gcc/arm-none-eabi/13.3.1/thumb/v7e-m+fp/hard\libc.a(libc_a-stdio.o) (_lseek_r)
C:/Program Files (x86)/Arm GNU Toolchain arm-none-eabi/13.3 rel1/bin/../lib/gcc/arm-none-eabi/13.3.1/thumb/v7e-m+fp/hard\libc.a(libc_a-readr.o)
                              C:/Program Files (x86)/Arm GNU Toolchain arm-none-eabi/13.3 rel1/bin/../lib/gcc/arm-none-eabi/13.3.1/thumb/v7e-m+fp/hard\libc.a(libc_a-stdio.o) (_read_r)
C:/Program Files (x86)/Arm GNU Toolchain arm-none-eabi/13.3 rel1/bin/../lib/gcc/arm-none-eabi/13.3.1/thumb/v7e-m+fp/hard\libc.a(libc_a-writer.o)
                              C:/Program Files (x86)/Arm GNU Toolchain arm-none-eabi/13.3 rel1/bin/../lib/gcc/arm-none-eabi/13.3.1/thumb/v7e-m+fp/hard\libc.a(libc_a-stdio.o) (_write_r)
C:/Program Files (x86)/Arm GNU Toolchain arm-none-eabi/13.3 rel1/bin/../lib/gcc/arm-none-eabi/13.3.1/thumb/v7e-m+fp/hard\libc.a(libc_a-init.o)
                              C:/Program Files (x86)/Arm GNU Toolchain arm-none-eabi/13.3 rel1/bin/../lib/gcc/arm-none-eabi/13.3.1/thumb/v7e-m+fp/hard/crt0.o (__libc_init_array)
C:/Program Files (x86)/Arm GNU Toolchain arm-none-eabi/13.3 rel1/bin/../lib/gcc/arm-none-eabi/13.3.1/thumb/v7e-m+fp/hard\libc.a(libc_a-lock.o)
                              C:/Program Files (x86)/Arm GNU Toolchain arm-none-eabi/13.3 rel1/bin/../lib/gcc/arm-none-eabi/13.3.1/thumb/v7e-m+fp/hard\libc.a(libc_a-findfp.o) (__retarget_lock_init_recursive)
C:/Program Files (x86)/Arm GNU Toolchain arm-none-eabi/13.3 rel1/bin/../lib/gcc/arm-none-eabi/13.3.1/thumb/v7e-m+fp/hard\libc.a(libc_a-strcmp.o)
                              GCC/build/gt9xxx.o (strcmp)
[...]
Memory Configuration

Name             Origin             Length             Attributes
RAM              0x20000000         0x00030000         xrw
CCMRAM           0x10000000         0x00010000         xrw
FLASH            0x08000000         0x00100000         xr
EXTSRAM          0xc0000000         0x02000000         xrw
*default*        0x00000000         0xffffffff

Linker script and memory map

LOAD C:/Program Files (x86)/Arm GNU Toolchain arm-none-eabi/13.3 rel1/bin/../lib/gcc/arm-none-eabi/13.3.1/thumb/v7e-m+fp/hard/crti.o
LOAD C:/Program Files (x86)/Arm GNU Toolchain arm-none-eabi/13.3 rel1/bin/../lib/gcc/arm-none-eabi/13.3.1/thumb/v7e-m+fp/hard/crtbegin.o
LOAD C:/Program Files (x86)/Arm GNU Toolchain arm-none-eabi/13.3 rel1/bin/../lib/gcc/arm-none-eabi/13.3.1/thumb/v7e-m+fp/hard/crt0.o
LOAD GCC/build/main.o
LOAD GCC/build/system_stm32f4xx.o
LOAD GCC/build/misc.o
LOAD GCC/build/stm32f4xx_adc.o
LOAD GCC/build/stm32f4xx_iwdg.o
LOAD GCC/build/stm32f4xx_cryp.o
LOAD GCC/build/stm32f4xx_cryp_aes.o
LOAD GCC/build/stm32f4xx_dsi.o
LOAD GCC/build/stm32f4xx_fmc.o
LOAD GCC/build/stm32f4xx_syscfg.o
LOAD GCC/build/stm32f4xx_rcc.o
LOAD GCC/build/stm32f4xx_hash_md5.o
LOAD GCC/build/stm32f4xx_crc.o
LOAD GCC/build/stm32f4xx_gpio.o
LOAD GCC/build/stm32f4xx_ltdc.o
LOAD GCC/build/stm32f4xx_i2c.o
LOAD GCC/build/stm32f4xx_pwr.o
LOAD GCC/build/stm32f4xx_rtc.o
LOAD GCC/build/stm32f4xx_dbgmcu.o
LOAD GCC/build/stm32f4xx_dfsdm.o
LOAD GCC/build/stm32f4xx_exti.o
LOAD GCC/build/stm32f4xx_fmpi2c.o
LOAD GCC/build/stm32f4xx_hash_sha1.o
LOAD GCC/build/stm32f4xx_usart.o
LOAD GCC/build/stm32f4xx_spi.o
LOAD GCC/build/stm32f4xx_lptim.o
LOAD GCC/build/stm32f4xx_dma2d.o
LOAD GCC/build/stm32f4xx_flash_ramfunc.o
LOAD GCC/build/stm32f4xx_rng.o
LOAD GCC/build/stm32f4xx_cec.o
LOAD GCC/build/stm32f4xx_cryp_des.o
LOAD GCC/build/stm32f4xx_dma.o
LOAD GCC/build/stm32f4xx_sdio.o
LOAD GCC/build/stm32f4xx_flash.o
LOAD GCC/build/stm32f4xx_hash.o
LOAD GCC/build/stm32f4xx_qspi.o
LOAD GCC/build/stm32f4xx_can.o
LOAD GCC/build/stm32f4xx_dac.o
LOAD GCC/build/stm32f4xx_spdifrx.o
LOAD GCC/build/stm32f4xx_cryp_tdes.o
LOAD GCC/build/stm32f4xx_dcmi.o
LOAD GCC/build/stm32f4xx_sai.o
LOAD GCC/build/stm32f4xx_wwdg.o
LOAD GCC/build/stm32f4xx_tim.o
LOAD GCC/build/delay.o
LOAD GCC/build/sys.o
LOAD GCC/build/usart.o
LOAD GCC/build/lcd.o
LOAD GCC/build/ltdc.o
LOAD GCC/build/sdram.o
LOAD GCC/build/ft5206.o
LOAD GCC/build/gt9xxx.o
LOAD GCC/build/ctiic.o
LOAD GCC/build/touch.o
LOAD GCC/build/JY61_usart6.o
LOAD GCC/build/bank.o
LOAD GCC/build/BSP.o
LOAD GCC/build/exit.o
LOAD GCC/build/GUILib.o
LOAD GCC/build/shell_cmd.o
LOAD GCC/build/startup_stm32f429_439xx.o
LOAD C:/Program Files (x86)/Arm GNU Toolchain arm-none-eabi/13.3 rel1/bin/../lib/gcc/arm-none-eabi/13.3.1/thumb/v7e-m+fp/hard\libnosys.a
LOAD C:/Program Files (x86)/Arm GNU Toolchain arm-none-eabi/13.3 rel1/bin/../lib/gcc/arm-none-eabi/13.3.1/thumb/v7e-m+fp/hard\libstdc++.a
LOAD C:/Program Files (x86)/Arm GNU Toolchain arm-none-eabi/13.3 rel1/bin/../lib/gcc/arm-none-eabi/13.3.1/thumb/v7e-m+fp/hard\libm.a
LOAD C:/Program Files (x86)/Arm GNU Toolchain arm-none-eabi/13.3 rel1/bin/../lib/gcc/arm-none-eabi/13.3.1/thumb/v7e-m+fp/hard\libc.a
START GROUP
LOAD C:/Program Files (x86)/Arm GNU Toolchain arm-none-eabi/13.3 rel1/bin/../lib/gcc/arm-none-eabi/13.3.1/thumb/v7e-m+fp/hard\libgcc.a
LOAD C:/Program Files (x86)/Arm GNU Toolchain arm-none-eabi/13.3 rel1/bin/../lib/gcc/arm-none-eabi/13.3.1/thumb/v7e-m+fp/hard\libc.a
END GROUP
START GROUP
LOAD C:/Program Files (x86)/Arm GNU Toolchain arm-none-eabi/13.3 rel1/bin/../lib/gcc/arm-none-eabi/13.3.1/thumb/v7e-m+fp/hard\libgcc.a
LOAD C:/Program Files (x86)/Arm GNU Toolchain arm-none-eabi/13.3 rel1/bin/../lib/gcc/arm-none-eabi/13.3.1/thumb/v7e-m+fp/hard\libc.a
LOAD C:/Program Files (x86)/Arm GNU Toolchain arm-none-eabi/13.3 rel1/bin/../lib/gcc/arm-none-eabi/13.3.1/thumb/v7e-m+fp/hard\libnosys.a
END GROUP
LOAD C:/Program Files (x86)/Arm GNU Toolchain arm-none-eabi/13.3 rel1/bin/../lib/gcc/arm-none-eabi/13.3.1/thumb/v7e-m+fp/hard/crtend.o
LOAD C:/Program Files (x86)/Arm GNU Toolchain arm-none-eabi/13.3 rel1/bin/../lib/gcc/arm-none-eabi/13.3.1/thumb/v7e-m+fp/hard/crtn.o
                0x20030000                        _estack = (ORIGIN (RAM) + LENGTH (RAM))
                0x00000200                        _Min_Heap_Size = 0x200
                0x00000400                        _Min_Stack_Size = 0x400

.isr_vector     0x08000000      0x1ac
                0x08000000                        . = ALIGN (0x4)
 *(.isr_vector)
 .isr_vector    0x08000000      0x1ac GCC/build/startup_stm32f429_439xx.o
                0x08000000                g_pfnVectors
                0x080001ac                        . = ALIGN (0x4)

.text           0x080001c0     0xc050
                0x080001c0                        . = ALIGN (0x4)
 *(.text)
 .text          0x080001c0      0x2e0 C:/Program Files (x86)/Arm GNU Toolchain arm-none-eabi/13.3 rel1/bin/../lib/gcc/arm-none-eabi/13.3.1/thumb/v7e-m+fp/hard\libc.a(libc_a-strcmp.o)
                0x080001c0                strcmp
 .text          0x080004a0       0xa0 C:/Program Files (x86)/Arm GNU Toolchain arm-none-eabi/13.3 rel1/bin/../lib/gcc/arm-none-eabi/13.3.1/thumb/v7e-m+fp/hard\libc.a(libc_a-memchr.o)
                0x080004a0                memchr
 .text          0x08000540      0x134 C:/Program Files (x86)/Arm GNU Toolchain arm-none-eabi/13.3 rel1/bin/../lib/gcc/arm-none-eabi/13.3.1/thumb/v7e-m+fp/hard\libc.a(libc_a-memcpy.o)
                0x08000540                memcpy
 *fill*         0x08000674        0xc 
 .text          0x08000680       0xd8 C:/Program Files (x86)/Arm GNU Toolchain arm-none-eabi/13.3 rel1/bin/../lib/gcc/arm-none-eabi/13.3.1/thumb/v7e-m+fp/hard\libc.a(libc_a-strlen.o)
                0x08000680                strlen
 .text          0x08000758      0x378 C:/Program Files (x86)/Arm GNU Toolchain arm-none-eabi/13.3 rel1/bin/../lib/gcc/arm-none-eabi/13.3.1/thumb/v7e-m+fp/hard\libgcc.a(_arm_addsubdf3.o)
                0x08000758                __aeabi_drsub
                0x08000760                __aeabi_dsub
                0x08000760                __subdf3
                0x08000764                __aeabi_dadd
                0x08000764                __adddf3
                0x080009dc                __floatunsidf
                0x080009dc                __aeabi_ui2d
                0x080009fc                __floatsidf
                0x080009fc                __aeabi_i2d
                0x08000a20                __aeabi_f2d
                0x08000a20                __extendsfdf2
                0x08000a64                __floatundidf
                0x08000a64                __aeabi_ul2d
                0x08000a74                __floatdidf
                0x08000a74                __aeabi_l2d
 .text          0x08000ad0      0x424 C:/Program Files (x86)/Arm GNU Toolchain arm-none-eabi/13.3 rel1/bin/../lib/gcc/arm-none-eabi/13.3.1/thumb/v7e-m+fp/hard\libgcc.a(_arm_muldivdf3.o)
                0x08000ad0                __aeabi_dmul
                0x08000ad0                __muldf3
                0x08000d24                __divdf3
                0x08000d24                __aeabi_ddiv
 .text          0x08000ef4      0x110 C:/Program Files (x86)/Arm GNU Toolchain arm-none-eabi/13.3 rel1/bin/../lib/gcc/arm-none-eabi/13.3.1/thumb/v7e-m+fp/hard\libgcc.a(_arm_cmpdf2.o)
                0x08000ef4                __gtdf2
                0x08000ef4                __gedf2
                0x08000efc                __ltdf2
                0x08000efc                __ledf2
                0x08000f04                __nedf2
                0x08000f04                __eqdf2
                0x08000f04                __cmpdf2
                0x08000f80                __aeabi_cdrcmple
                0x08000f90                __aeabi_cdcmpeq
                0x08000f90                __aeabi_cdcmple
                0x08000fa0                __aeabi_dcmpeq
                0x08000fb4                __aeabi_dcmplt
                0x08000fc8                __aeabi_dcmple
                0x08000fdc                __aeabi_dcmpge
                0x08000ff0                __aeabi_dcmpgt
 .text          0x08001004       0x2c C:/Program Files (x86)/Arm GNU Toolchain arm-none-eabi/13.3 rel1/bin/../lib/gcc/arm-none-eabi/13.3.1/thumb/v7e-m+fp/hard\libgcc.a(_arm_unorddf2.o)
                0x08001004                __unorddf2
                0x08001004                __aeabi_dcmpun
 .text          0x08001030       0x50 C:/Program Files (x86)/Arm GNU Toolchain arm-none-eabi/13.3 rel1/bin/../lib/gcc/arm-none-eabi/13.3.1/thumb/v7e-m+fp/hard\libgcc.a(_arm_fixdfsi.o)
                0x08001030                __aeabi_d2iz
                0x08001030                __fixdfsi
 .text          0x08001080      0x1ac C:/Program Files (x86)/Arm GNU Toolchain arm-none-eabi/13.3 rel1/bin/../lib/gcc/arm-none-eabi/13.3.1/thumb/v7e-m+fp/hard\libgcc.a(libunwind.o)
                0x08001080                __restore_core_regs
                0x08001080                restore_core_regs
                0x08001098                __gnu_Unwind_Restore_VFP
                0x080010a0                __gnu_Unwind_Save_VFP
                0x080010a8                __gnu_Unwind_Restore_VFP_D
                0x080010b0                __gnu_Unwind_Save_VFP_D
                0x080010b8                __gnu_Unwind_Restore_VFP_D_16_to_31
                0x080010c0                __gnu_Unwind_Save_VFP_D_16_to_31
                0x080010c8                __gnu_Unwind_Restore_WMMXD
                0x0800110c                __gnu_Unwind_Save_WMMXD
                0x08001150                __gnu_Unwind_Restore_WMMXC
                0x08001164                __gnu_Unwind_Save_WMMXC
                0x08001178                ___Unwind_RaiseException
                0x08001178                _Unwind_RaiseException
                0x0800119c                _Unwind_Resume
                0x0800119c                ___Unwind_Resume
                0x080011c0                _Unwind_Resume_or_Rethrow
                0x080011c0                ___Unwind_Resume_or_Rethrow
                0x080011e4                _Unwind_ForcedUnwind
                0x080011e4                ___Unwind_ForcedUnwind
                0x08001208                ___Unwind_Backtrace
                0x08001208                _Unwind_Backtrace
 *(.text*)
 .text.deregister_tm_clones
                0x0800122c       0x1c C:/Program Files (x86)/Arm GNU Toolchain arm-none-eabi/13.3 rel1/bin/../lib/gcc/arm-none-eabi/13.3.1/thumb/v7e-m+fp/hard/crtbegin.o
 .text.register_tm_clones
                0x08001248       0x24 C:/Program Files (x86)/Arm GNU Toolchain arm-none-eabi/13.3 rel1/bin/../lib/gcc/arm-none-eabi/13.3.1/thumb/v7e-m+fp/hard/crtbegin.o
 .text.__do_global_dtors_aux
                0x0800126c       0x28 C:/Program Files (x86)/Arm GNU Toolchain arm-none-eabi/13.3 rel1/bin/../lib/gcc/arm-none-eabi/13.3.1/thumb/v7e-m+fp/hard/crtbegin.o
 .text.frame_dummy
                0x08001294       0x24 C:/Program Files (x86)/Arm GNU Toolchain arm-none-eabi/13.3 rel1/bin/../lib/gcc/arm-none-eabi/13.3.1/thumb/v7e-m+fp/hard/crtbegin.o
 .text.main     0x080012b8       0x24 GCC/build/main.o
                0x080012b8                main
 .text.button_response
                0x080012dc       0x6c GCC/build/main.o
                0x080012dc                button_response
 .text.SetSysClock
                0x08001348       0xec GCC/build/system_stm32f4xx.o
 .text.SystemInit
                0x08001434       0x50 GCC/build/system_stm32f4xx.o
                0x08001434                SystemInit
 .text.NVIC_Init
                0x08001484       0x64 GCC/build/misc.o
                0x08001484                NVIC_Init
 .text.SYSCFG_EXTILineConfig
                0x080014e8       0x38 GCC/build/stm32f4xx_syscfg.o
                0x080014e8                SYSCFG_EXTILineConfig
 .text.RCC_GetClocksFreq
                0x08001520       0xb8 GCC/build/stm32f4xx_rcc.o
                0x08001520                RCC_GetClocksFreq
 .text.RCC_AHB1PeriphClockCmd
                0x080015d8       0x1c GCC/build/stm32f4xx_rcc.o
                0x080015d8                RCC_AHB1PeriphClockCmd
 .text.RCC_APB1PeriphClockCmd
                0x080015f4       0x1c GCC/build/stm32f4xx_rcc.o
                0x080015f4                RCC_APB1PeriphClockCmd
 .text.RCC_APB2PeriphClockCmd
                0x08001610       0x1c GCC/build/stm32f4xx_rcc.o
                0x08001610                RCC_APB2PeriphClockCmd
 .text.GPIO_Init
                0x0800162c       0xa4 GCC/build/stm32f4xx_gpio.o
                0x0800162c                GPIO_Init
 .text.GPIO_PinAFConfig
                0x080016d0       0x32 GCC/build/stm32f4xx_gpio.o
                0x080016d0                GPIO_PinAFConfig
 *fill*         0x08001702        0x2 
 .text.EXTI_Init
                0x08001704       0x90 GCC/build/stm32f4xx_exti.o
                0x08001704                EXTI_Init
 .text.EXTI_GetITStatus
                0x08001794       0x14 GCC/build/stm32f4xx_exti.o
                0x08001794                EXTI_GetITStatus
 .text.EXTI_ClearITPendingBit
                0x080017a8        0xc GCC/build/stm32f4xx_exti.o
                0x080017a8                EXTI_ClearITPendingBit
 .text.USART_Init
                0x080017b4       0xcc GCC/build/stm32f4xx_usart.o
                0x080017b4                USART_Init
 .text.USART_Cmd
                0x08001880       0x1c GCC/build/stm32f4xx_usart.o
                0x08001880                USART_Cmd
 .text.USART_ReceiveData
                0x0800189c        0x8 GCC/build/stm32f4xx_usart.o
                0x0800189c                USART_ReceiveData
 .text.USART_ITConfig
                0x080018a4       0x36 GCC/build/stm32f4xx_usart.o
                0x080018a4                USART_ITConfig
 .text.USART_GetITStatus
                0x080018da       0x4a GCC/build/stm32f4xx_usart.o
                0x080018da                USART_GetITStatus
 .text.USART_ClearITPendingBit
                0x08001924       0x10 GCC/build/stm32f4xx_usart.o
                0x08001924                USART_ClearITPendingBit
 .text.delay_init
                0x08001934       0x2c GCC/build/delay.o
                0x08001934                delay_init
 .text.delay_us
                0x08001960       0x40 GCC/build/delay.o
                0x08001960                delay_us
 .text.delay_xms
                0x080019a0       0x40 GCC/build/delay.o
                0x080019a0                delay_xms
 .text.delay_ms
                0x080019e0       0x38 GCC/build/delay.o
                0x080019e0                delay_ms
 .text.sys_gpio_set
                0x08001a18       0x8c GCC/build/sys.o
                0x08001a18                sys_gpio_set
 .text.sys_gpio_pin_set
                0x08001aa4       0x18 GCC/build/sys.o
                0x08001aa4                sys_gpio_pin_set
 .text.sys_gpio_pin_get
                0x08001abc        0xe GCC/build/sys.o
                0x08001abc                sys_gpio_pin_get
 *fill*         0x08001aca        0x2 
 .text._write   0x08001acc       0x34 GCC/build/usart.o
                0x08001acc                _write
 .text.USART1_Init
                0x08001b00       0x94 GCC/build/usart.o
                0x08001b00                USART1_Init
 .text.USART2_Init
                0x08001b94       0x98 GCC/build/usart.o
                0x08001b94                USART2_Init
 .text.USART1_IRQHandler
                0x08001c2c       0x70 GCC/build/usart.o
                0x08001c2c                USART1_IRQHandler
 .text.USART2_IRQHandler
                0x08001c9c       0x70 GCC/build/usart.o
                0x08001c9c                USART2_IRQHandler
 .text.LCD_DrawPoint
                0x08001d0c       0x1c GCC/build/lcd.o
                0x08001d0c                LCD_DrawPoint
 .text.LCD_Display_Dir
                0x08001d28       0x28 GCC/build/lcd.o
                0x08001d28                LCD_Display_Dir
 .text.LCD_Clear
                0x08001d50       0x14 GCC/build/lcd.o
                0x08001d50                LCD_Clear
 .text.LCD_Init
                0x08001d64       0x7c GCC/build/lcd.o
                0x08001d64                LCD_Init
 .text.LCD_DrawLine
                0x08001de0       0x9e GCC/build/lcd.o
                0x08001de0                LCD_DrawLine
 .text.LCD_DrawRectangle
                0x08001e7e       0x3e GCC/build/lcd.o
                0x08001e7e                LCD_DrawRectangle
 .text.LCD_ShowChar
                0x08001ebc      0x170 GCC/build/lcd.o
                0x08001ebc                LCD_ShowChar
 .text.Printf   0x0800202c       0x6e GCC/build/lcd.o
                0x0800202c                Printf
 *fill*         0x0800209a        0x2 
 .text.LTDC_Switch
                0x0800209c       0x24 GCC/build/ltdc.o
                0x0800209c                LTDC_Switch
 .text.LTDC_Layer_Switch
                0x080020c0       0x54 GCC/build/ltdc.o
                0x080020c0                LTDC_Layer_Switch
 .text.LTDC_Select_Layer
                0x08002114        0xc GCC/build/ltdc.o
                0x08002114                LTDC_Select_Layer
 .text.LTDC_Display_Dir
                0x08002120       0x28 GCC/build/ltdc.o
                0x08002120                LTDC_Display_Dir
 .text.LTDC_Draw_Point
                0x08002148       0x4c GCC/build/ltdc.o
                0x08002148                LTDC_Draw_Point
 .text.LTDC_Fill
                0x08002194       0xb8 GCC/build/ltdc.o
                0x08002194                LTDC_Fill
 .text.LTDC_Clear
                0x0800224c       0x28 GCC/build/ltdc.o
                0x0800224c                LTDC_Clear
 .text.LTDC_Clk_Set
                0x08002274       0x90 GCC/build/ltdc.o
                0x08002274                LTDC_Clk_Set
 .text.LTDC_Layer_Window_Config
                0x08002304      0x104 GCC/build/ltdc.o
                0x08002304                LTDC_Layer_Window_Config
 .text.LTDC_Layer_Parameter_Config
                0x08002408       0x54 GCC/build/ltdc.o
                0x08002408                LTDC_Layer_Parameter_Config
 .text.LTDC_PanelID_Read
                0x0800245c       0x98 GCC/build/ltdc.o
                0x0800245c                LTDC_PanelID_Read
 .text.__LTDC_Init
                0x080024f4      0x278 GCC/build/ltdc.o
                0x080024f4                __LTDC_Init
 .text.SDRAM_Send_Cmd
                0x0800276c       0x38 GCC/build/sdram.o
                0x0800276c                SDRAM_Send_Cmd
 .text.SDRAM_Init
                0x080027a4      0x27c GCC/build/sdram.o
                0x080027a4                SDRAM_Init
 .text.gt9xxx_wr_reg
                0x08002a20       0x50 GCC/build/gt9xxx.o
                0x08002a20                gt9xxx_wr_reg
 .text.gt9xxx_rd_reg
                0x08002a70       0x58 GCC/build/gt9xxx.o
                0x08002a70                gt9xxx_rd_reg
 .text.gt9xxx_scan
                0x08002ac8      0x2a4 GCC/build/gt9xxx.o
                0x08002ac8                gt9xxx_scan
 .text.gt9xxx_init
                0x08002d6c      0x154 GCC/build/gt9xxx.o
                0x08002d6c                gt9xxx_init
 .text.ct_iic_delay
                0x08002ec0        0xa GCC/build/ctiic.o
 *fill*         0x08002eca        0x2 
 .text.ct_iic_start
                0x08002ecc       0x44 GCC/build/ctiic.o
                0x08002ecc                ct_iic_start
 .text.ct_iic_stop
                0x08002f10       0x38 GCC/build/ctiic.o
                0x08002f10                ct_iic_stop
 .text.ct_iic_init
                0x08002f48       0x4c GCC/build/ctiic.o
                0x08002f48                ct_iic_init
 .text.ct_iic_wait_ack
                0x08002f94       0x5c GCC/build/ctiic.o
                0x08002f94                ct_iic_wait_ack
 .text.ct_iic_ack
                0x08002ff0       0x48 GCC/build/ctiic.o
                0x08002ff0                ct_iic_ack
 .text.ct_iic_nack
                0x08003038       0x38 GCC/build/ctiic.o
                0x08003038                ct_iic_nack
 .text.ct_iic_send_byte
                0x08003070       0x50 GCC/build/ctiic.o
                0x08003070                ct_iic_send_byte
 .text.ct_iic_read_byte
                0x080030c0       0x5c GCC/build/ctiic.o
                0x080030c0                ct_iic_read_byte
 .text.tp_write_byte
                0x0800311c       0x58 GCC/build/touch.o
 .text.tp_read_ad
                0x08003174       0xbc GCC/build/touch.o
 .text.tp_read_xoy
                0x08003230       0x98 GCC/build/touch.o
 .text.tp_init  0x080032c8       0x3c GCC/build/touch.o
                0x080032c8                tp_init
 .text.tp_read_xy
                0x08003304       0x40 GCC/build/touch.o
                0x08003304                tp_read_xy
 .text.tp_read_xy2
                0x08003344       0x84 GCC/build/touch.o
 .text.tp_scan  0x080033c8       0xf0 GCC/build/touch.o
                0x080033c8                tp_scan
 .text.GPIO_Set
                0x080034b8       0x8e GCC/build/bank.o
                0x080034b8                GPIO_Set
 .text.GPIO_AF_Set
                0x08003546       0x32 GCC/build/bank.o
                0x08003546                GPIO_AF_Set
 .text.BSP_Init
                0x08003578       0x2a GCC/build/BSP.o
                0x08003578                BSP_Init
 .text.EXTI_Configuration
                0x080035a2       0x50 GCC/build/exit.o
                0x080035a2                EXTI_Configuration
 *fill*         0x080035f2        0x2 
 .text.EXTI9_5_IRQHandler
                0x080035f4       0x64 GCC/build/exit.o
                0x080035f4                EXTI9_5_IRQHandler
 .text.Button_check
                0x08003658      0x100 GCC/build/GUILib.o
                0x08003658                Button_check
 .text.Reset_Handler
                0x08003758       0x44 GCC/build/startup_stm32f429_439xx.o
                0x08003758                Reset_Handler
 .text.Default_Handler
                0x0800379c        0x2 GCC/build/startup_stm32f429_439xx.o
                0x0800379c                RTC_Alarm_IRQHandler
                0x0800379c                HASH_RNG_IRQHandler
                0x0800379c                EXTI2_IRQHandler
                0x0800379c                TIM8_CC_IRQHandler
                0x0800379c                DebugMon_Handler
                0x0800379c                UART8_IRQHandler
                0x0800379c                SPI4_IRQHandler
                0x0800379c                TIM1_CC_IRQHandler
                0x0800379c                DMA2_Stream5_IRQHandler
                0x0800379c                HardFault_Handler
                0x0800379c                DMA1_Stream5_IRQHandler
                0x0800379c                SysTick_Handler
                0x0800379c                PVD_IRQHandler
                0x0800379c                SDIO_IRQHandler
                0x0800379c                TAMP_STAMP_IRQHandler
                0x0800379c                PendSV_Handler
                0x0800379c                NMI_Handler
                0x0800379c                CAN2_RX1_IRQHandler
                0x0800379c                EXTI3_IRQHandler
                0x0800379c                TIM8_TRG_COM_TIM14_IRQHandler
                0x0800379c                TIM1_UP_TIM10_IRQHandler
                0x0800379c                TIM8_UP_TIM13_IRQHandler
                0x0800379c                I2C3_ER_IRQHandler
                0x0800379c                EXTI0_IRQHandler
                0x0800379c                I2C2_EV_IRQHandler
                0x0800379c                DMA1_Stream2_IRQHandler
                0x0800379c                CAN1_RX0_IRQHandler
                0x0800379c                FPU_IRQHandler
                0x0800379c                OTG_HS_WKUP_IRQHandler
                0x0800379c                UsageFault_Handler
                0x0800379c                LTDC_ER_IRQHandler
                0x0800379c                CAN2_SCE_IRQHandler
                0x0800379c                DMA2_Stream2_IRQHandler
                0x0800379c                SPI1_IRQHandler
                0x0800379c                TIM6_DAC_IRQHandler
                0x0800379c                TIM1_BRK_TIM9_IRQHandler
                0x0800379c                DCMI_IRQHandler
                0x0800379c                CAN2_RX0_IRQHandler
                0x0800379c                DMA2_Stream3_IRQHandler
                0x0800379c                USART6_IRQHandler
                0x0800379c                USART3_IRQHandler
                0x0800379c                CRYP_IRQHandler
                0x0800379c                CAN1_RX1_IRQHandler
                0x0800379c                UART5_IRQHandler
                0x0800379c                DMA2_Stream0_IRQHandler
                0x0800379c                TIM4_IRQHandler
                0x0800379c                I2C1_EV_IRQHandler
                0x0800379c                DMA1_Stream6_IRQHandler
                0x0800379c                DMA1_Stream1_IRQHandler
                0x0800379c                UART4_IRQHandler
                0x0800379c                TIM3_IRQHandler
                0x0800379c                RCC_IRQHandler
                0x0800379c                TIM8_BRK_TIM12_IRQHandler
                0x0800379c                Default_Handler
                0x0800379c                EXTI15_10_IRQHandler
                0x0800379c                ADC_IRQHandler
                0x0800379c                DMA1_Stream7_IRQHandler
                0x0800379c                SPI5_IRQHandler
                0x0800379c                TIM7_IRQHandler
                0x0800379c                CAN2_TX_IRQHandler
                0x0800379c                TIM5_IRQHandler
                0x0800379c                DMA2_Stream7_IRQHandler
                0x0800379c                I2C3_EV_IRQHandler
                0x0800379c                RTC_WKUP_IRQHandler
                0x0800379c                LTDC_IRQHandler
                0x0800379c                ETH_WKUP_IRQHandler
                0x0800379c                SPI2_IRQHandler
                0x0800379c                OTG_HS_EP1_IN_IRQHandler
                0x0800379c                MemManage_Handler
                0x0800379c                DMA1_Stream0_IRQHandler
                0x0800379c                CAN1_TX_IRQHandler
                0x0800379c                SVC_Handler
                0x0800379c                EXTI4_IRQHandler
                0x0800379c                FSMC_IRQHandler
                0x0800379c                ETH_IRQHandler
                0x0800379c                OTG_HS_EP1_OUT_IRQHandler
                0x0800379c                WWDG_IRQHandler
                0x0800379c                SPI6_IRQHandler
                0x0800379c                TIM2_IRQHandler
                0x0800379c                OTG_FS_WKUP_IRQHandler
                0x0800379c                TIM1_TRG_COM_TIM11_IRQHandler
                0x0800379c                OTG_HS_IRQHandler
                0x0800379c                DMA2D_IRQHandler
                0x0800379c                EXTI1_IRQHandler
                0x0800379c                UART7_IRQHandler
                0x0800379c                I2C2_ER_IRQHandler
                0x0800379c                DMA2_Stream1_IRQHandler
                0x0800379c                CAN1_SCE_IRQHandler
                0x0800379c                FLASH_IRQHandler
                0x0800379c                DMA2_Stream4_IRQHandler
                0x0800379c                BusFault_Handler
                0x0800379c                OTG_FS_IRQHandler
                0x0800379c                SPI3_IRQHandler
                0x0800379c                DMA1_Stream4_IRQHandler
                0x0800379c                I2C1_ER_IRQHandler
                0x0800379c                DMA2_Stream6_IRQHandler
                0x0800379c                SAI1_IRQHandler
                0x0800379c                DMA1_Stream3_IRQHandler
 *fill*         0x0800379e        0x2 
 .text.stdio_exit_handler
                0x080037a0       0x18 C:/Program Files (x86)/Arm GNU Toolchain arm-none-eabi/13.3 rel1/bin/../lib/gcc/arm-none-eabi/13.3.1/thumb/v7e-m+fp/hard\libc.a(libc_a-findfp.o)
 .text.cleanup_stdio
                0x080037b8       0x40 C:/Program Files (x86)/Arm GNU Toolchain arm-none-eabi/13.3 rel1/bin/../lib/gcc/arm-none-eabi/13.3.1/thumb/v7e-m+fp/hard\libc.a(libc_a-findfp.o)
 .text.global_stdio_init.part.0
                0x080037f8       0xf0 C:/Program Files (x86)/Arm GNU Toolchain arm-none-eabi/13.3 rel1/bin/../lib/gcc/arm-none-eabi/13.3.1/thumb/v7e-m+fp/hard\libc.a(libc_a-findfp.o)
 .text.__sinit  0x080038e8       0x3c C:/Program Files (x86)/Arm GNU Toolchain arm-none-eabi/13.3 rel1/bin/../lib/gcc/arm-none-eabi/13.3.1/thumb/v7e-m+fp/hard\libc.a(libc_a-findfp.o)
                0x080038e8                __sinit
 .text.__sfp_lock_acquire
                0x08003924        0xc C:/Program Files (x86)/Arm GNU Toolchain arm-none-eabi/13.3 rel1/bin/../lib/gcc/arm-none-eabi/13.3.1/thumb/v7e-m+fp/hard\libc.a(libc_a-findfp.o)
                0x08003924                __sfp_lock_acquire
 .text.__sfp_lock_release
                0x08003930        0xc C:/Program Files (x86)/Arm GNU Toolchain arm-none-eabi/13.3 rel1/bin/../lib/gcc/arm-none-eabi/13.3.1/thumb/v7e-m+fp/hard\libc.a(libc_a-findfp.o)
                0x08003930                __sfp_lock_release
 .text._fwalk_sglue
                0x0800393c       0x44 C:/Program Files (x86)/Arm GNU Toolchain arm-none-eabi/13.3 rel1/bin/../lib/gcc/arm-none-eabi/13.3.1/thumb/v7e-m+fp/hard\libc.a(libc_a-fwalk.o)
                0x0800393c                _fwalk_sglue
 .text.printf   0x08003980       0x28 C:/Program Files (x86)/Arm GNU Toolchain arm-none-eabi/13.3 rel1/bin/../lib/gcc/arm-none-eabi/13.3.1/thumb/v7e-m+fp/hard\libc.a(libc_a-printf.o)
                0x08003980                printf
 .text.__sread  0x080039a8       0x24 C:/Program Files (x86)/Arm GNU Toolchain arm-none-eabi/13.3 rel1/bin/../lib/gcc/arm-none-eabi/13.3.1/thumb/v7e-m+fp/hard\libc.a(libc_a-stdio.o)
                0x080039a8                __sread
 .text.__swrite
                0x080039cc       0x40 C:/Program Files (x86)/Arm GNU Toolchain arm-none-eabi/13.3 rel1/bin/../lib/gcc/arm-none-eabi/13.3.1/thumb/v7e-m+fp/hard\libc.a(libc_a-stdio.o)
                0x080039cc                __swrite
 .text.__sseek  0x08003a0c       0x24 C:/Program Files (x86)/Arm GNU Toolchain arm-none-eabi/13.3 rel1/bin/../lib/gcc/arm-none-eabi/13.3.1/thumb/v7e-m+fp/hard\libc.a(libc_a-stdio.o)
                0x08003a0c                __sseek
 .text.__sclose
                0x08003a30        0x8 C:/Program Files (x86)/Arm GNU Toolchain arm-none-eabi/13.3 rel1/bin/../lib/gcc/arm-none-eabi/13.3.1/thumb/v7e-m+fp/hard\libc.a(libc_a-stdio.o)
                0x08003a30                __sclose
 .text.vsprintf
                0x08003a38       0x38 C:/Program Files (x86)/Arm GNU Toolchain arm-none-eabi/13.3 rel1/bin/../lib/gcc/arm-none-eabi/13.3.1/thumb/v7e-m+fp/hard\libc.a(libc_a-vsprintf.o)
                0x08003a38                vsprintf
 .text.memset   0x08003a70       0xa4 C:/Program Files (x86)/Arm GNU Toolchain arm-none-eabi/13.3 rel1/bin/../lib/gcc/arm-none-eabi/13.3.1/thumb/v7e-m+fp/hard\libc.a(libc_a-memset.o)
                0x08003a70                memset
 .text._close_r
                0x08003b14       0x24 C:/Program Files (x86)/Arm GNU Toolchain arm-none-eabi/13.3 rel1/bin/../lib/gcc/arm-none-eabi/13.3.1/thumb/v7e-m+fp/hard\libc.a(libc_a-closer.o)
                0x08003b14                _close_r
 .text._lseek_r
                0x08003b38       0x2c C:/Program Files (x86)/Arm GNU Toolchain arm-none-eabi/13.3 rel1/bin/../lib/gcc/arm-none-eabi/13.3.1/thumb/v7e-m+fp/hard\libc.a(libc_a-lseekr.o)
                0x08003b38                _lseek_r
 .text._read_r  0x08003b64       0x2c C:/Program Files (x86)/Arm GNU Toolchain arm-none-eabi/13.3 rel1/bin/../lib/gcc/arm-none-eabi/13.3.1/thumb/v7e-m+fp/hard\libc.a(libc_a-readr.o)
                0x08003b64                _read_r
 .text._write_r
                0x08003b90       0x2c C:/Program Files (x86)/Arm GNU Toolchain arm-none-eabi/13.3 rel1/bin/../lib/gcc/arm-none-eabi/13.3.1/thumb/v7e-m+fp/hard\libc.a(libc_a-writer.o)
                0x08003b90                _write_r
 .text.__retarget_lock_init_recursive
                0x08003bbc        0x4 C:/Program Files (x86)/Arm GNU Toolchain arm-none-eabi/13.3 rel1/bin/../lib/gcc/arm-none-eabi/13.3.1/thumb/v7e-m+fp/hard\libc.a(libc_a-lock.o)
                0x08003bbc                __retarget_lock_init_recursive
 .text.__retarget_lock_close_recursive
                0x08003bc0        0x4 C:/Program Files (x86)/Arm GNU Toolchain arm-none-eabi/13.3 rel1/bin/../lib/gcc/arm-none-eabi/13.3.1/thumb/v7e-m+fp/hard\libc.a(libc_a-lock.o)
                0x08003bc0                __retarget_lock_close_recursive
 .text.__retarget_lock_acquire_recursive
                0x08003bc4        0x4 C:/Program Files (x86)/Arm GNU Toolchain arm-none-eabi/13.3 rel1/bin/../lib/gcc/arm-none-eabi/13.3.1/thumb/v7e-m+fp/hard\libc.a(libc_a-lock.o)
                0x08003bc4                __retarget_lock_acquire_recursive
 .text.__retarget_lock_release_recursive
                0x08003bc8        0x4 C:/Program Files (x86)/Arm GNU Toolchain arm-none-eabi/13.3 rel1/bin/../lib/gcc/arm-none-eabi/13.3.1/thumb/v7e-m+fp/hard\libc.a(libc_a-lock.o)
                0x08003bc8                __retarget_lock_release_recursive
 .text.startup.register_fini
                0x08003bcc       0x14 C:/Program Files (x86)/Arm GNU Toolchain arm-none-eabi/13.3 rel1/bin/../lib/gcc/arm-none-eabi/13.3.1/thumb/v7e-m+fp/hard\libc.a(libc_a-__call_atexit.o)
 .text.atexit   0x08003be0        0xc C:/Program Files (x86)/Arm GNU Toolchain arm-none-eabi/13.3 rel1/bin/../lib/gcc/arm-none-eabi/13.3.1/thumb/v7e-m+fp/hard\libc.a(libc_a-atexit.o)
                0x08003be0                atexit
 .text._malloc_trim_r
                0x08003bec       0xb8 C:/Program Files (x86)/Arm GNU Toolchain arm-none-eabi/13.3 rel1/bin/../lib/gcc/arm-none-eabi/13.3.1/thumb/v7e-m+fp/hard\libc.a(libc_a-freer.o)
                0x08003bec                _malloc_trim_r
 .text._free_r  0x08003ca4      0x1f8 C:/Program Files (x86)/Arm GNU Toolchain arm-none-eabi/13.3 rel1/bin/../lib/gcc/arm-none-eabi/13.3.1/thumb/v7e-m+fp/hard\libc.a(libc_a-freer.o)
                0x08003ca4                _free_r
 .text._malloc_r
                0x08003e9c      0x564 C:/Program Files (x86)/Arm GNU Toolchain arm-none-eabi/13.3 rel1/bin/../lib/gcc/arm-none-eabi/13.3.1/thumb/v7e-m+fp/hard\libc.a(libc_a-mallocr.o)
                0x08003e9c                _malloc_r
 .text.__malloc_lock
                0x08004400        0xc C:/Program Files (x86)/Arm GNU Toolchain arm-none-eabi/13.3 rel1/bin/../lib/gcc/arm-none-eabi/13.3.1/thumb/v7e-m+fp/hard\libc.a(libc_a-mlock.o)
                0x08004400                __malloc_lock
 .text.__malloc_unlock
                0x0800440c        0xc C:/Program Files (x86)/Arm GNU Toolchain arm-none-eabi/13.3 rel1/bin/../lib/gcc/arm-none-eabi/13.3.1/thumb/v7e-m+fp/hard\libc.a(libc_a-mlock.o)
                0x0800440c                __malloc_unlock
 .text._svfprintf_r
                0x08004418     0x1b3c C:/Program Files (x86)/Arm GNU Toolchain arm-none-eabi/13.3 rel1/bin/../lib/gcc/arm-none-eabi/13.3.1/thumb/v7e-m+fp/hard\libc.a(libc_a-svfprintf.o)
                0x08004418                _svfprintf_r
 *fill*         0x08005f54        0x4 
 .text._vfprintf_r
                0x08005f58     0x1c24 C:/Program Files (x86)/Arm GNU Toolchain arm-none-eabi/13.3 rel1/bin/../lib/gcc/arm-none-eabi/13.3.1/thumb/v7e-m+fp/hard\libc.a(libc_a-vfprintf.o)
                0x08005f58                _vfprintf_r
 .text.__sbprintf
                0x08007b7c       0x80 C:/Program Files (x86)/Arm GNU Toolchain arm-none-eabi/13.3 rel1/bin/../lib/gcc/arm-none-eabi/13.3.1/thumb/v7e-m+fp/hard\libc.a(libc_a-vfprintf.o)
 .text.__sprint_r
                0x08007bfc       0x20 C:/Program Files (x86)/Arm GNU Toolchain arm-none-eabi/13.3 rel1/bin/../lib/gcc/arm-none-eabi/13.3.1/thumb/v7e-m+fp/hard\libc.a(libc_a-sprint_r.o)
                0x08007bfc                __sprint_r
 .text.__ssprint_r
                0x08007c1c       0x58 C:/Program Files (x86)/Arm GNU Toolchain arm-none-eabi/13.3 rel1/bin/../lib/gcc/arm-none-eabi/13.3.1/thumb/v7e-m+fp/hard\libc.a(libc_a-ssprint_r.o)
                0x08007c1c                __ssprint_r
 .text._fclose_r
                0x08007c74       0xc0 C:/Program Files (x86)/Arm GNU Toolchain arm-none-eabi/13.3 rel1/bin/../lib/gcc/arm-none-eabi/13.3.1/thumb/v7e-m+fp/hard\libc.a(libc_a-fclose.o)
                0x08007c74                _fclose_r
 .text.__sflush_r
                0x08007d34      0x138 C:/Program Files (x86)/Arm GNU Toolchain arm-none-eabi/13.3 rel1/bin/../lib/gcc/arm-none-eabi/13.3.1/thumb/v7e-m+fp/hard\libc.a(libc_a-fflush.o)
                0x08007d34                __sflush_r
 .text._fflush_r
                0x08007e6c       0x54 C:/Program Files (x86)/Arm GNU Toolchain arm-none-eabi/13.3 rel1/bin/../lib/gcc/arm-none-eabi/13.3.1/thumb/v7e-m+fp/hard\libc.a(libc_a-fflush.o)
                0x08007e6c                _fflush_r
 .text.__sfvwrite_r
                0x08007ec0      0x300 C:/Program Files (x86)/Arm GNU Toolchain arm-none-eabi/13.3 rel1/bin/../lib/gcc/arm-none-eabi/13.3.1/thumb/v7e-m+fp/hard\libc.a(libc_a-fvwrite.o)
                0x08007ec0                __sfvwrite_r
 .text.__swsetup_r
                0x080081c0       0xc4 C:/Program Files (x86)/Arm GNU Toolchain arm-none-eabi/13.3 rel1/bin/../lib/gcc/arm-none-eabi/13.3.1/thumb/v7e-m+fp/hard\libc.a(libc_a-wsetup.o)
                0x080081c0                __swsetup_r
 .text.memmove  0x08008284      0x100 C:/Program Files (x86)/Arm GNU Toolchain arm-none-eabi/13.3 rel1/bin/../lib/gcc/arm-none-eabi/13.3.1/thumb/v7e-m+fp/hard\libc.a(libc_a-memmove.o)
                0x08008284                memmove
 .text.strncpy  0x08008384       0x68 C:/Program Files (x86)/Arm GNU Toolchain arm-none-eabi/13.3 rel1/bin/../lib/gcc/arm-none-eabi/13.3.1/thumb/v7e-m+fp/hard\libc.a(libc_a-strncpy.o)
                0x08008384                strncpy
 .text.__locale_mb_cur_max
                0x080083ec        0xc C:/Program Files (x86)/Arm GNU Toolchain arm-none-eabi/13.3 rel1/bin/../lib/gcc/arm-none-eabi/13.3.1/thumb/v7e-m+fp/hard\libc.a(libc_a-locale.o)
                0x080083ec                __locale_mb_cur_max
 .text._localeconv_r
                0x080083f8        0x8 C:/Program Files (x86)/Arm GNU Toolchain arm-none-eabi/13.3 rel1/bin/../lib/gcc/arm-none-eabi/13.3.1/thumb/v7e-m+fp/hard\libc.a(libc_a-localeconv.o)
                0x080083f8                _localeconv_r
 .text._sbrk_r  0x08008400       0x24 C:/Program Files (x86)/Arm GNU Toolchain arm-none-eabi/13.3 rel1/bin/../lib/gcc/arm-none-eabi/13.3.1/thumb/v7e-m+fp/hard\libc.a(libc_a-sbrkr.o)
                0x08008400                _sbrk_r
 .text.__libc_fini_array
                0x08008424       0x28 C:/Program Files (x86)/Arm GNU Toolchain arm-none-eabi/13.3 rel1/bin/../lib/gcc/arm-none-eabi/13.3.1/thumb/v7e-m+fp/hard\libc.a(libc_a-fini.o)
                0x08008424                __libc_fini_array
 .text.sysconf  0x0800844c       0x1c C:/Program Files (x86)/Arm GNU Toolchain arm-none-eabi/13.3 rel1/bin/../lib/gcc/arm-none-eabi/13.3.1/thumb/v7e-m+fp/hard\libc.a(libc_a-sysconf.o)
                0x0800844c                sysconf
 .text.frexp    0x08008468       0x64 C:/Program Files (x86)/Arm GNU Toolchain arm-none-eabi/13.3 rel1/bin/../lib/gcc/arm-none-eabi/13.3.1/thumb/v7e-m+fp/hard\libc.a(libm_a-s_frexp.o)
                0x08008468                frexp
 .text.__register_exitproc
                0x080084cc       0x80 C:/Program Files (x86)/Arm GNU Toolchain arm-none-eabi/13.3 rel1/bin/../lib/gcc/arm-none-eabi/13.3.1/thumb/v7e-m+fp/hard\libc.a(libc_a-__atexit.o)
                0x080084cc                __register_exitproc
 .text.quorem   0x0800854c      0x12c C:/Program Files (x86)/Arm GNU Toolchain arm-none-eabi/13.3 rel1/bin/../lib/gcc/arm-none-eabi/13.3.1/thumb/v7e-m+fp/hard\libc.a(libc_a-dtoa.o)
 .text._dtoa_r  0x08008678      0xe80 C:/Program Files (x86)/Arm GNU Toolchain arm-none-eabi/13.3 rel1/bin/../lib/gcc/arm-none-eabi/13.3.1/thumb/v7e-m+fp/hard\libc.a(libc_a-dtoa.o)
                0x08008678                _dtoa_r
 .text.__ascii_mbtowc
                0x080094f8       0x2c C:/Program Files (x86)/Arm GNU Toolchain arm-none-eabi/13.3 rel1/bin/../lib/gcc/arm-none-eabi/13.3.1/thumb/v7e-m+fp/hard\libc.a(libc_a-mbtowc_r.o)
                0x080094f8                __ascii_mbtowc
 .text._Balloc  0x08009524       0x4c C:/Program Files (x86)/Arm GNU Toolchain arm-none-eabi/13.3 rel1/bin/../lib/gcc/arm-none-eabi/13.3.1/thumb/v7e-m+fp/hard\libc.a(libc_a-mprec.o)
                0x08009524                _Balloc
 .text._Bfree   0x08009570       0x14 C:/Program Files (x86)/Arm GNU Toolchain arm-none-eabi/13.3 rel1/bin/../lib/gcc/arm-none-eabi/13.3.1/thumb/v7e-m+fp/hard\libc.a(libc_a-mprec.o)
                0x08009570                _Bfree
 .text.__multadd
                0x08009584       0xa0 C:/Program Files (x86)/Arm GNU Toolchain arm-none-eabi/13.3 rel1/bin/../lib/gcc/arm-none-eabi/13.3.1/thumb/v7e-m+fp/hard\libc.a(libc_a-mprec.o)
                0x08009584                __multadd
 .text.__hi0bits
                0x08009624       0x44 C:/Program Files (x86)/Arm GNU Toolchain arm-none-eabi/13.3 rel1/bin/../lib/gcc/arm-none-eabi/13.3.1/thumb/v7e-m+fp/hard\libc.a(libc_a-mprec.o)
                0x08009624                __hi0bits
 .text.__lo0bits
                0x08009668       0x60 C:/Program Files (x86)/Arm GNU Toolchain arm-none-eabi/13.3 rel1/bin/../lib/gcc/arm-none-eabi/13.3.1/thumb/v7e-m+fp/hard\libc.a(libc_a-mprec.o)
                0x08009668                __lo0bits
 .text.__i2b    0x080096c8       0x5c C:/Program Files (x86)/Arm GNU Toolchain arm-none-eabi/13.3 rel1/bin/../lib/gcc/arm-none-eabi/13.3.1/thumb/v7e-m+fp/hard\libc.a(libc_a-mprec.o)
                0x080096c8                __i2b
 .text.__multiply
                0x08009724      0x16c C:/Program Files (x86)/Arm GNU Toolchain arm-none-eabi/13.3 rel1/bin/../lib/gcc/arm-none-eabi/13.3.1/thumb/v7e-m+fp/hard\libc.a(libc_a-mprec.o)
                0x08009724                __multiply
 .text.__pow5mult
                0x08009890       0xb4 C:/Program Files (x86)/Arm GNU Toolchain arm-none-eabi/13.3 rel1/bin/../lib/gcc/arm-none-eabi/13.3.1/thumb/v7e-m+fp/hard\libc.a(libc_a-mprec.o)
                0x08009890                __pow5mult
 .text.__lshift
                0x08009944       0xf0 C:/Program Files (x86)/Arm GNU Toolchain arm-none-eabi/13.3 rel1/bin/../lib/gcc/arm-none-eabi/13.3.1/thumb/v7e-m+fp/hard\libc.a(libc_a-mprec.o)
                0x08009944                __lshift
 .text.__mcmp   0x08009a34       0x44 C:/Program Files (x86)/Arm GNU Toolchain arm-none-eabi/13.3 rel1/bin/../lib/gcc/arm-none-eabi/13.3.1/thumb/v7e-m+fp/hard\libc.a(libc_a-mprec.o)
                0x08009a34                __mcmp
 .text.__mdiff  0x08009a78      0x178 C:/Program Files (x86)/Arm GNU Toolchain arm-none-eabi/13.3 rel1/bin/../lib/gcc/arm-none-eabi/13.3.1/thumb/v7e-m+fp/hard\libc.a(libc_a-mprec.o)
                0x08009a78                __mdiff
 .text.__d2b    0x08009bf0       0xc0 C:/Program Files (x86)/Arm GNU Toolchain arm-none-eabi/13.3 rel1/bin/../lib/gcc/arm-none-eabi/13.3.1/thumb/v7e-m+fp/hard\libc.a(libc_a-mprec.o)
                0x08009bf0                __d2b
 .text._realloc_r
                0x08009cb0      0x344 C:/Program Files (x86)/Arm GNU Toolchain arm-none-eabi/13.3 rel1/bin/../lib/gcc/arm-none-eabi/13.3.1/thumb/v7e-m+fp/hard\libc.a(libc_a-reallocr.o)
                0x08009cb0                _realloc_r
 .text.__ascii_wctomb
                0x08009ff4       0x1c C:/Program Files (x86)/Arm GNU Toolchain arm-none-eabi/13.3 rel1/bin/../lib/gcc/arm-none-eabi/13.3.1/thumb/v7e-m+fp/hard\libc.a(libc_a-wctomb_r.o)
                0x08009ff4                __ascii_wctomb
 .text._wcrtomb_r
                0x0800a010       0x4c C:/Program Files (x86)/Arm GNU Toolchain arm-none-eabi/13.3 rel1/bin/../lib/gcc/arm-none-eabi/13.3.1/thumb/v7e-m+fp/hard\libc.a(libc_a-wcrtomb.o)
                0x0800a010                _wcrtomb_r
 .text._wcsrtombs_r
                0x0800a05c       0x18 C:/Program Files (x86)/Arm GNU Toolchain arm-none-eabi/13.3 rel1/bin/../lib/gcc/arm-none-eabi/13.3.1/thumb/v7e-m+fp/hard\libc.a(libc_a-wcsrtombs.o)
                0x0800a05c                _wcsrtombs_r
 .text.__ssputs_r
                0x0800a074       0xc0 C:/Program Files (x86)/Arm GNU Toolchain arm-none-eabi/13.3 rel1/bin/../lib/gcc/arm-none-eabi/13.3.1/thumb/v7e-m+fp/hard\libc.a(libc_a-ssputs_r.o)
                0x0800a074                __ssputs_r
 .text.__smakebuf_r
                0x0800a134       0xdc C:/Program Files (x86)/Arm GNU Toolchain arm-none-eabi/13.3 rel1/bin/../lib/gcc/arm-none-eabi/13.3.1/thumb/v7e-m+fp/hard\libc.a(libc_a-makebuf.o)
                0x0800a134                __smakebuf_r
 .text._fstat_r
                0x0800a210       0x2c C:/Program Files (x86)/Arm GNU Toolchain arm-none-eabi/13.3 rel1/bin/../lib/gcc/arm-none-eabi/13.3.1/thumb/v7e-m+fp/hard\libc.a(libc_a-fstatr.o)
                0x0800a210                _fstat_r
 .text._isatty_r
                0x0800a23c       0x24 C:/Program Files (x86)/Arm GNU Toolchain arm-none-eabi/13.3 rel1/bin/../lib/gcc/arm-none-eabi/13.3.1/thumb/v7e-m+fp/hard\libc.a(libc_a-isattyr.o)
                0x0800a23c                _isatty_r
 .text.__errno  0x0800a260        0xc C:/Program Files (x86)/Arm GNU Toolchain arm-none-eabi/13.3 rel1/bin/../lib/gcc/arm-none-eabi/13.3.1/thumb/v7e-m+fp/hard\libc.a(libc_a-errno.o)
                0x0800a260                __errno
 .text.__assert_func
                0x0800a26c       0x40 C:/Program Files (x86)/Arm GNU Toolchain arm-none-eabi/13.3 rel1/bin/../lib/gcc/arm-none-eabi/13.3.1/thumb/v7e-m+fp/hard\libc.a(libc_a-assert.o)
                0x0800a26c                __assert_func
 .text._calloc_r
                0x0800a2ac       0x6c C:/Program Files (x86)/Arm GNU Toolchain arm-none-eabi/13.3 rel1/bin/../lib/gcc/arm-none-eabi/13.3.1/thumb/v7e-m+fp/hard\libc.a(libc_a-callocr.o)
                0x0800a2ac                _calloc_r
 .text._wcsnrtombs_l
                0x0800a318       0xfc C:/Program Files (x86)/Arm GNU Toolchain arm-none-eabi/13.3 rel1/bin/../lib/gcc/arm-none-eabi/13.3.1/thumb/v7e-m+fp/hard\libc.a(libc_a-wcsnrtombs.o)
                0x0800a318                _wcsnrtombs_l
 .text._wcsnrtombs_r
                0x0800a414       0x24 C:/Program Files (x86)/Arm GNU Toolchain arm-none-eabi/13.3 rel1/bin/../lib/gcc/arm-none-eabi/13.3.1/thumb/v7e-m+fp/hard\libc.a(libc_a-wcsnrtombs.o)
                0x0800a414                _wcsnrtombs_r
 .text.fiprintf
                0x0800a438       0x28 C:/Program Files (x86)/Arm GNU Toolchain arm-none-eabi/13.3 rel1/bin/../lib/gcc/arm-none-eabi/13.3.1/thumb/v7e-m+fp/hard\libc.a(libc_a-fiprintf.o)
                0x0800a438                fiprintf
 .text._vfiprintf_r
                0x0800a460      0xe68 C:/Program Files (x86)/Arm GNU Toolchain arm-none-eabi/13.3 rel1/bin/../lib/gcc/arm-none-eabi/13.3.1/thumb/v7e-m+fp/hard\libc.a(libc_a-vfiprintf.o)
                0x0800a460                _vfiprintf_r
 .text.__sbprintf
                0x0800b2c8       0x80 C:/Program Files (x86)/Arm GNU Toolchain arm-none-eabi/13.3 rel1/bin/../lib/gcc/arm-none-eabi/13.3.1/thumb/v7e-m+fp/hard\libc.a(libc_a-vfiprintf.o)
 .text.abort    0x0800b348       0x10 C:/Program Files (x86)/Arm GNU Toolchain arm-none-eabi/13.3 rel1/bin/../lib/gcc/arm-none-eabi/13.3.1/thumb/v7e-m+fp/hard\libc.a(libc_a-abort.o)
                0x0800b348                abort
 .text.raise    0x0800b358       0x58 C:/Program Files (x86)/Arm GNU Toolchain arm-none-eabi/13.3 rel1/bin/../lib/gcc/arm-none-eabi/13.3.1/thumb/v7e-m+fp/hard\libc.a(libc_a-signal.o)
                0x0800b358                raise
 .text._kill_r  0x0800b3b0       0x2c C:/Program Files (x86)/Arm GNU Toolchain arm-none-eabi/13.3 rel1/bin/../lib/gcc/arm-none-eabi/13.3.1/thumb/v7e-m+fp/hard\libc.a(libc_a-signalr.o)
                0x0800b3b0                _kill_r
 .text._getpid_r
                0x0800b3dc        0x4 C:/Program Files (x86)/Arm GNU Toolchain arm-none-eabi/13.3 rel1/bin/../lib/gcc/arm-none-eabi/13.3.1/thumb/v7e-m+fp/hard\libc.a(libc_a-signalr.o)
                0x0800b3dc                _getpid_r
 .text.selfrel_offset31
                0x0800b3e0       0x14 C:/Program Files (x86)/Arm GNU Toolchain arm-none-eabi/13.3 rel1/bin/../lib/gcc/arm-none-eabi/13.3.1/thumb/v7e-m+fp/hard\libgcc.a(unwind-arm.o)
 .text.search_EIT_table
                0x0800b3f4       0x68 C:/Program Files (x86)/Arm GNU Toolchain arm-none-eabi/13.3 rel1/bin/../lib/gcc/arm-none-eabi/13.3.1/thumb/v7e-m+fp/hard\libgcc.a(unwind-arm.o)
 .text.__gnu_unwind_get_pr_addr
                0x0800b45c       0x28 C:/Program Files (x86)/Arm GNU Toolchain arm-none-eabi/13.3 rel1/bin/../lib/gcc/arm-none-eabi/13.3.1/thumb/v7e-m+fp/hard\libgcc.a(unwind-arm.o)
 .text.get_eit_entry
                0x0800b484       0x98 C:/Program Files (x86)/Arm GNU Toolchain arm-none-eabi/13.3 rel1/bin/../lib/gcc/arm-none-eabi/13.3.1/thumb/v7e-m+fp/hard\libgcc.a(unwind-arm.o)
 .text.restore_non_core_regs
                0x0800b51c       0x58 C:/Program Files (x86)/Arm GNU Toolchain arm-none-eabi/13.3 rel1/bin/../lib/gcc/arm-none-eabi/13.3.1/thumb/v7e-m+fp/hard\libgcc.a(unwind-arm.o)
 .text._Unwind_decode_typeinfo_ptr.constprop.0
                0x0800b574        0xc C:/Program Files (x86)/Arm GNU Toolchain arm-none-eabi/13.3 rel1/bin/../lib/gcc/arm-none-eabi/13.3.1/thumb/v7e-m+fp/hard\libgcc.a(unwind-arm.o)
 .text._Unwind_DebugHook
                0x0800b580        0x4 C:/Program Files (x86)/Arm GNU Toolchain arm-none-eabi/13.3 rel1/bin/../lib/gcc/arm-none-eabi/13.3.1/thumb/v7e-m+fp/hard\libgcc.a(unwind-arm.o)
 .text.unwind_phase2
                0x0800b584       0x3c C:/Program Files (x86)/Arm GNU Toolchain arm-none-eabi/13.3 rel1/bin/../lib/gcc/arm-none-eabi/13.3.1/thumb/v7e-m+fp/hard\libgcc.a(unwind-arm.o)
 .text.unwind_phase2_forced
                0x0800b5c0       0xd8 C:/Program Files (x86)/Arm GNU Toolchain arm-none-eabi/13.3 rel1/bin/../lib/gcc/arm-none-eabi/13.3.1/thumb/v7e-m+fp/hard\libgcc.a(unwind-arm.o)
 .text.__gnu_Unwind_RaiseException
                0x0800b698       0x68 C:/Program Files (x86)/Arm GNU Toolchain arm-none-eabi/13.3 rel1/bin/../lib/gcc/arm-none-eabi/13.3.1/thumb/v7e-m+fp/hard\libgcc.a(unwind-arm.o)
                0x0800b698                __gnu_Unwind_RaiseException
 .text.__gnu_Unwind_ForcedUnwind
                0x0800b700       0x10 C:/Program Files (x86)/Arm GNU Toolchain arm-none-eabi/13.3 rel1/bin/../lib/gcc/arm-none-eabi/13.3.1/thumb/v7e-m+fp/hard\libgcc.a(unwind-arm.o)
                0x0800b700                __gnu_Unwind_ForcedUnwind
 .text.__gnu_Unwind_Resume
                0x0800b710       0x44 C:/Program Files (x86)/Arm GNU Toolchain arm-none-eabi/13.3 rel1/bin/../lib/gcc/arm-none-eabi/13.3.1/thumb/v7e-m+fp/hard\libgcc.a(unwind-arm.o)
                0x0800b710                __gnu_Unwind_Resume
 .text.__gnu_Unwind_Resume_or_Rethrow
                0x0800b754       0x14 C:/Program Files (x86)/Arm GNU Toolchain arm-none-eabi/13.3 rel1/bin/../lib/gcc/arm-none-eabi/13.3.1/thumb/v7e-m+fp/hard\libgcc.a(unwind-arm.o)
                0x0800b754                __gnu_Unwind_Resume_or_Rethrow
 .text._Unwind_VRS_Get
                0x0800b768       0x34 C:/Program Files (x86)/Arm GNU Toolchain arm-none-eabi/13.3 rel1/bin/../lib/gcc/arm-none-eabi/13.3.1/thumb/v7e-m+fp/hard\libgcc.a(unwind-arm.o)
                0x0800b768                _Unwind_VRS_Get
 .text._Unwind_GetGR
                0x0800b79c       0x1c C:/Program Files (x86)/Arm GNU Toolchain arm-none-eabi/13.3 rel1/bin/../lib/gcc/arm-none-eabi/13.3.1/thumb/v7e-m+fp/hard\libgcc.a(unwind-arm.o)
 .text._Unwind_VRS_Set
                0x0800b7b8       0x34 C:/Program Files (x86)/Arm GNU Toolchain arm-none-eabi/13.3 rel1/bin/../lib/gcc/arm-none-eabi/13.3.1/thumb/v7e-m+fp/hard\libgcc.a(unwind-arm.o)
                0x0800b7b8                _Unwind_VRS_Set
 .text._Unwind_SetGR
                0x0800b7ec       0x18 C:/Program Files (x86)/Arm GNU Toolchain arm-none-eabi/13.3 rel1/bin/../lib/gcc/arm-none-eabi/13.3.1/thumb/v7e-m+fp/hard\libgcc.a(unwind-arm.o)
 .text.__gnu_Unwind_Backtrace
                0x0800b804       0x84 C:/Program Files (x86)/Arm GNU Toolchain arm-none-eabi/13.3 rel1/bin/../lib/gcc/arm-none-eabi/13.3.1/thumb/v7e-m+fp/hard\libgcc.a(unwind-arm.o)
                0x0800b804                __gnu_Unwind_Backtrace
 .text.__gnu_unwind_pr_common
                0x0800b888      0x2a4 C:/Program Files (x86)/Arm GNU Toolchain arm-none-eabi/13.3 rel1/bin/../lib/gcc/arm-none-eabi/13.3.1/thumb/v7e-m+fp/hard\libgcc.a(unwind-arm.o)
 .text.__aeabi_unwind_cpp_pr0
                0x0800bb2c        0x8 C:/Program Files (x86)/Arm GNU Toolchain arm-none-eabi/13.3 rel1/bin/../lib/gcc/arm-none-eabi/13.3.1/thumb/v7e-m+fp/hard\libgcc.a(unwind-arm.o)
                0x0800bb2c                __aeabi_unwind_cpp_pr0
 .text.__aeabi_unwind_cpp_pr1
                0x0800bb34        0x8 C:/Program Files (x86)/Arm GNU Toolchain arm-none-eabi/13.3 rel1/bin/../lib/gcc/arm-none-eabi/13.3.1/thumb/v7e-m+fp/hard\libgcc.a(unwind-arm.o)
                0x0800bb34                __aeabi_unwind_cpp_pr1
 .text.__aeabi_unwind_cpp_pr2
                0x0800bb3c        0x8 C:/Program Files (x86)/Arm GNU Toolchain arm-none-eabi/13.3 rel1/bin/../lib/gcc/arm-none-eabi/13.3.1/thumb/v7e-m+fp/hard\libgcc.a(unwind-arm.o)
                0x0800bb3c                __aeabi_unwind_cpp_pr2
 .text._Unwind_VRS_Pop
                0x0800bb44      0x2f0 C:/Program Files (x86)/Arm GNU Toolchain arm-none-eabi/13.3 rel1/bin/../lib/gcc/arm-none-eabi/13.3.1/thumb/v7e-m+fp/hard\libgcc.a(unwind-arm.o)
                0x0800bb44                _Unwind_VRS_Pop
 .text.next_unwind_byte
                0x0800be34       0x38 C:/Program Files (x86)/Arm GNU Toolchain arm-none-eabi/13.3 rel1/bin/../lib/gcc/arm-none-eabi/13.3.1/thumb/v7e-m+fp/hard\libgcc.a(pr-support.o)
 .text.__gnu_unwind_execute
                0x0800be6c      0x2fc C:/Program Files (x86)/Arm GNU Toolchain arm-none-eabi/13.3 rel1/bin/../lib/gcc/arm-none-eabi/13.3.1/thumb/v7e-m+fp/hard\libgcc.a(pr-support.o)
                0x0800be6c                __gnu_unwind_execute
 .text._close   0x0800c168       0x10 C:/Program Files (x86)/Arm GNU Toolchain arm-none-eabi/13.3 rel1/bin/../lib/gcc/arm-none-eabi/13.3.1/thumb/v7e-m+fp/hard\libnosys.a(close.o)
                0x0800c168                _close
 .text._fstat   0x0800c178       0x10 C:/Program Files (x86)/Arm GNU Toolchain arm-none-eabi/13.3 rel1/bin/../lib/gcc/arm-none-eabi/13.3.1/thumb/v7e-m+fp/hard\libnosys.a(fstat.o)
                0x0800c178                _fstat
 .text._getpid  0x0800c188       0x10 C:/Program Files (x86)/Arm GNU Toolchain arm-none-eabi/13.3 rel1/bin/../lib/gcc/arm-none-eabi/13.3.1/thumb/v7e-m+fp/hard\libnosys.a(getpid.o)
                0x0800c188                _getpid
 .text._isatty  0x0800c198       0x10 C:/Program Files (x86)/Arm GNU Toolchain arm-none-eabi/13.3 rel1/bin/../lib/gcc/arm-none-eabi/13.3.1/thumb/v7e-m+fp/hard\libnosys.a(isatty.o)
                0x0800c198                _isatty
 .text._kill    0x0800c1a8       0x10 C:/Program Files (x86)/Arm GNU Toolchain arm-none-eabi/13.3 rel1/bin/../lib/gcc/arm-none-eabi/13.3.1/thumb/v7e-m+fp/hard\libnosys.a(kill.o)
                0x0800c1a8                _kill
 .text._lseek   0x0800c1b8       0x10 C:/Program Files (x86)/Arm GNU Toolchain arm-none-eabi/13.3 rel1/bin/../lib/gcc/arm-none-eabi/13.3.1/thumb/v7e-m+fp/hard\libnosys.a(lseek.o)
                0x0800c1b8                _lseek
 .text._read    0x0800c1c8       0x10 C:/Program Files (x86)/Arm GNU Toolchain arm-none-eabi/13.3 rel1/bin/../lib/gcc/arm-none-eabi/13.3.1/thumb/v7e-m+fp/hard\libnosys.a(read.o)
                0x0800c1c8                _read
 .text._sbrk    0x0800c1d8       0x1c C:/Program Files (x86)/Arm GNU Toolchain arm-none-eabi/13.3 rel1/bin/../lib/gcc/arm-none-eabi/13.3.1/thumb/v7e-m+fp/hard\libnosys.a(sbrk.o)
                0x0800c1d8                _sbrk
 .text._exit    0x0800c1f4        0x4 C:/Program Files (x86)/Arm GNU Toolchain arm-none-eabi/13.3 rel1/bin/../lib/gcc/arm-none-eabi/13.3.1/thumb/v7e-m+fp/hard\libnosys.a(_exit.o)
                0x0800c1f4                _exit
 *(.glue_7)
 .glue_7        0x0800c1f8        0x0 linker stubs
 *(.glue_7t)
 .glue_7t       0x0800c1f8        0x0 linker stubs
 *(.eh_frame)
 .eh_frame      0x0800c1f8        0x0 C:/Program Files (x86)/Arm GNU Toolchain arm-none-eabi/13.3 rel1/bin/../lib/gcc/arm-none-eabi/13.3.1/thumb/v7e-m+fp/hard/crtbegin.o
 *(.init)
 .init          0x0800c1f8        0x4 C:/Program Files (x86)/Arm GNU Toolchain arm-none-eabi/13.3 rel1/bin/../lib/gcc/arm-none-eabi/13.3.1/thumb/v7e-m+fp/hard/crti.o
                0x0800c1f8                _init
 .init          0x0800c1fc        0x8 C:/Program Files (x86)/Arm GNU Toolchain arm-none-eabi/13.3 rel1/bin/../lib/gcc/arm-none-eabi/13.3.1/thumb/v7e-m+fp/hard/crtn.o
 *(.fini)
 .fini          0x0800c204        0x4 C:/Program Files (x86)/Arm GNU Toolchain arm-none-eabi/13.3 rel1/bin/../lib/gcc/arm-none-eabi/13.3.1/thumb/v7e-m+fp/hard/crti.o
                0x0800c204                _fini
 .fini          0x0800c208        0x8 C:/Program Files (x86)/Arm GNU Toolchain arm-none-eabi/13.3 rel1/bin/../lib/gcc/arm-none-eabi/13.3.1/thumb/v7e-m+fp/hard/crtn.o
                0x0800c210                        . = ALIGN (0x4)
                0x0800c210                        _etext = .

.vfp11_veneer   0x0800c210        0x0
 .vfp11_veneer  0x0800c210        0x0 linker stubs

.v4_bx          0x0800c210        0x0
 .v4_bx         0x0800c210        0x0 linker stubs

.iplt           0x0800c210        0x0
 .iplt          0x0800c210        0x0 C:/Program Files (x86)/Arm GNU Toolchain arm-none-eabi/13.3 rel1/bin/../lib/gcc/arm-none-eabi/13.3.1/thumb/v7e-m+fp/hard/crtbegin.o

.rodata         0x0800c210     0x4bb4
                0x0800c210                        . = ALIGN (0x4)
 *(.rodata)
 *(.rodata*)
 .rodata.button_response.str1.4
                0x0800c210      0x1eb GCC/build/main.o
                                  0xd (size before relaxing)
 *fill*         0x0800c3fb        0x1 
 .rodata.APBAHBPrescTable
                0x0800c3fc       0x10 GCC/build/stm32f4xx_rcc.o
 .rodata.USART2_IRQHandler.str1.4
                0x0800c40c        0x5 GCC/build/usart.o
 .rodata.asc2_3216
                0x0800c40c     0x2f80 GCC/build/lcd.o
                0x0800c40c                asc2_3216
 .rodata.asc2_2412
                0x0800f38c      0xd5c GCC/build/lcd.o
                0x0800f38c                asc2_2412
 .rodata.asc2_1608
                0x080100e8      0x5f0 GCC/build/lcd.o
                0x080100e8                asc2_1608
 .rodata.asc2_1206
                0x080106d8      0x474 GCC/build/lcd.o
                0x080106d8                asc2_1206
 .rodata.gt9xxx_init.str1.4
                0x08010b4c       0x28 GCC/build/gt9xxx.o
 .rodata.GT9XXX_TPX_TBL
                0x08010b4c       0x14 GCC/build/gt9xxx.o
                0x08010b4c                GT9XXX_TPX_TBL
 .rodata.EXTI9_5_IRQHandler.str1.4
                0x08010b60        0xc GCC/build/exit.o
 .rodata._svfprintf_r.str1.4
                0x08010b60       0x42 C:/Program Files (x86)/Arm GNU Toolchain arm-none-eabi/13.3 rel1/bin/../lib/gcc/arm-none-eabi/13.3.1/thumb/v7e-m+fp/hard\libc.a(libc_a-svfprintf.o)
 .rodata.zeroes.0
                0x08010b60       0x10 C:/Program Files (x86)/Arm GNU Toolchain arm-none-eabi/13.3 rel1/bin/../lib/gcc/arm-none-eabi/13.3.1/thumb/v7e-m+fp/hard\libc.a(libc_a-svfprintf.o)
 .rodata.blanks.1
                0x08010b70       0x10 C:/Program Files (x86)/Arm GNU Toolchain arm-none-eabi/13.3 rel1/bin/../lib/gcc/arm-none-eabi/13.3.1/thumb/v7e-m+fp/hard\libc.a(libc_a-svfprintf.o)
 .rodata._vfprintf_r.str1.4
                0x08010b80       0x42 C:/Program Files (x86)/Arm GNU Toolchain arm-none-eabi/13.3 rel1/bin/../lib/gcc/arm-none-eabi/13.3.1/thumb/v7e-m+fp/hard\libc.a(libc_a-vfprintf.o)
 .rodata.zeroes.0
                0x08010b80       0x10 C:/Program Files (x86)/Arm GNU Toolchain arm-none-eabi/13.3 rel1/bin/../lib/gcc/arm-none-eabi/13.3.1/thumb/v7e-m+fp/hard\libc.a(libc_a-vfprintf.o)
 .rodata.blanks.1
                0x08010b90       0x10 C:/Program Files (x86)/Arm GNU Toolchain arm-none-eabi/13.3 rel1/bin/../lib/gcc/arm-none-eabi/13.3.1/thumb/v7e-m+fp/hard\libc.a(libc_a-vfprintf.o)
 .rodata.str1.4
                0x08010ba0       0x4c C:/Program Files (x86)/Arm GNU Toolchain arm-none-eabi/13.3 rel1/bin/../lib/gcc/arm-none-eabi/13.3.1/thumb/v7e-m+fp/hard\libc.a(libc_a-locale.o)
 .rodata._dtoa_r.str1.4
                0x08010ba0       0x81 C:/Program Files (x86)/Arm GNU Toolchain arm-none-eabi/13.3 rel1/bin/../lib/gcc/arm-none-eabi/13.3.1/thumb/v7e-m+fp/hard\libc.a(libc_a-dtoa.o)
 .rodata.__multadd.str1.4
                0x08010ba0       0x6e C:/Program Files (x86)/Arm GNU Toolchain arm-none-eabi/13.3 rel1/bin/../lib/gcc/arm-none-eabi/13.3.1/thumb/v7e-m+fp/hard\libc.a(libc_a-mprec.o)
 .rodata.p05.0  0x08010ba0        0xc C:/Program Files (x86)/Arm GNU Toolchain arm-none-eabi/13.3 rel1/bin/../lib/gcc/arm-none-eabi/13.3.1/thumb/v7e-m+fp/hard\libc.a(libc_a-mprec.o)
 *fill*         0x08010bac        0x4 
 .rodata.__mprec_bigtens
                0x08010bb0       0x28 C:/Program Files (x86)/Arm GNU Toolchain arm-none-eabi/13.3 rel1/bin/../lib/gcc/arm-none-eabi/13.3.1/thumb/v7e-m+fp/hard\libc.a(libc_a-mprec.o)
                0x08010bb0                __mprec_bigtens
 .rodata.__mprec_tens
                0x08010bd8       0xc8 C:/Program Files (x86)/Arm GNU Toolchain arm-none-eabi/13.3 rel1/bin/../lib/gcc/arm-none-eabi/13.3.1/thumb/v7e-m+fp/hard\libc.a(libc_a-mprec.o)
                0x08010bd8                __mprec_tens
 .rodata._ctype_
                0x08010ca0      0x101 C:/Program Files (x86)/Arm GNU Toolchain arm-none-eabi/13.3 rel1/bin/../lib/gcc/arm-none-eabi/13.3.1/thumb/v7e-m+fp/hard\libc.a(libc_a-ctype_.o)
                0x08010ca0                _ctype_
 .rodata.__assert_func.str1.4
                0x08010da1       0x43 C:/Program Files (x86)/Arm GNU Toolchain arm-none-eabi/13.3 rel1/bin/../lib/gcc/arm-none-eabi/13.3.1/thumb/v7e-m+fp/hard\libc.a(libc_a-assert.o)
 .rodata._vfiprintf_r.str1.4
                0x08010da1       0x2f C:/Program Files (x86)/Arm GNU Toolchain arm-none-eabi/13.3 rel1/bin/../lib/gcc/arm-none-eabi/13.3.1/thumb/v7e-m+fp/hard\libc.a(libc_a-vfiprintf.o)
 *fill*         0x08010da1        0x3 
 .rodata.zeroes.0
                0x08010da4       0x10 C:/Program Files (x86)/Arm GNU Toolchain arm-none-eabi/13.3 rel1/bin/../lib/gcc/arm-none-eabi/13.3.1/thumb/v7e-m+fp/hard\libc.a(libc_a-vfiprintf.o)
 .rodata.blanks.1
                0x08010db4       0x10 C:/Program Files (x86)/Arm GNU Toolchain arm-none-eabi/13.3 rel1/bin/../lib/gcc/arm-none-eabi/13.3.1/thumb/v7e-m+fp/hard\libc.a(libc_a-vfiprintf.o)
                0x08010dc4                        . = ALIGN (0x4)

.ARM.extab
 *(.ARM.extab* .gnu.linkonce.armextab.*)

.ARM            0x08010dc4       0x98
                0x08010dc4                        __exidx_start = .
 *(.ARM.exidx*)
 .ARM.exidx     0x08010dc4        0x8 C:/Program Files (x86)/Arm GNU Toolchain arm-none-eabi/13.3 rel1/bin/../lib/gcc/arm-none-eabi/13.3.1/thumb/v7e-m+fp/hard\libc.a(libc_a-strcmp.o)
 .ARM.exidx     0x08010dcc        0x0 C:/Program Files (x86)/Arm GNU Toolchain arm-none-eabi/13.3 rel1/bin/../lib/gcc/arm-none-eabi/13.3.1/thumb/v7e-m+fp/hard\libc.a(libc_a-memchr.o)
                                  0x8 (size before relaxing)
 .ARM.exidx     0x08010dcc        0x0 C:/Program Files (x86)/Arm GNU Toolchain arm-none-eabi/13.3 rel1/bin/../lib/gcc/arm-none-eabi/13.3.1/thumb/v7e-m+fp/hard\libc.a(libc_a-memcpy.o)
                                  0x8 (size before relaxing)
 .ARM.exidx     0x08010dcc        0x0 C:/Program Files (x86)/Arm GNU Toolchain arm-none-eabi/13.3 rel1/bin/../lib/gcc/arm-none-eabi/13.3.1/thumb/v7e-m+fp/hard\libc.a(libc_a-strlen.o)
                                  0x8 (size before relaxing)
 .ARM.exidx.text.Button_check
                0x08010dcc       0x10 GCC/build/GUILib.o
                                  0x8 (size before relaxing)
 .ARM.exidx.text.selfrel_offset31
                0x08010ddc        0x0 C:/Program Files (x86)/Arm GNU Toolchain arm-none-eabi/13.3 rel1/bin/../lib/gcc/arm-none-eabi/13.3.1/thumb/v7e-m+fp/hard\libgcc.a(unwind-arm.o)
                                  0x8 (size before relaxing)
 .ARM.exidx.text.search_EIT_table
                0x08010ddc        0x0 C:/Program Files (x86)/Arm GNU Toolchain arm-none-eabi/13.3 rel1/bin/../lib/gcc/arm-none-eabi/13.3.1/thumb/v7e-m+fp/hard\libgcc.a(unwind-arm.o)
                                  0x8 (size before relaxing)
 .ARM.exidx.text.__gnu_unwind_get_pr_addr
                0x08010ddc        0x0 C:/Program Files (x86)/Arm GNU Toolchain arm-none-eabi/13.3 rel1/bin/../lib/gcc/arm-none-eabi/13.3.1/thumb/v7e-m+fp/hard\libgcc.a(unwind-arm.o)
                                  0x8 (size before relaxing)
 .ARM.exidx.text.get_eit_entry
                0x08010ddc        0x8 C:/Program Files (x86)/Arm GNU Toolchain arm-none-eabi/13.3 rel1/bin/../lib/gcc/arm-none-eabi/13.3.1/thumb/v7e-m+fp/hard\libgcc.a(unwind-arm.o)
 .ARM.exidx.text.restore_non_core_regs
                0x08010de4        0x8 C:/Program Files (x86)/Arm GNU Toolchain arm-none-eabi/13.3 rel1/bin/../lib/gcc/arm-none-eabi/13.3.1/thumb/v7e-m+fp/hard\libgcc.a(unwind-arm.o)
 .ARM.exidx.text._Unwind_decode_typeinfo_ptr.constprop.0
                0x08010dec        0x8 C:/Program Files (x86)/Arm GNU Toolchain arm-none-eabi/13.3 rel1/bin/../lib/gcc/arm-none-eabi/13.3.1/thumb/v7e-m+fp/hard\libgcc.a(unwind-arm.o)
 .ARM.exidx.text._Unwind_DebugHook
                0x08010df4        0x0 C:/Program Files (x86)/Arm GNU Toolchain arm-none-eabi/13.3 rel1/bin/../lib/gcc/arm-none-eabi/13.3.1/thumb/v7e-m+fp/hard\libgcc.a(unwind-arm.o)
                                  0x8 (size before relaxing)
 .ARM.exidx.text.unwind_phase2
                0x08010df4        0x8 C:/Program Files (x86)/Arm GNU Toolchain arm-none-eabi/13.3 rel1/bin/../lib/gcc/arm-none-eabi/13.3.1/thumb/v7e-m+fp/hard\libgcc.a(unwind-arm.o)
 .ARM.exidx.text.unwind_phase2_forced
                0x08010dfc        0x8 C:/Program Files (x86)/Arm GNU Toolchain arm-none-eabi/13.3 rel1/bin/../lib/gcc/arm-none-eabi/13.3.1/thumb/v7e-m+fp/hard\libgcc.a(unwind-arm.o)
 .ARM.exidx.text.__gnu_Unwind_RaiseException
                0x08010e04        0x8 C:/Program Files (x86)/Arm GNU Toolchain arm-none-eabi/13.3 rel1/bin/../lib/gcc/arm-none-eabi/13.3.1/thumb/v7e-m+fp/hard\libgcc.a(unwind-arm.o)
 .ARM.exidx.text.__gnu_Unwind_ForcedUnwind
                0x08010e0c        0x8 C:/Program Files (x86)/Arm GNU Toolchain arm-none-eabi/13.3 rel1/bin/../lib/gcc/arm-none-eabi/13.3.1/thumb/v7e-m+fp/hard\libgcc.a(unwind-arm.o)
 .ARM.exidx.text.__gnu_Unwind_Resume
                0x08010e14        0x8 C:/Program Files (x86)/Arm GNU Toolchain arm-none-eabi/13.3 rel1/bin/../lib/gcc/arm-none-eabi/13.3.1/thumb/v7e-m+fp/hard\libgcc.a(unwind-arm.o)
 .ARM.exidx.text.__gnu_Unwind_Resume_or_Rethrow
                0x08010e1c        0x8 C:/Program Files (x86)/Arm GNU Toolchain arm-none-eabi/13.3 rel1/bin/../lib/gcc/arm-none-eabi/13.3.1/thumb/v7e-m+fp/hard\libgcc.a(unwind-arm.o)
 .ARM.exidx.text._Unwind_VRS_Get
                0x08010e24        0x0 C:/Program Files (x86)/Arm GNU Toolchain arm-none-eabi/13.3 rel1/bin/../lib/gcc/arm-none-eabi/13.3.1/thumb/v7e-m+fp/hard\libgcc.a(unwind-arm.o)
                                  0x8 (size before relaxing)
 .ARM.exidx.text._Unwind_GetGR
                0x08010e24        0x0 C:/Program Files (x86)/Arm GNU Toolchain arm-none-eabi/13.3 rel1/bin/../lib/gcc/arm-none-eabi/13.3.1/thumb/v7e-m+fp/hard\libgcc.a(unwind-arm.o)
                                  0x8 (size before relaxing)
 .ARM.exidx.text._Unwind_VRS_Set
                0x08010e24        0x0 C:/Program Files (x86)/Arm GNU Toolchain arm-none-eabi/13.3 rel1/bin/../lib/gcc/arm-none-eabi/13.3.1/thumb/v7e-m+fp/hard\libgcc.a(unwind-arm.o)
                                  0x8 (size before relaxing)
 .ARM.exidx.text._Unwind_SetGR
                0x08010e24        0x0 C:/Program Files (x86)/Arm GNU Toolchain arm-none-eabi/13.3 rel1/bin/../lib/gcc/arm-none-eabi/13.3.1/thumb/v7e-m+fp/hard\libgcc.a(unwind-arm.o)
                                  0x8 (size before relaxing)
 .ARM.exidx.text.__gnu_Unwind_Backtrace
                0x08010e24        0x8 C:/Program Files (x86)/Arm GNU Toolchain arm-none-eabi/13.3 rel1/bin/../lib/gcc/arm-none-eabi/13.3.1/thumb/v7e-m+fp/hard\libgcc.a(unwind-arm.o)
 .ARM.exidx.text.__gnu_unwind_pr_common
                0x08010e2c        0x8 C:/Program Files (x86)/Arm GNU Toolchain arm-none-eabi/13.3 rel1/bin/../lib/gcc/arm-none-eabi/13.3.1/thumb/v7e-m+fp/hard\libgcc.a(unwind-arm.o)
 .ARM.exidx.text.__aeabi_unwind_cpp_pr0
                0x08010e34        0x8 C:/Program Files (x86)/Arm GNU Toolchain arm-none-eabi/13.3 rel1/bin/../lib/gcc/arm-none-eabi/13.3.1/thumb/v7e-m+fp/hard\libgcc.a(unwind-arm.o)
 .ARM.exidx.text.__aeabi_unwind_cpp_pr1
                0x08010e3c        0x0 C:/Program Files (x86)/Arm GNU Toolchain arm-none-eabi/13.3 rel1/bin/../lib/gcc/arm-none-eabi/13.3.1/thumb/v7e-m+fp/hard\libgcc.a(unwind-arm.o)
                                  0x8 (size before relaxing)
 .ARM.exidx.text.__aeabi_unwind_cpp_pr2
                0x08010e3c        0x0 C:/Program Files (x86)/Arm GNU Toolchain arm-none-eabi/13.3 rel1/bin/../lib/gcc/arm-none-eabi/13.3.1/thumb/v7e-m+fp/hard\libgcc.a(unwind-arm.o)
                                  0x8 (size before relaxing)
 .ARM.exidx.text._Unwind_VRS_Pop
                0x08010e3c        0x8 C:/Program Files (x86)/Arm GNU Toolchain arm-none-eabi/13.3 rel1/bin/../lib/gcc/arm-none-eabi/13.3.1/thumb/v7e-m+fp/hard\libgcc.a(unwind-arm.o)
 .ARM.exidx.text.next_unwind_byte
                0x08010e44        0x8 C:/Program Files (x86)/Arm GNU Toolchain arm-none-eabi/13.3 rel1/bin/../lib/gcc/arm-none-eabi/13.3.1/thumb/v7e-m+fp/hard\libgcc.a(pr-support.o)
 .ARM.exidx.text.__gnu_unwind_execute
                0x08010e4c       0x10 C:/Program Files (x86)/Arm GNU Toolchain arm-none-eabi/13.3 rel1/bin/../lib/gcc/arm-none-eabi/13.3.1/thumb/v7e-m+fp/hard\libgcc.a(pr-support.o)
                                  0x8 (size before relaxing)
                0x08010e5c                        __exidx_end = .

.rel.dyn        0x08010e5c        0x0
 .rel.iplt      0x08010e5c        0x0 C:/Program Files (x86)/Arm GNU Toolchain arm-none-eabi/13.3 rel1/bin/../lib/gcc/arm-none-eabi/13.3.1/thumb/v7e-m+fp/hard/crtbegin.o

.preinit_array  0x08010e5c        0x0
                0x08010e5c                        PROVIDE (__preinit_array_start = .)
 *(.preinit_array*)
                0x08010e5c                        PROVIDE (__preinit_array_end = .)

.init_array     0x08010e5c        0x8
                0x08010e5c                        PROVIDE (__init_array_start = .)
 *(SORT_BY_NAME(.init_array.*))
 .init_array.00000
                0x08010e5c        0x4 C:/Program Files (x86)/Arm GNU Toolchain arm-none-eabi/13.3 rel1/bin/../lib/gcc/arm-none-eabi/13.3.1/thumb/v7e-m+fp/hard\libc.a(libc_a-__call_atexit.o)
 *(.init_array*)
 .init_array    0x08010e60        0x4 C:/Program Files (x86)/Arm GNU Toolchain arm-none-eabi/13.3 rel1/bin/../lib/gcc/arm-none-eabi/13.3.1/thumb/v7e-m+fp/hard/crtbegin.o
                0x08010e64                        PROVIDE (__init_array_end = .)

.fini_array     0x08010e64        0x4
                0x08010e64                        PROVIDE (__fini_array_start = .)
 *(SORT_BY_NAME(.fini_array.*))
 *(.fini_array*)
 .fini_array    0x08010e64        0x4 C:/Program Files (x86)/Arm GNU Toolchain arm-none-eabi/13.3 rel1/bin/../lib/gcc/arm-none-eabi/13.3.1/thumb/v7e-m+fp/hard/crtbegin.o
                0x08010e68                        PROVIDE (__fini_array_end = .)
                0x08010e68                        _sidata = LOADADDR (.data)

.data           0x20000000      0x72c load address 0x08010e68
                0x20000000                        . = ALIGN (0x4)
                0x20000000                        _sdata = .
 *(.data)
 *(.data*)
 .data.BACK_COLOR
                0x20000000        0x4 GCC/build/lcd.o
                0x20000000                BACK_COLOR
 .data.POINT_COLOR
                0x20000004        0x4 GCC/build/lcd.o
                0x20000004                POINT_COLOR
 .data.g_gt_tnum
                0x20000008        0x1 GCC/build/gt9xxx.o
                0x20000008                g_gt_tnum
 *fill*         0x20000009        0x3 
 .data.tp_dev   0x2000000c       0x48 GCC/build/touch.o
                0x2000000c                tp_dev
 .data.__sglue  0x20000054        0xc C:/Program Files (x86)/Arm GNU Toolchain arm-none-eabi/13.3 rel1/bin/../lib/gcc/arm-none-eabi/13.3.1/thumb/v7e-m+fp/hard\libc.a(libc_a-findfp.o)
                0x20000054                __sglue
 .data._impure_ptr
                0x20000060        0x4 C:/Program Files (x86)/Arm GNU Toolchain arm-none-eabi/13.3 rel1/bin/../lib/gcc/arm-none-eabi/13.3.1/thumb/v7e-m+fp/hard\libc.a(libc_a-impure.o)
                0x20000060                _impure_ptr
 *fill*         0x20000064        0x4 
 .data._impure_data
                0x20000068      0x140 C:/Program Files (x86)/Arm GNU Toolchain arm-none-eabi/13.3 rel1/bin/../lib/gcc/arm-none-eabi/13.3.1/thumb/v7e-m+fp/hard\libc.a(libc_a-impure.o)
                0x20000068                _impure_data
 .data.__atexit_recursive_mutex
                0x200001a8        0x4 C:/Program Files (x86)/Arm GNU Toolchain arm-none-eabi/13.3 rel1/bin/../lib/gcc/arm-none-eabi/13.3.1/thumb/v7e-m+fp/hard\libc.a(libc_a-__call_atexit.o)
                0x200001a8                __atexit_recursive_mutex
 .data.__malloc_sbrk_base
                0x200001ac        0x4 C:/Program Files (x86)/Arm GNU Toolchain arm-none-eabi/13.3 rel1/bin/../lib/gcc/arm-none-eabi/13.3.1/thumb/v7e-m+fp/hard\libc.a(libc_a-mallocr.o)
                0x200001ac                __malloc_sbrk_base
 .data.__malloc_trim_threshold
                0x200001b0        0x4 C:/Program Files (x86)/Arm GNU Toolchain arm-none-eabi/13.3 rel1/bin/../lib/gcc/arm-none-eabi/13.3.1/thumb/v7e-m+fp/hard\libc.a(libc_a-mallocr.o)
                0x200001b0                __malloc_trim_threshold
 *fill*         0x200001b4        0x4 
 .data.__malloc_av_
                0x200001b8      0x408 C:/Program Files (x86)/Arm GNU Toolchain arm-none-eabi/13.3 rel1/bin/../lib/gcc/arm-none-eabi/13.3.1/thumb/v7e-m+fp/hard\libc.a(libc_a-mallocr.o)
                0x200001b8                __malloc_av_
 .data.__global_locale
                0x200005c0      0x16c C:/Program Files (x86)/Arm GNU Toolchain arm-none-eabi/13.3 rel1/bin/../lib/gcc/arm-none-eabi/13.3.1/thumb/v7e-m+fp/hard\libc.a(libc_a-locale.o)
                0x200005c0                __global_locale
                0x2000072c                        . = ALIGN (0x4)
                0x2000072c                        _edata = .
                0x08011594                        _siccmram = LOADADDR (.ccmram)

.tm_clone_table
                0x2000072c        0x0 load address 0x08011594
 .tm_clone_table
                0x2000072c        0x0 C:/Program Files (x86)/Arm GNU Toolchain arm-none-eabi/13.3 rel1/bin/../lib/gcc/arm-none-eabi/13.3.1/thumb/v7e-m+fp/hard/crtbegin.o
 .tm_clone_table
                0x2000072c        0x0 C:/Program Files (x86)/Arm GNU Toolchain arm-none-eabi/13.3 rel1/bin/../lib/gcc/arm-none-eabi/13.3.1/thumb/v7e-m+fp/hard/crtend.o

.igot.plt       0x2000072c        0x0 load address 0x08011594
 .igot.plt      0x2000072c        0x0 C:/Program Files (x86)/Arm GNU Toolchain arm-none-eabi/13.3 rel1/bin/../lib/gcc/arm-none-eabi/13.3.1/thumb/v7e-m+fp/hard/crtbegin.o

.ccmram         0x10000000        0x0 load address 0x08011594
                0x10000000                        . = ALIGN (0x4)
                0x10000000                        _sccmram = .
 *(.ccmram)
 *(.ccmram*)
                0x10000000                        . = ALIGN (0x4)
                0x10000000                        _eccmram = .
                0x10000000                        . = ALIGN (0x4)

.bss            0x2000072c      0x484
                0x2000072c                        _sbss = .
                0x2000072c                        __bss_start__ = _sbss
 *(.bss)
 *(.bss*)
 .bss.completed.1
                0x2000072c        0x1 C:/Program Files (x86)/Arm GNU Toolchain arm-none-eabi/13.3 rel1/bin/../lib/gcc/arm-none-eabi/13.3.1/thumb/v7e-m+fp/hard/crtbegin.o
 *fill*         0x2000072d        0x3 
 .bss.object.0  0x20000730       0x18 C:/Program Files (x86)/Arm GNU Toolchain arm-none-eabi/13.3 rel1/bin/../lib/gcc/arm-none-eabi/13.3.1/thumb/v7e-m+fp/hard/crtbegin.o
 .bss.a         0x20000748        0x4 GCC/build/main.o
                0x20000748                a
 .bss.fac_ms    0x2000074c        0x2 GCC/build/delay.o
 .bss.fac_us    0x2000074e        0x1 GCC/build/delay.o
 *fill*         0x2000074f        0x1 
 .bss.receive_strat.0
                0x20000750        0x4 GCC/build/usart.o
 .bss.data_len  0x20000754        0x1 GCC/build/usart.o
                0x20000754                data_len
 *fill*         0x20000755        0x3 
 .bss.data      0x20000758       0x28 GCC/build/usart.o
                0x20000758                data
 .bss.USART_RX_STA
                0x20000780        0x2 GCC/build/usart.o
                0x20000780                USART_RX_STA
 *fill*         0x20000782        0x2 
 .bss.USART_RX_BUF
                0x20000784       0xc8 GCC/build/usart.o
                0x20000784                USART_RX_BUF
 .bss.lcddev    0x2000084c        0xe GCC/build/lcd.o
                0x2000084c                lcddev
 *fill*         0x2000085a        0x2 
 .bss.lcdltdc   0x2000085c       0x20 GCC/build/ltdc.o
                0x2000085c                lcdltdc
 .bss.ltdc_framebuf
                0x2000087c        0x8 GCC/build/ltdc.o
                0x2000087c                ltdc_framebuf
 .bss.t.0       0x20000884        0x1 GCC/build/gt9xxx.o
 .bss.act_sign_2
                0x20000885        0x1 GCC/build/exit.o
                0x20000885                act_sign_2
 .bss.act_sign_1
                0x20000886        0x1 GCC/build/exit.o
                0x20000886                act_sign_1
 *fill*         0x20000887        0x1 
 .bss._ZZ12Button_checkE1a
                0x20000888        0x4 GCC/build/GUILib.o
 .bss.button_act
                0x2000088c        0xa GCC/build/GUILib.o
                0x2000088c                button_act
 *fill*         0x20000896        0x2 
 .bss.__sf      0x20000898      0x138 C:/Program Files (x86)/Arm GNU Toolchain arm-none-eabi/13.3 rel1/bin/../lib/gcc/arm-none-eabi/13.3.1/thumb/v7e-m+fp/hard\libc.a(libc_a-findfp.o)
                0x20000898                __sf
 .bss.__stdio_exit_handler
                0x200009d0        0x4 C:/Program Files (x86)/Arm GNU Toolchain arm-none-eabi/13.3 rel1/bin/../lib/gcc/arm-none-eabi/13.3.1/thumb/v7e-m+fp/hard\libc.a(libc_a-findfp.o)
                0x200009d0                __stdio_exit_handler
 .bss.errno     0x200009d4        0x4 C:/Program Files (x86)/Arm GNU Toolchain arm-none-eabi/13.3 rel1/bin/../lib/gcc/arm-none-eabi/13.3.1/thumb/v7e-m+fp/hard\libc.a(libc_a-reent.o)
                0x200009d4                errno
 .bss.__lock___malloc_recursive_mutex
                0x200009d8        0x1 C:/Program Files (x86)/Arm GNU Toolchain arm-none-eabi/13.3 rel1/bin/../lib/gcc/arm-none-eabi/13.3.1/thumb/v7e-m+fp/hard\libc.a(libc_a-lock.o)
                0x200009d8                __lock___malloc_recursive_mutex
 *fill*         0x200009d9        0x3 
 .bss.__lock___atexit_recursive_mutex
                0x200009dc        0x1 C:/Program Files (x86)/Arm GNU Toolchain arm-none-eabi/13.3 rel1/bin/../lib/gcc/arm-none-eabi/13.3.1/thumb/v7e-m+fp/hard\libc.a(libc_a-lock.o)
                0x200009dc                __lock___atexit_recursive_mutex
 *fill*         0x200009dd        0x3 
 .bss.__lock___sfp_recursive_mutex
                0x200009e0        0x1 C:/Program Files (x86)/Arm GNU Toolchain arm-none-eabi/13.3 rel1/bin/../lib/gcc/arm-none-eabi/13.3.1/thumb/v7e-m+fp/hard\libc.a(libc_a-lock.o)
                0x200009e0                __lock___sfp_recursive_mutex
 *fill*         0x200009e1        0x3 
 .bss.__atexit  0x200009e4        0x4 C:/Program Files (x86)/Arm GNU Toolchain arm-none-eabi/13.3 rel1/bin/../lib/gcc/arm-none-eabi/13.3.1/thumb/v7e-m+fp/hard\libc.a(libc_a-__call_atexit.o)
                0x200009e4                __atexit
 .bss.__malloc_current_mallinfo
                0x200009e8       0x28 C:/Program Files (x86)/Arm GNU Toolchain arm-none-eabi/13.3 rel1/bin/../lib/gcc/arm-none-eabi/13.3.1/thumb/v7e-m+fp/hard\libc.a(libc_a-mallocr.o)
                0x200009e8                __malloc_current_mallinfo
 .bss.__malloc_max_total_mem
                0x20000a10        0x4 C:/Program Files (x86)/Arm GNU Toolchain arm-none-eabi/13.3 rel1/bin/../lib/gcc/arm-none-eabi/13.3.1/thumb/v7e-m+fp/hard\libc.a(libc_a-mallocr.o)
                0x20000a10                __malloc_max_total_mem
 .bss.__malloc_max_sbrked_mem
                0x20000a14        0x4 C:/Program Files (x86)/Arm GNU Toolchain arm-none-eabi/13.3 rel1/bin/../lib/gcc/arm-none-eabi/13.3.1/thumb/v7e-m+fp/hard\libc.a(libc_a-mallocr.o)
                0x20000a14                __malloc_max_sbrked_mem
 .bss.__malloc_top_pad
                0x20000a18        0x4 C:/Program Files (x86)/Arm GNU Toolchain arm-none-eabi/13.3 rel1/bin/../lib/gcc/arm-none-eabi/13.3.1/thumb/v7e-m+fp/hard\libc.a(libc_a-mallocr.o)
                0x20000a18                __malloc_top_pad
 .bss.__atexit0
                0x20000a1c      0x190 C:/Program Files (x86)/Arm GNU Toolchain arm-none-eabi/13.3 rel1/bin/../lib/gcc/arm-none-eabi/13.3.1/thumb/v7e-m+fp/hard\libc.a(libc_a-__atexit.o)
                0x20000a1c                __atexit0
 .bss.heap_end.0
                0x20000bac        0x4 C:/Program Files (x86)/Arm GNU Toolchain arm-none-eabi/13.3 rel1/bin/../lib/gcc/arm-none-eabi/13.3.1/thumb/v7e-m+fp/hard\libnosys.a(sbrk.o)
 *(COMMON)
                0x20000bb0                        . = ALIGN (0x4)
                0x20000bb0                        _ebss = .
                0x20000bb0                        __bss_end__ = _ebss

._user_heap_stack
                0x20000bb0      0x600
                0x20000bb0                        . = ALIGN (0x8)
                0x20000bb0                        PROVIDE (end = .)
                [!provide]                        PROVIDE (_end = .)
                0x20000db0                        . = (. + _Min_Heap_Size)
 *fill*         0x20000bb0      0x200 
                0x200011b0                        . = (. + _Min_Stack_Size)
 *fill*         0x20000db0      0x400 
                0x200011b0                        . = ALIGN (0x8)

.ext_sram       0xc0000000   0x1f4000 load address 0x08011594
                0xc0000000                        . = ALIGN (0x4)
                0xc0000000                        _sext_sram = .
 *(.ext_sram)
 .ext_sram      0xc0000000   0x1f4000 GCC/build/ltdc.o
                0xc0000000                ltdc_lcd_framebuf
 *(.ext_sram*)
                0xc01f4000                        . = ALIGN (0x4)
                0xc01f4000                        _eext_sram = .

/DISCARD/
 libc.a(*)
 libm.a(*)
 libgcc.a(*)

.ARM.attributes
                0x00000000       0x30
 *(.ARM.attributes)
 .ARM.attributes
                0x00000000       0x22 C:/Program Files (x86)/Arm GNU Toolchain arm-none-eabi/13.3 rel1/bin/../lib/gcc/arm-none-eabi/13.3.1/thumb/v7e-m+fp/hard/crti.o
 .ARM.attributes
                0x00000022       0x34 C:/Program Files (x86)/Arm GNU Toolchain arm-none-eabi/13.3 rel1/bin/../lib/gcc/arm-none-eabi/13.3.1/thumb/v7e-m+fp/hard/crtbegin.o
 .ARM.attributes
                0x00000056       0x34 GCC/build/main.o
 .ARM.attributes
                0x0000008a       0x34 GCC/build/system_stm32f4xx.o
 .ARM.attributes
                0x000000be       0x34 GCC/build/misc.o
 .ARM.attributes
                0x000000f2       0x34 GCC/build/stm32f4xx_syscfg.o
 .ARM.attributes
                0x00000126       0x34 GCC/build/stm32f4xx_rcc.o
 .ARM.attributes
                0x0000015a       0x34 GCC/build/stm32f4xx_gpio.o
 .ARM.attributes
                0x0000018e       0x34 GCC/build/stm32f4xx_exti.o
 .ARM.attributes
                0x000001c2       0x34 GCC/build/stm32f4xx_usart.o
 .ARM.attributes
                0x000001f6       0x34 GCC/build/delay.o
 .ARM.attributes
                0x0000022a       0x34 GCC/build/sys.o
 .ARM.attributes
                0x0000025e       0x34 GCC/build/usart.o
 .ARM.attributes
                0x00000292       0x34 GCC/build/lcd.o
 .ARM.attributes
                0x000002c6       0x34 GCC/build/ltdc.o
 .ARM.attributes
                0x000002fa       0x34 GCC/build/sdram.o
 .ARM.attributes
                0x0000032e       0x34 GCC/build/gt9xxx.o
 .ARM.attributes
                0x00000362       0x34 GCC/build/ctiic.o
 .ARM.attributes
                0x00000396       0x34 GCC/build/touch.o
 .ARM.attributes
                0x000003ca       0x34 GCC/build/bank.o
 .ARM.attributes
                0x000003fe       0x34 GCC/build/BSP.o
 .ARM.attributes
                0x00000432       0x34 GCC/build/exit.o
 .ARM.attributes
                0x00000466       0x34 GCC/build/GUILib.o
 .ARM.attributes
                0x0000049a       0x21 GCC/build/startup_stm32f429_439xx.o
 .ARM.attributes
                0x000004bb       0x34 C:/Program Files (x86)/Arm GNU Toolchain arm-none-eabi/13.3 rel1/bin/../lib/gcc/arm-none-eabi/13.3.1/thumb/v7e-m+fp/hard\libc.a(libc_a-findfp.o)
 .ARM.attributes
                0x000004ef       0x34 C:/Program Files (x86)/Arm GNU Toolchain arm-none-eabi/13.3 rel1/bin/../lib/gcc/arm-none-eabi/13.3.1/thumb/v7e-m+fp/hard\libc.a(libc_a-fwalk.o)
 .ARM.attributes
                0x00000523       0x34 C:/Program Files (x86)/Arm GNU Toolchain arm-none-eabi/13.3 rel1/bin/../lib/gcc/arm-none-eabi/13.3.1/thumb/v7e-m+fp/hard\libc.a(libc_a-printf.o)
 .ARM.attributes
                0x00000557       0x34 C:/Program Files (x86)/Arm GNU Toolchain arm-none-eabi/13.3 rel1/bin/../lib/gcc/arm-none-eabi/13.3.1/thumb/v7e-m+fp/hard\libc.a(libc_a-stdio.o)
 .ARM.attributes
                0x0000058b       0x34 C:/Program Files (x86)/Arm GNU Toolchain arm-none-eabi/13.3 rel1/bin/../lib/gcc/arm-none-eabi/13.3.1/thumb/v7e-m+fp/hard\libc.a(libc_a-vsprintf.o)
 .ARM.attributes
                0x000005bf       0x34 C:/Program Files (x86)/Arm GNU Toolchain arm-none-eabi/13.3 rel1/bin/../lib/gcc/arm-none-eabi/13.3.1/thumb/v7e-m+fp/hard\libc.a(libc_a-memset.o)
 .ARM.attributes
                0x000005f3       0x34 C:/Program Files (x86)/Arm GNU Toolchain arm-none-eabi/13.3 rel1/bin/../lib/gcc/arm-none-eabi/13.3.1/thumb/v7e-m+fp/hard\libc.a(libc_a-closer.o)
 .ARM.attributes
                0x00000627       0x34 C:/Program Files (x86)/Arm GNU Toolchain arm-none-eabi/13.3 rel1/bin/../lib/gcc/arm-none-eabi/13.3.1/thumb/v7e-m+fp/hard\libc.a(libc_a-reent.o)
 .ARM.attributes
                0x0000065b       0x34 C:/Program Files (x86)/Arm GNU Toolchain arm-none-eabi/13.3 rel1/bin/../lib/gcc/arm-none-eabi/13.3.1/thumb/v7e-m+fp/hard\libc.a(libc_a-impure.o)
 .ARM.attributes
                0x0000068f       0x34 C:/Program Files (x86)/Arm GNU Toolchain arm-none-eabi/13.3 rel1/bin/../lib/gcc/arm-none-eabi/13.3.1/thumb/v7e-m+fp/hard\libc.a(libc_a-lseekr.o)
 .ARM.attributes
                0x000006c3       0x34 C:/Program Files (x86)/Arm GNU Toolchain arm-none-eabi/13.3 rel1/bin/../lib/gcc/arm-none-eabi/13.3.1/thumb/v7e-m+fp/hard\libc.a(libc_a-readr.o)
 .ARM.attributes
                0x000006f7       0x34 C:/Program Files (x86)/Arm GNU Toolchain arm-none-eabi/13.3 rel1/bin/../lib/gcc/arm-none-eabi/13.3.1/thumb/v7e-m+fp/hard\libc.a(libc_a-writer.o)
 .ARM.attributes
                0x0000072b       0x34 C:/Program Files (x86)/Arm GNU Toolchain arm-none-eabi/13.3 rel1/bin/../lib/gcc/arm-none-eabi/13.3.1/thumb/v7e-m+fp/hard\libc.a(libc_a-lock.o)
 .ARM.attributes
                0x0000075f       0x20 C:/Program Files (x86)/Arm GNU Toolchain arm-none-eabi/13.3 rel1/bin/../lib/gcc/arm-none-eabi/13.3.1/thumb/v7e-m+fp/hard\libc.a(libc_a-strcmp.o)
 .ARM.attributes
                0x0000077f       0x34 C:/Program Files (x86)/Arm GNU Toolchain arm-none-eabi/13.3 rel1/bin/../lib/gcc/arm-none-eabi/13.3.1/thumb/v7e-m+fp/hard\libc.a(libc_a-__call_atexit.o)
 .ARM.attributes
                0x000007b3       0x34 C:/Program Files (x86)/Arm GNU Toolchain arm-none-eabi/13.3 rel1/bin/../lib/gcc/arm-none-eabi/13.3.1/thumb/v7e-m+fp/hard\libc.a(libc_a-atexit.o)
 .ARM.attributes
                0x000007e7       0x34 C:/Program Files (x86)/Arm GNU Toolchain arm-none-eabi/13.3 rel1/bin/../lib/gcc/arm-none-eabi/13.3.1/thumb/v7e-m+fp/hard\libc.a(libc_a-freer.o)
 .ARM.attributes
                0x0000081b       0x34 C:/Program Files (x86)/Arm GNU Toolchain arm-none-eabi/13.3 rel1/bin/../lib/gcc/arm-none-eabi/13.3.1/thumb/v7e-m+fp/hard\libc.a(libc_a-mallocr.o)
 .ARM.attributes
                0x0000084f       0x34 C:/Program Files (x86)/Arm GNU Toolchain arm-none-eabi/13.3 rel1/bin/../lib/gcc/arm-none-eabi/13.3.1/thumb/v7e-m+fp/hard\libc.a(libc_a-mlock.o)
 .ARM.attributes
                0x00000883       0x34 C:/Program Files (x86)/Arm GNU Toolchain arm-none-eabi/13.3 rel1/bin/../lib/gcc/arm-none-eabi/13.3.1/thumb/v7e-m+fp/hard\libc.a(libc_a-svfprintf.o)
 .ARM.attributes
                0x000008b7       0x34 C:/Program Files (x86)/Arm GNU Toolchain arm-none-eabi/13.3 rel1/bin/../lib/gcc/arm-none-eabi/13.3.1/thumb/v7e-m+fp/hard\libc.a(libc_a-vfprintf.o)
 .ARM.attributes
                0x000008eb       0x34 C:/Program Files (x86)/Arm GNU Toolchain arm-none-eabi/13.3 rel1/bin/../lib/gcc/arm-none-eabi/13.3.1/thumb/v7e-m+fp/hard\libc.a(libc_a-sprint_r.o)
 .ARM.attributes
                0x0000091f       0x34 C:/Program Files (x86)/Arm GNU Toolchain arm-none-eabi/13.3 rel1/bin/../lib/gcc/arm-none-eabi/13.3.1/thumb/v7e-m+fp/hard\libc.a(libc_a-ssprint_r.o)
 .ARM.attributes
                0x00000953       0x34 C:/Program Files (x86)/Arm GNU Toolchain arm-none-eabi/13.3 rel1/bin/../lib/gcc/arm-none-eabi/13.3.1/thumb/v7e-m+fp/hard\libc.a(libc_a-fclose.o)
 .ARM.attributes
                0x00000987       0x34 C:/Program Files (x86)/Arm GNU Toolchain arm-none-eabi/13.3 rel1/bin/../lib/gcc/arm-none-eabi/13.3.1/thumb/v7e-m+fp/hard\libc.a(libc_a-fflush.o)
 .ARM.attributes
                0x000009bb       0x34 C:/Program Files (x86)/Arm GNU Toolchain arm-none-eabi/13.3 rel1/bin/../lib/gcc/arm-none-eabi/13.3.1/thumb/v7e-m+fp/hard\libc.a(libc_a-fvwrite.o)
 .ARM.attributes
                0x000009ef       0x34 C:/Program Files (x86)/Arm GNU Toolchain arm-none-eabi/13.3 rel1/bin/../lib/gcc/arm-none-eabi/13.3.1/thumb/v7e-m+fp/hard\libc.a(libc_a-wsetup.o)
 .ARM.attributes
                0x00000a23       0x34 C:/Program Files (x86)/Arm GNU Toolchain arm-none-eabi/13.3 rel1/bin/../lib/gcc/arm-none-eabi/13.3.1/thumb/v7e-m+fp/hard\libc.a(libc_a-memmove.o)
 .ARM.attributes
                0x00000a57       0x34 C:/Program Files (x86)/Arm GNU Toolchain arm-none-eabi/13.3 rel1/bin/../lib/gcc/arm-none-eabi/13.3.1/thumb/v7e-m+fp/hard\libc.a(libc_a-strncpy.o)
 .ARM.attributes
                0x00000a8b       0x34 C:/Program Files (x86)/Arm GNU Toolchain arm-none-eabi/13.3 rel1/bin/../lib/gcc/arm-none-eabi/13.3.1/thumb/v7e-m+fp/hard\libc.a(libc_a-locale.o)
 .ARM.attributes
                0x00000abf       0x34 C:/Program Files (x86)/Arm GNU Toolchain arm-none-eabi/13.3 rel1/bin/../lib/gcc/arm-none-eabi/13.3.1/thumb/v7e-m+fp/hard\libc.a(libc_a-localeconv.o)
 .ARM.attributes
                0x00000af3       0x34 C:/Program Files (x86)/Arm GNU Toolchain arm-none-eabi/13.3 rel1/bin/../lib/gcc/arm-none-eabi/13.3.1/thumb/v7e-m+fp/hard\libc.a(libc_a-sbrkr.o)
 .ARM.attributes
                0x00000b27       0x34 C:/Program Files (x86)/Arm GNU Toolchain arm-none-eabi/13.3 rel1/bin/../lib/gcc/arm-none-eabi/13.3.1/thumb/v7e-m+fp/hard\libc.a(libc_a-fini.o)
 .ARM.attributes
                0x00000b5b       0x34 C:/Program Files (x86)/Arm GNU Toolchain arm-none-eabi/13.3 rel1/bin/../lib/gcc/arm-none-eabi/13.3.1/thumb/v7e-m+fp/hard\libc.a(libc_a-sysconf.o)
 .ARM.attributes
                0x00000b8f       0x1c C:/Program Files (x86)/Arm GNU Toolchain arm-none-eabi/13.3 rel1/bin/../lib/gcc/arm-none-eabi/13.3.1/thumb/v7e-m+fp/hard\libc.a(libc_a-memchr.o)
 .ARM.attributes
                0x00000bab       0x20 C:/Program Files (x86)/Arm GNU Toolchain arm-none-eabi/13.3 rel1/bin/../lib/gcc/arm-none-eabi/13.3.1/thumb/v7e-m+fp/hard\libc.a(libc_a-memcpy.o)
 .ARM.attributes
                0x00000bcb       0x1c C:/Program Files (x86)/Arm GNU Toolchain arm-none-eabi/13.3 rel1/bin/../lib/gcc/arm-none-eabi/13.3.1/thumb/v7e-m+fp/hard\libc.a(libc_a-strlen.o)
 .ARM.attributes
                0x00000be7       0x34 C:/Program Files (x86)/Arm GNU Toolchain arm-none-eabi/13.3 rel1/bin/../lib/gcc/arm-none-eabi/13.3.1/thumb/v7e-m+fp/hard\libc.a(libm_a-s_frexp.o)
 .ARM.attributes
                0x00000c1b       0x34 C:/Program Files (x86)/Arm GNU Toolchain arm-none-eabi/13.3 rel1/bin/../lib/gcc/arm-none-eabi/13.3.1/thumb/v7e-m+fp/hard\libc.a(libc_a-__atexit.o)
 .ARM.attributes
                0x00000c4f       0x34 C:/Program Files (x86)/Arm GNU Toolchain arm-none-eabi/13.3 rel1/bin/../lib/gcc/arm-none-eabi/13.3.1/thumb/v7e-m+fp/hard\libc.a(libc_a-dtoa.o)
 .ARM.attributes
                0x00000c83       0x34 C:/Program Files (x86)/Arm GNU Toolchain arm-none-eabi/13.3 rel1/bin/../lib/gcc/arm-none-eabi/13.3.1/thumb/v7e-m+fp/hard\libc.a(libc_a-mbtowc_r.o)
 .ARM.attributes
                0x00000cb7       0x34 C:/Program Files (x86)/Arm GNU Toolchain arm-none-eabi/13.3 rel1/bin/../lib/gcc/arm-none-eabi/13.3.1/thumb/v7e-m+fp/hard\libc.a(libc_a-mprec.o)
 .ARM.attributes
                0x00000ceb       0x34 C:/Program Files (x86)/Arm GNU Toolchain arm-none-eabi/13.3 rel1/bin/../lib/gcc/arm-none-eabi/13.3.1/thumb/v7e-m+fp/hard\libc.a(libc_a-reallocr.o)
 .ARM.attributes