Archive member included to satisfy reference by file (symbol)

/home/ktkuri/arm-gcc-tools/bin/../lib/gcc/arm-none-eabi/10.2.1/../../../../arm-none-eabi/lib/thumb/v7e-m+fp/hard/libc.a(lib_a-exit.o)
                              /home/ktkuri/arm-gcc-tools/bin/../lib/gcc/arm-none-eabi/10.2.1/../../../../arm-none-eabi/lib/thumb/v7e-m+fp/hard/crt0.o (exit)
/home/ktkuri/arm-gcc-tools/bin/../lib/gcc/arm-none-eabi/10.2.1/../../../../arm-none-eabi/lib/thumb/v7e-m+fp/hard/libc.a(lib_a-impure.o)
                              /home/ktkuri/arm-gcc-tools/bin/../lib/gcc/arm-none-eabi/10.2.1/../../../../arm-none-eabi/lib/thumb/v7e-m+fp/hard/libc.a(lib_a-exit.o) (_global_impure_ptr)
/home/ktkuri/arm-gcc-tools/bin/../lib/gcc/arm-none-eabi/10.2.1/../../../../arm-none-eabi/lib/thumb/v7e-m+fp/hard/libc.a(lib_a-init.o)
                              /home/ktkuri/arm-gcc-tools/bin/../lib/gcc/arm-none-eabi/10.2.1/../../../../arm-none-eabi/lib/thumb/v7e-m+fp/hard/crt0.o (__libc_init_array)
/home/ktkuri/arm-gcc-tools/bin/../lib/gcc/arm-none-eabi/10.2.1/../../../../arm-none-eabi/lib/thumb/v7e-m+fp/hard/libc.a(lib_a-memset.o)
                              /home/ktkuri/arm-gcc-tools/bin/../lib/gcc/arm-none-eabi/10.2.1/../../../../arm-none-eabi/lib/thumb/v7e-m+fp/hard/crt0.o (memset)
/home/ktkuri/arm-gcc-tools/bin/../lib/gcc/arm-none-eabi/10.2.1/../../../../arm-none-eabi/lib/thumb/v7e-m+fp/hard/libc.a(lib_a-printf.o)
                              ./GCC/build/main.o (printf)
/home/ktkuri/arm-gcc-tools/bin/../lib/gcc/arm-none-eabi/10.2.1/../../../../arm-none-eabi/lib/thumb/v7e-m+fp/hard/libc.a(lib_a-strcmp.o)
                              ./GCC/build/gt9xxx.o (strcmp)
/home/ktkuri/arm-gcc-tools/bin/../lib/gcc/arm-none-eabi/10.2.1/../../../../arm-none-eabi/lib/thumb/v7e-m+fp/hard/libc.a(lib_a-vfprintf.o)
                              /home/ktkuri/arm-gcc-tools/bin/../lib/gcc/arm-none-eabi/10.2.1/../../../../arm-none-eabi/lib/thumb/v7e-m+fp/hard/libc.a(lib_a-printf.o) (_vfprintf_r)
/home/ktkuri/arm-gcc-tools/bin/../lib/gcc/arm-none-eabi/10.2.1/../../../../arm-none-eabi/lib/thumb/v7e-m+fp/hard/libc.a(lib_a-vsprintf.o)
                              ./GCC/build/lcd.o (vsprintf)
/home/ktkuri/arm-gcc-tools/bin/../lib/gcc/arm-none-eabi/10.2.1/../../../../arm-none-eabi/lib/thumb/v7e-m+fp/hard/libc.a(lib_a-wsetup.o)
                              /home/ktkuri/arm-gcc-tools/bin/../lib/gcc/arm-none-eabi/10.2.1/../../../../arm-none-eabi/lib/thumb/v7e-m+fp/hard/libc.a(lib_a-vfprintf.o) (__swsetup_r)
/home/ktkuri/arm-gcc-tools/bin/../lib/gcc/arm-none-eabi/10.2.1/../../../../arm-none-eabi/lib/thumb/v7e-m+fp/hard/libc.a(lib_a-__call_atexit.o)
                              /home/ktkuri/arm-gcc-tools/bin/../lib/gcc/arm-none-eabi/10.2.1/../../../../arm-none-eabi/lib/thumb/v7e-m+fp/hard/libc.a(lib_a-exit.o) (__call_exitprocs)
/home/ktkuri/arm-gcc-tools/bin/../lib/gcc/arm-none-eabi/10.2.1/../../../../arm-none-eabi/lib/thumb/v7e-m+fp/hard/libc.a(lib_a-atexit.o)
                              /home/ktkuri/arm-gcc-tools/bin/../lib/gcc/arm-none-eabi/10.2.1/../../../../arm-none-eabi/lib/thumb/v7e-m+fp/hard/libc.a(lib_a-__call_atexit.o) (atexit)
/home/ktkuri/arm-gcc-tools/bin/../lib/gcc/arm-none-eabi/10.2.1/../../../../arm-none-eabi/lib/thumb/v7e-m+fp/hard/libc.a(lib_a-dtoa.o)
                              /home/ktkuri/arm-gcc-tools/bin/../lib/gcc/arm-none-eabi/10.2.1/../../../../arm-none-eabi/lib/thumb/v7e-m+fp/hard/libc.a(lib_a-vfprintf.o) (_dtoa_r)
/home/ktkuri/arm-gcc-tools/bin/../lib/gcc/arm-none-eabi/10.2.1/../../../../arm-none-eabi/lib/thumb/v7e-m+fp/hard/libc.a(lib_a-fflush.o)
                              /home/ktkuri/arm-gcc-tools/bin/../lib/gcc/arm-none-eabi/10.2.1/../../../../arm-none-eabi/lib/thumb/v7e-m+fp/hard/libc.a(lib_a-vfprintf.o) (_fflush_r)
/home/ktkuri/arm-gcc-tools/bin/../lib/gcc/arm-none-eabi/10.2.1/../../../../arm-none-eabi/lib/thumb/v7e-m+fp/hard/libc.a(lib_a-findfp.o)
                              /home/ktkuri/arm-gcc-tools/bin/../lib/gcc/arm-none-eabi/10.2.1/../../../../arm-none-eabi/lib/thumb/v7e-m+fp/hard/libc.a(lib_a-vfprintf.o) (__sinit)
/home/ktkuri/arm-gcc-tools/bin/../lib/gcc/arm-none-eabi/10.2.1/../../../../arm-none-eabi/lib/thumb/v7e-m+fp/hard/libc.a(lib_a-fini.o)
                              /home/ktkuri/arm-gcc-tools/bin/../lib/gcc/arm-none-eabi/10.2.1/../../../../arm-none-eabi/lib/thumb/v7e-m+fp/hard/libc.a(lib_a-__call_atexit.o) (__libc_fini_array)
/home/ktkuri/arm-gcc-tools/bin/../lib/gcc/arm-none-eabi/10.2.1/../../../../arm-none-eabi/lib/thumb/v7e-m+fp/hard/libc.a(lib_a-freer.o)
                              /home/ktkuri/arm-gcc-tools/bin/../lib/gcc/arm-none-eabi/10.2.1/../../../../arm-none-eabi/lib/thumb/v7e-m+fp/hard/libc.a(lib_a-vfprintf.o) (_free_r)
/home/ktkuri/arm-gcc-tools/bin/../lib/gcc/arm-none-eabi/10.2.1/../../../../arm-none-eabi/lib/thumb/v7e-m+fp/hard/libc.a(lib_a-fwalk.o)
[...]
Memory Configuration

Name             Origin             Length             Attributes
RAM              0x0000000020000000 0x0000000000030000 xrw
CCMRAM           0x0000000010000000 0x0000000000010000 xrw
FLASH            0x0000000008000000 0x0000000000100000 xr
EXTSRAM          0x00000000c0000000 0x0000000002000000 xrw
*default*        0x0000000000000000 0xffffffffffffffff

Linker script and memory map

LOAD /home/ktkuri/arm-gcc-tools/bin/../lib/gcc/arm-none-eabi/10.2.1/thumb/v7e-m+fp/hard/crti.o
LOAD /home/ktkuri/arm-gcc-tools/bin/../lib/gcc/arm-none-eabi/10.2.1/thumb/v7e-m+fp/hard/crtbegin.o
LOAD /home/ktkuri/arm-gcc-tools/bin/../lib/gcc/arm-none-eabi/10.2.1/../../../../arm-none-eabi/lib/thumb/v7e-m+fp/hard/crt0.o
LOAD ./GCC/build/main.o
LOAD ./GCC/build/system_stm32f4xx.o
LOAD ./GCC/build/misc.o
LOAD ./GCC/build/stm32f4xx_adc.o
LOAD ./GCC/build/stm32f4xx_can.o
LOAD ./GCC/build/stm32f4xx_cec.o
LOAD ./GCC/build/stm32f4xx_crc.o
LOAD ./GCC/build/stm32f4xx_cryp_aes.o
LOAD ./GCC/build/stm32f4xx_cryp.o
LOAD ./GCC/build/stm32f4xx_cryp_des.o
LOAD ./GCC/build/stm32f4xx_cryp_tdes.o
LOAD ./GCC/build/stm32f4xx_dac.o
LOAD ./GCC/build/stm32f4xx_dbgmcu.o
LOAD ./GCC/build/stm32f4xx_dcmi.o
LOAD ./GCC/build/stm32f4xx_dfsdm.o
LOAD ./GCC/build/stm32f4xx_dma2d.o
LOAD ./GCC/build/stm32f4xx_dma.o
LOAD ./GCC/build/stm32f4xx_dsi.o
LOAD ./GCC/build/stm32f4xx_exti.o
LOAD ./GCC/build/stm32f4xx_flash.o
LOAD ./GCC/build/stm32f4xx_flash_ramfunc.o
LOAD ./GCC/build/stm32f4xx_fmc.o
LOAD ./GCC/build/stm32f4xx_fmpi2c.o
LOAD ./GCC/build/stm32f4xx_gpio.o
LOAD ./GCC/build/stm32f4xx_hash.o
LOAD ./GCC/build/stm32f4xx_hash_md5.o
LOAD ./GCC/build/stm32f4xx_hash_sha1.o
LOAD ./GCC/build/stm32f4xx_i2c.o
LOAD ./GCC/build/stm32f4xx_iwdg.o
LOAD ./GCC/build/stm32f4xx_lptim.o
LOAD ./GCC/build/stm32f4xx_ltdc.o
LOAD ./GCC/build/stm32f4xx_pwr.o
LOAD ./GCC/build/stm32f4xx_qspi.o
LOAD ./GCC/build/stm32f4xx_rcc.o
LOAD ./GCC/build/stm32f4xx_rng.o
LOAD ./GCC/build/stm32f4xx_rtc.o
LOAD ./GCC/build/stm32f4xx_sai.o
LOAD ./GCC/build/stm32f4xx_sdio.o
LOAD ./GCC/build/stm32f4xx_spdifrx.o
LOAD ./GCC/build/stm32f4xx_spi.o
LOAD ./GCC/build/stm32f4xx_syscfg.o
LOAD ./GCC/build/stm32f4xx_tim.o
LOAD ./GCC/build/stm32f4xx_usart.o
LOAD ./GCC/build/stm32f4xx_wwdg.o
LOAD ./GCC/build/delay.o
LOAD ./GCC/build/sys.o
LOAD ./GCC/build/usart.o
LOAD ./GCC/build/lcd.o
LOAD ./GCC/build/ltdc.o
LOAD ./GCC/build/sdram.o
LOAD ./GCC/build/ctiic.o
LOAD ./GCC/build/ft5206.o
LOAD ./GCC/build/gt9xxx.o
LOAD ./GCC/build/touch.o
LOAD ./GCC/build/JY61_usart6.o
LOAD ./GCC/build/bank.o
LOAD ./GCC/build/BSP.o
LOAD ./GCC/build/exit.o
LOAD ./GCC/build/GUILib.o
LOAD ./GCC/build/shell_cmd.o
LOAD ./GCC/build/startup_stm32f429_439xx.o
LOAD /home/ktkuri/arm-gcc-tools/bin/../lib/gcc/arm-none-eabi/10.2.1/../../../../arm-none-eabi/lib/thumb/v7e-m+fp/hard/libnosys.a
LOAD /home/ktkuri/arm-gcc-tools/bin/../lib/gcc/arm-none-eabi/10.2.1/../../../../arm-none-eabi/lib/thumb/v7e-m+fp/hard/libstdc++.a
LOAD /home/ktkuri/arm-gcc-tools/bin/../lib/gcc/arm-none-eabi/10.2.1/../../../../arm-none-eabi/lib/thumb/v7e-m+fp/hard/libm.a
LOAD /home/ktkuri/arm-gcc-tools/bin/../lib/gcc/arm-none-eabi/10.2.1/../../../../arm-none-eabi/lib/thumb/v7e-m+fp/hard/libc.a
START GROUP
LOAD /home/ktkuri/arm-gcc-tools/bin/../lib/gcc/arm-none-eabi/10.2.1/thumb/v7e-m+fp/hard/libgcc.a
LOAD /home/ktkuri/arm-gcc-tools/bin/../lib/gcc/arm-none-eabi/10.2.1/../../../../arm-none-eabi/lib/thumb/v7e-m+fp/hard/libc.a
END GROUP
START GROUP
LOAD /home/ktkuri/arm-gcc-tools/bin/../lib/gcc/arm-none-eabi/10.2.1/thumb/v7e-m+fp/hard/libgcc.a
LOAD /home/ktkuri/arm-gcc-tools/bin/../lib/gcc/arm-none-eabi/10.2.1/../../../../arm-none-eabi/lib/thumb/v7e-m+fp/hard/libc.a
LOAD /home/ktkuri/arm-gcc-tools/bin/../lib/gcc/arm-none-eabi/10.2.1/../../../../arm-none-eabi/lib/thumb/v7e-m+fp/hard/libnosys.a
END GROUP
LOAD /home/ktkuri/arm-gcc-tools/bin/../lib/gcc/arm-none-eabi/10.2.1/thumb/v7e-m+fp/hard/crtend.o
LOAD /home/ktkuri/arm-gcc-tools/bin/../lib/gcc/arm-none-eabi/10.2.1/thumb/v7e-m+fp/hard/crtn.o
                0x0000000020030000                _estack = (ORIGIN (RAM) + LENGTH (RAM))
                0x0000000000000200                _Min_Heap_Size = 0x200
                0x0000000000000400                _Min_Stack_Size = 0x400

.isr_vector     0x0000000008000000      0x1ac
                0x0000000008000000                . = ALIGN (0x4)
 *(.isr_vector)
 .isr_vector    0x0000000008000000      0x1ac ./GCC/build/startup_stm32f429_439xx.o
                0x0000000008000000                g_pfnVectors
                0x00000000080001ac                . = ALIGN (0x4)

.text           0x00000000080001c0     0xc24c
                0x00000000080001c0                . = ALIGN (0x4)
 *(.text)
 .text          0x00000000080001c0       0x40 /home/ktkuri/arm-gcc-tools/bin/../lib/gcc/arm-none-eabi/10.2.1/thumb/v7e-m+fp/hard/crtbegin.o
 .text          0x0000000008000200      0x2dc /home/ktkuri/arm-gcc-tools/bin/../lib/gcc/arm-none-eabi/10.2.1/../../../../arm-none-eabi/lib/thumb/v7e-m+fp/hard/libc.a(lib_a-strcmp.o)
                0x0000000008000208                strcmp
 *fill*         0x00000000080004dc        0x4 
 .text          0x00000000080004e0       0xa0 /home/ktkuri/arm-gcc-tools/bin/../lib/gcc/arm-none-eabi/10.2.1/../../../../arm-none-eabi/lib/thumb/v7e-m+fp/hard/libc.a(lib_a-memchr.o)
                0x00000000080004e0                memchr
 .text          0x0000000008000580      0x134 /home/ktkuri/arm-gcc-tools/bin/../lib/gcc/arm-none-eabi/10.2.1/../../../../arm-none-eabi/lib/thumb/v7e-m+fp/hard/libc.a(lib_a-memcpy.o)
                0x0000000008000580                memcpy
 *fill*         0x00000000080006b4        0xc 
 .text          0x00000000080006c0       0xdc /home/ktkuri/arm-gcc-tools/bin/../lib/gcc/arm-none-eabi/10.2.1/../../../../arm-none-eabi/lib/thumb/v7e-m+fp/hard/libc.a(lib_a-strlen.o)
                0x00000000080006c0                strlen
 .text          0x000000000800079c      0x378 /home/ktkuri/arm-gcc-tools/bin/../lib/gcc/arm-none-eabi/10.2.1/thumb/v7e-m+fp/hard/libgcc.a(_arm_addsubdf3.o)
                0x000000000800079c                __aeabi_drsub
                0x00000000080007a4                __aeabi_dsub
                0x00000000080007a4                __subdf3
                0x00000000080007a8                __adddf3
                0x00000000080007a8                __aeabi_dadd
                0x0000000008000a20                __aeabi_ui2d
                0x0000000008000a20                __floatunsidf
                0x0000000008000a40                __floatsidf
                0x0000000008000a40                __aeabi_i2d
                0x0000000008000a64                __extendsfdf2
                0x0000000008000a64                __aeabi_f2d
                0x0000000008000aa8                __aeabi_ul2d
                0x0000000008000aa8                __floatundidf
                0x0000000008000ab8                __floatdidf
                0x0000000008000ab8                __aeabi_l2d
 .text          0x0000000008000b14      0x424 /home/ktkuri/arm-gcc-tools/bin/../lib/gcc/arm-none-eabi/10.2.1/thumb/v7e-m+fp/hard/libgcc.a(_arm_muldivdf3.o)
                0x0000000008000b14                __aeabi_dmul
                0x0000000008000b14                __muldf3
                0x0000000008000d68                __aeabi_ddiv
                0x0000000008000d68                __divdf3
 .text          0x0000000008000f38      0x110 /home/ktkuri/arm-gcc-tools/bin/../lib/gcc/arm-none-eabi/10.2.1/thumb/v7e-m+fp/hard/libgcc.a(_arm_cmpdf2.o)
                0x0000000008000f38                __gtdf2
                0x0000000008000f38                __gedf2
                0x0000000008000f40                __ltdf2
                0x0000000008000f40                __ledf2
                0x0000000008000f48                __cmpdf2
                0x0000000008000f48                __eqdf2
                0x0000000008000f48                __nedf2
                0x0000000008000fc4                __aeabi_cdrcmple
                0x0000000008000fd4                __aeabi_cdcmple
                0x0000000008000fd4                __aeabi_cdcmpeq
                0x0000000008000fe4                __aeabi_dcmpeq
                0x0000000008000ff8                __aeabi_dcmplt
                0x000000000800100c                __aeabi_dcmple
                0x0000000008001020                __aeabi_dcmpge
                0x0000000008001034                __aeabi_dcmpgt
 .text          0x0000000008001048       0x2c /home/ktkuri/arm-gcc-tools/bin/../lib/gcc/arm-none-eabi/10.2.1/thumb/v7e-m+fp/hard/libgcc.a(_arm_unorddf2.o)
                0x0000000008001048                __aeabi_dcmpun
                0x0000000008001048                __unorddf2
 .text          0x0000000008001074       0x50 /home/ktkuri/arm-gcc-tools/bin/../lib/gcc/arm-none-eabi/10.2.1/thumb/v7e-m+fp/hard/libgcc.a(_arm_fixdfsi.o)
                0x0000000008001074                __fixdfsi
                0x0000000008001074                __aeabi_d2iz
 .text          0x00000000080010c4       0x30 /home/ktkuri/arm-gcc-tools/bin/../lib/gcc/arm-none-eabi/10.2.1/thumb/v7e-m+fp/hard/libgcc.a(_aeabi_uldivmod.o)
                0x00000000080010c4                __aeabi_uldivmod
 .text          0x00000000080010f4      0x2d0 /home/ktkuri/arm-gcc-tools/bin/../lib/gcc/arm-none-eabi/10.2.1/thumb/v7e-m+fp/hard/libgcc.a(_udivmoddi4.o)
                0x00000000080010f4                __udivmoddi4
 .text          0x00000000080013c4      0x9d8 /home/ktkuri/arm-gcc-tools/bin/../lib/gcc/arm-none-eabi/10.2.1/thumb/v7e-m+fp/hard/libgcc.a(unwind-arm.o)
                0x000000000800166c                _Unwind_GetCFA
                0x0000000008001670                __gnu_Unwind_RaiseException
                0x00000000080016d8                __gnu_Unwind_ForcedUnwind
                0x00000000080016e8                __gnu_Unwind_Resume
                0x000000000800172c                __gnu_Unwind_Resume_or_Rethrow
                0x000000000800173c                _Unwind_Complete
                0x0000000008001740                _Unwind_DeleteException
                0x000000000800174c                _Unwind_VRS_Get
                0x0000000008001798                _Unwind_VRS_Set
                0x00000000080017e0                __gnu_Unwind_Backtrace
                0x0000000008001b0c                __aeabi_unwind_cpp_pr0
                0x0000000008001b10                __aeabi_unwind_cpp_pr1
                0x0000000008001b14                __aeabi_unwind_cpp_pr2
                0x0000000008001b18                _Unwind_VRS_Pop
 .text          0x0000000008001d9c      0x1ac /home/ktkuri/arm-gcc-tools/bin/../lib/gcc/arm-none-eabi/10.2.1/thumb/v7e-m+fp/hard/libgcc.a(libunwind.o)
                0x0000000008001d9c                __restore_core_regs
                0x0000000008001d9c                restore_core_regs
                0x0000000008001db4                __gnu_Unwind_Restore_VFP
                0x0000000008001dbc                __gnu_Unwind_Save_VFP
                0x0000000008001dc4                __gnu_Unwind_Restore_VFP_D
                0x0000000008001dcc                __gnu_Unwind_Save_VFP_D
                0x0000000008001dd4                __gnu_Unwind_Restore_VFP_D_16_to_31
                0x0000000008001ddc                __gnu_Unwind_Save_VFP_D_16_to_31
                0x0000000008001de4                __gnu_Unwind_Restore_WMMXD
                0x0000000008001e28                __gnu_Unwind_Save_WMMXD
                0x0000000008001e6c                __gnu_Unwind_Restore_WMMXC
                0x0000000008001e80                __gnu_Unwind_Save_WMMXC
                0x0000000008001e94                ___Unwind_RaiseException
                0x0000000008001e94                _Unwind_RaiseException
                0x0000000008001eb8                ___Unwind_Resume
                0x0000000008001eb8                _Unwind_Resume
                0x0000000008001edc                _Unwind_Resume_or_Rethrow
                0x0000000008001edc                ___Unwind_Resume_or_Rethrow
                0x0000000008001f00                ___Unwind_ForcedUnwind
                0x0000000008001f00                _Unwind_ForcedUnwind
                0x0000000008001f24                _Unwind_Backtrace
                0x0000000008001f24                ___Unwind_Backtrace
 .text          0x0000000008001f48      0x350 /home/ktkuri/arm-gcc-tools/bin/../lib/gcc/arm-none-eabi/10.2.1/thumb/v7e-m+fp/hard/libgcc.a(pr-support.o)
                0x0000000008001fa0                __gnu_unwind_execute
                0x000000000800224c                __gnu_unwind_frame
                0x0000000008002278                _Unwind_GetRegionStart
                0x0000000008002284                _Unwind_GetLanguageSpecificData
 .text          0x0000000008002298        0x4 /home/ktkuri/arm-gcc-tools/bin/../lib/gcc/arm-none-eabi/10.2.1/thumb/v7e-m+fp/hard/libgcc.a(_dvmd_tls.o)
                0x0000000008002298                __aeabi_ldiv0
                0x0000000008002298                __aeabi_idiv0
 *(.text*)
 .text.main     0x000000000800229c        0x8 ./GCC/build/main.o
                0x000000000800229c                main
 .text.button_response
                0x00000000080022a4       0x6c ./GCC/build/main.o
                0x00000000080022a4                button_response
 .text.SetSysClock
                0x0000000008002310       0xec ./GCC/build/system_stm32f4xx.o
 .text.SystemInit
                0x00000000080023fc       0x50 ./GCC/build/system_stm32f4xx.o
                0x00000000080023fc                SystemInit
 .text.NVIC_Init
                0x000000000800244c       0x64 ./GCC/build/misc.o
                0x000000000800244c                NVIC_Init
 .text.EXTI_Init
                0x00000000080024b0       0x90 ./GCC/build/stm32f4xx_exti.o
                0x00000000080024b0                EXTI_Init
 .text.EXTI_GetITStatus
                0x0000000008002540       0x14 ./GCC/build/stm32f4xx_exti.o
                0x0000000008002540                EXTI_GetITStatus
 .text.EXTI_ClearITPendingBit
                0x0000000008002554        0xc ./GCC/build/stm32f4xx_exti.o
                0x0000000008002554                EXTI_ClearITPendingBit
 .text.GPIO_Init
                0x0000000008002560       0xa6 ./GCC/build/stm32f4xx_gpio.o
                0x0000000008002560                GPIO_Init
 .text.GPIO_PinAFConfig
                0x0000000008002606       0x34 ./GCC/build/stm32f4xx_gpio.o
                0x0000000008002606                GPIO_PinAFConfig
 *fill*         0x000000000800263a        0x2 
 .text.RCC_GetClocksFreq
                0x000000000800263c       0xb8 ./GCC/build/stm32f4xx_rcc.o
                0x000000000800263c                RCC_GetClocksFreq
 .text.RCC_AHB1PeriphClockCmd
                0x00000000080026f4       0x1c ./GCC/build/stm32f4xx_rcc.o
                0x00000000080026f4                RCC_AHB1PeriphClockCmd
 .text.RCC_APB1PeriphClockCmd
                0x0000000008002710       0x1c ./GCC/build/stm32f4xx_rcc.o
                0x0000000008002710                RCC_APB1PeriphClockCmd
 .text.RCC_APB2PeriphClockCmd
                0x000000000800272c       0x1c ./GCC/build/stm32f4xx_rcc.o
                0x000000000800272c                RCC_APB2PeriphClockCmd
 .text.SYSCFG_EXTILineConfig
                0x0000000008002748       0x38 ./GCC/build/stm32f4xx_syscfg.o
                0x0000000008002748                SYSCFG_EXTILineConfig
 .text.USART_Init
                0x0000000008002780       0xcc ./GCC/build/stm32f4xx_usart.o
                0x0000000008002780                USART_Init
 .text.USART_Cmd
                0x000000000800284c       0x1c ./GCC/build/stm32f4xx_usart.o
                0x000000000800284c                USART_Cmd
 .text.USART_ReceiveData
                0x0000000008002868        0x8 ./GCC/build/stm32f4xx_usart.o
                0x0000000008002868                USART_ReceiveData
 .text.USART_ITConfig
                0x0000000008002870       0x36 ./GCC/build/stm32f4xx_usart.o
                0x0000000008002870                USART_ITConfig
 .text.USART_GetITStatus
                0x00000000080028a6       0x4a ./GCC/build/stm32f4xx_usart.o
                0x00000000080028a6                USART_GetITStatus
 .text.USART_ClearITPendingBit
                0x00000000080028f0       0x10 ./GCC/build/stm32f4xx_usart.o
                0x00000000080028f0                USART_ClearITPendingBit
 .text.delay_init
                0x0000000008002900       0x2c ./GCC/build/delay.o
                0x0000000008002900                delay_init
 .text.delay_us
                0x000000000800292c       0x40 ./GCC/build/delay.o
                0x000000000800292c                delay_us
 .text.delay_xms
                0x000000000800296c       0x40 ./GCC/build/delay.o
                0x000000000800296c                delay_xms
 .text.delay_ms
                0x00000000080029ac       0x38 ./GCC/build/delay.o
                0x00000000080029ac                delay_ms
 .text.sys_gpio_set
                0x00000000080029e4       0x8c ./GCC/build/sys.o
                0x00000000080029e4                sys_gpio_set
 .text.sys_gpio_pin_set
                0x0000000008002a70       0x18 ./GCC/build/sys.o
                0x0000000008002a70                sys_gpio_pin_set
 .text.sys_gpio_pin_get
                0x0000000008002a88        0xe ./GCC/build/sys.o
                0x0000000008002a88                sys_gpio_pin_get
 *fill*         0x0000000008002a96        0x2 
 .text._write   0x0000000008002a98       0x34 ./GCC/build/usart.o
                0x0000000008002a98                _write
 .text.USART1_Init
                0x0000000008002acc       0x94 ./GCC/build/usart.o
                0x0000000008002acc                USART1_Init
 .text.USART2_Init
                0x0000000008002b60       0x98 ./GCC/build/usart.o
                0x0000000008002b60                USART2_Init
 .text.USART1_IRQHandler
                0x0000000008002bf8       0x70 ./GCC/build/usart.o
                0x0000000008002bf8                USART1_IRQHandler
 .text.USART2_IRQHandler
                0x0000000008002c68       0x70 ./GCC/build/usart.o
                0x0000000008002c68                USART2_IRQHandler
 .text.LCD_DrawPoint
                0x0000000008002cd8       0x1c ./GCC/build/lcd.o
                0x0000000008002cd8                LCD_DrawPoint
 .text.LCD_Display_Dir
                0x0000000008002cf4       0x28 ./GCC/build/lcd.o
                0x0000000008002cf4                LCD_Display_Dir
 .text.LCD_Clear
                0x0000000008002d1c       0x14 ./GCC/build/lcd.o
                0x0000000008002d1c                LCD_Clear
 .text.LCD_Init
                0x0000000008002d30       0x7c ./GCC/build/lcd.o
                0x0000000008002d30                LCD_Init
 .text.LCD_DrawLine
                0x0000000008002dac       0x9e ./GCC/build/lcd.o
                0x0000000008002dac                LCD_DrawLine
 .text.LCD_DrawRectangle
                0x0000000008002e4a       0x3e ./GCC/build/lcd.o
                0x0000000008002e4a                LCD_DrawRectangle
 .text.LCD_ShowChar
                0x0000000008002e88      0x110 ./GCC/build/lcd.o
                0x0000000008002e88                LCD_ShowChar
 .text.Printf   0x0000000008002f98       0x6e ./GCC/build/lcd.o
                0x0000000008002f98                Printf
 *fill*         0x0000000008003006        0x2 
 .text.LTDC_Switch
                0x0000000008003008       0x24 ./GCC/build/ltdc.o
                0x0000000008003008                LTDC_Switch
 .text.LTDC_Layer_Switch
                0x000000000800302c       0x54 ./GCC/build/ltdc.o
                0x000000000800302c                LTDC_Layer_Switch
 .text.LTDC_Select_Layer
                0x0000000008003080        0xc ./GCC/build/ltdc.o
                0x0000000008003080                LTDC_Select_Layer
 .text.LTDC_Display_Dir
                0x000000000800308c       0x28 ./GCC/build/ltdc.o
                0x000000000800308c                LTDC_Display_Dir
 .text.LTDC_Draw_Point
                0x00000000080030b4       0x4c ./GCC/build/ltdc.o
                0x00000000080030b4                LTDC_Draw_Point
 .text.LTDC_Fill
                0x0000000008003100       0xc0 ./GCC/build/ltdc.o
                0x0000000008003100                LTDC_Fill
 .text.LTDC_Clear
                0x00000000080031c0       0x28 ./GCC/build/ltdc.o
                0x00000000080031c0                LTDC_Clear
 .text.LTDC_Clk_Set
                0x00000000080031e8       0x90 ./GCC/build/ltdc.o
                0x00000000080031e8                LTDC_Clk_Set
 .text.LTDC_Layer_Window_Config
                0x0000000008003278       0xf8 ./GCC/build/ltdc.o
                0x0000000008003278                LTDC_Layer_Window_Config
 .text.LTDC_Layer_Parameter_Config
                0x0000000008003370       0x54 ./GCC/build/ltdc.o
                0x0000000008003370                LTDC_Layer_Parameter_Config
 .text.LTDC_PanelID_Read
                0x00000000080033c4       0x9c ./GCC/build/ltdc.o
                0x00000000080033c4                LTDC_PanelID_Read
 .text.__LTDC_Init
                0x0000000008003460      0x274 ./GCC/build/ltdc.o
                0x0000000008003460                __LTDC_Init
 .text.SDRAM_Send_Cmd
                0x00000000080036d4       0x38 ./GCC/build/sdram.o
                0x00000000080036d4                SDRAM_Send_Cmd
 .text.SDRAM_Init
                0x000000000800370c      0x27c ./GCC/build/sdram.o
                0x000000000800370c                SDRAM_Init
 .text.ct_iic_delay
                0x0000000008003988        0xa ./GCC/build/ctiic.o
 *fill*         0x0000000008003992        0x2 
 .text.ct_iic_start
                0x0000000008003994       0x44 ./GCC/build/ctiic.o
                0x0000000008003994                ct_iic_start
 .text.ct_iic_stop
                0x00000000080039d8       0x38 ./GCC/build/ctiic.o
                0x00000000080039d8                ct_iic_stop
 .text.ct_iic_init
                0x0000000008003a10       0x4c ./GCC/build/ctiic.o
                0x0000000008003a10                ct_iic_init
 .text.ct_iic_wait_ack
                0x0000000008003a5c       0x5c ./GCC/build/ctiic.o
                0x0000000008003a5c                ct_iic_wait_ack
 .text.ct_iic_ack
                0x0000000008003ab8       0x48 ./GCC/build/ctiic.o
                0x0000000008003ab8                ct_iic_ack
 .text.ct_iic_nack
                0x0000000008003b00       0x38 ./GCC/build/ctiic.o
                0x0000000008003b00                ct_iic_nack
 .text.ct_iic_send_byte
                0x0000000008003b38       0x50 ./GCC/build/ctiic.o
                0x0000000008003b38                ct_iic_send_byte
 .text.ct_iic_read_byte
                0x0000000008003b88       0x5c ./GCC/build/ctiic.o
                0x0000000008003b88                ct_iic_read_byte
 .text.gt9xxx_wr_reg
                0x0000000008003be4       0x50 ./GCC/build/gt9xxx.o
                0x0000000008003be4                gt9xxx_wr_reg
 .text.gt9xxx_rd_reg
                0x0000000008003c34       0x58 ./GCC/build/gt9xxx.o
                0x0000000008003c34                gt9xxx_rd_reg
 .text.gt9xxx_scan
                0x0000000008003c8c      0x2a8 ./GCC/build/gt9xxx.o
                0x0000000008003c8c                gt9xxx_scan
 .text.gt9xxx_init
                0x0000000008003f34      0x158 ./GCC/build/gt9xxx.o
                0x0000000008003f34                gt9xxx_init
 .text.tp_write_byte
                0x000000000800408c       0x58 ./GCC/build/touch.o
 .text.tp_read_ad
                0x00000000080040e4       0xbc ./GCC/build/touch.o
 .text.tp_read_xoy
                0x00000000080041a0       0x98 ./GCC/build/touch.o
 .text.tp_init  0x0000000008004238       0x3c ./GCC/build/touch.o
                0x0000000008004238                tp_init
 .text.tp_read_xy
                0x0000000008004274       0x40 ./GCC/build/touch.o
                0x0000000008004274                tp_read_xy
 .text.tp_read_xy2
                0x00000000080042b4       0x84 ./GCC/build/touch.o
 .text.tp_scan  0x0000000008004338       0xf0 ./GCC/build/touch.o
                0x0000000008004338                tp_scan
 .text.GPIO_Set
                0x0000000008004428       0x8e ./GCC/build/bank.o
                0x0000000008004428                GPIO_Set
 .text.GPIO_AF_Set
                0x00000000080044b6       0x34 ./GCC/build/bank.o
                0x00000000080044b6                GPIO_AF_Set
 .text.BSP_Init
                0x00000000080044ea       0x2a ./GCC/build/BSP.o
                0x00000000080044ea                BSP_Init
 .text.EXTI_Configuration
                0x0000000008004514       0x50 ./GCC/build/exit.o
                0x0000000008004514                EXTI_Configuration
 .text.EXTI9_5_IRQHandler
                0x0000000008004564       0x64 ./GCC/build/exit.o
                0x0000000008004564                EXTI9_5_IRQHandler
 .text.Button_check
                0x00000000080045c8      0x10c ./GCC/build/GUILib.o
                0x00000000080045c8                Button_check
 .text.Reset_Handler
                0x00000000080046d4       0x44 ./GCC/build/startup_stm32f429_439xx.o
                0x00000000080046d4                Reset_Handler
 .text.Default_Handler
                0x0000000008004718        0x2 ./GCC/build/startup_stm32f429_439xx.o
                0x0000000008004718                RTC_Alarm_IRQHandler
                0x0000000008004718                HASH_RNG_IRQHandler
                0x0000000008004718                EXTI2_IRQHandler
                0x0000000008004718                TIM8_CC_IRQHandler
                0x0000000008004718                DebugMon_Handler
                0x0000000008004718                UART8_IRQHandler
                0x0000000008004718                SPI4_IRQHandler
                0x0000000008004718                TIM1_CC_IRQHandler
                0x0000000008004718                DMA2_Stream5_IRQHandler
                0x0000000008004718                HardFault_Handler
                0x0000000008004718                DMA1_Stream5_IRQHandler
                0x0000000008004718                SysTick_Handler
                0x0000000008004718                PVD_IRQHandler
                0x0000000008004718                SDIO_IRQHandler
                0x0000000008004718                TAMP_STAMP_IRQHandler
                0x0000000008004718                PendSV_Handler
                0x0000000008004718                NMI_Handler
                0x0000000008004718                CAN2_RX1_IRQHandler
                0x0000000008004718                EXTI3_IRQHandler
                0x0000000008004718                TIM8_TRG_COM_TIM14_IRQHandler
                0x0000000008004718                TIM1_UP_TIM10_IRQHandler
                0x0000000008004718                TIM8_UP_TIM13_IRQHandler
                0x0000000008004718                I2C3_ER_IRQHandler
                0x0000000008004718                EXTI0_IRQHandler
                0x0000000008004718                I2C2_EV_IRQHandler
                0x0000000008004718                DMA1_Stream2_IRQHandler
                0x0000000008004718                CAN1_RX0_IRQHandler
                0x0000000008004718                FPU_IRQHandler
                0x0000000008004718                OTG_HS_WKUP_IRQHandler
                0x0000000008004718                UsageFault_Handler
                0x0000000008004718                LTDC_ER_IRQHandler
                0x0000000008004718                CAN2_SCE_IRQHandler
                0x0000000008004718                DMA2_Stream2_IRQHandler
                0x0000000008004718                SPI1_IRQHandler
                0x0000000008004718                TIM6_DAC_IRQHandler
                0x0000000008004718                TIM1_BRK_TIM9_IRQHandler
                0x0000000008004718                DCMI_IRQHandler
                0x0000000008004718                CAN2_RX0_IRQHandler
                0x0000000008004718                DMA2_Stream3_IRQHandler
                0x0000000008004718                USART6_IRQHandler
                0x0000000008004718                USART3_IRQHandler
                0x0000000008004718                CRYP_IRQHandler
                0x0000000008004718                CAN1_RX1_IRQHandler
                0x0000000008004718                UART5_IRQHandler
                0x0000000008004718                DMA2_Stream0_IRQHandler
                0x0000000008004718                TIM4_IRQHandler
                0x0000000008004718                I2C1_EV_IRQHandler
                0x0000000008004718                DMA1_Stream6_IRQHandler
                0x0000000008004718                DMA1_Stream1_IRQHandler
                0x0000000008004718                UART4_IRQHandler
                0x0000000008004718                TIM3_IRQHandler
                0x0000000008004718                RCC_IRQHandler
                0x0000000008004718                TIM8_BRK_TIM12_IRQHandler
                0x0000000008004718                Default_Handler
                0x0000000008004718                EXTI15_10_IRQHandler
                0x0000000008004718                ADC_IRQHandler
                0x0000000008004718                DMA1_Stream7_IRQHandler
                0x0000000008004718                SPI5_IRQHandler
                0x0000000008004718                TIM7_IRQHandler
                0x0000000008004718                CAN2_TX_IRQHandler
                0x0000000008004718                TIM5_IRQHandler
                0x0000000008004718                DMA2_Stream7_IRQHandler
                0x0000000008004718                I2C3_EV_IRQHandler
                0x0000000008004718                RTC_WKUP_IRQHandler
                0x0000000008004718                LTDC_IRQHandler
                0x0000000008004718                ETH_WKUP_IRQHandler
                0x0000000008004718                SPI2_IRQHandler
                0x0000000008004718                OTG_HS_EP1_IN_IRQHandler
                0x0000000008004718                MemManage_Handler
                0x0000000008004718                DMA1_Stream0_IRQHandler
                0x0000000008004718                CAN1_TX_IRQHandler
                0x0000000008004718                SVC_Handler
                0x0000000008004718                EXTI4_IRQHandler
                0x0000000008004718                FSMC_IRQHandler
                0x0000000008004718                ETH_IRQHandler
                0x0000000008004718                OTG_HS_EP1_OUT_IRQHandler
                0x0000000008004718                WWDG_IRQHandler
                0x0000000008004718                SPI6_IRQHandler
                0x0000000008004718                TIM2_IRQHandler
                0x0000000008004718                OTG_FS_WKUP_IRQHandler
                0x0000000008004718                TIM1_TRG_COM_TIM11_IRQHandler
                0x0000000008004718                OTG_HS_IRQHandler
                0x0000000008004718                DMA2D_IRQHandler
                0x0000000008004718                EXTI1_IRQHandler
                0x0000000008004718                UART7_IRQHandler
                0x0000000008004718                I2C2_ER_IRQHandler
                0x0000000008004718                DMA2_Stream1_IRQHandler
                0x0000000008004718                CAN1_SCE_IRQHandler
                0x0000000008004718                FLASH_IRQHandler
                0x0000000008004718                DMA2_Stream4_IRQHandler
                0x0000000008004718                BusFault_Handler
                0x0000000008004718                OTG_FS_IRQHandler
                0x0000000008004718                SPI3_IRQHandler
                0x0000000008004718                DMA1_Stream4_IRQHandler
                0x0000000008004718                I2C1_ER_IRQHandler
                0x0000000008004718                DMA2_Stream6_IRQHandler
                0x0000000008004718                SAI1_IRQHandler
                0x0000000008004718                DMA1_Stream3_IRQHandler
 *fill*         0x000000000800471a        0x2 
 .text.memset   0x000000000800471c       0xa4 /home/ktkuri/arm-gcc-tools/bin/../lib/gcc/arm-none-eabi/10.2.1/../../../../arm-none-eabi/lib/thumb/v7e-m+fp/hard/libc.a(lib_a-memset.o)
                0x000000000800471c                memset
 .text.printf   0x00000000080047c0       0x28 /home/ktkuri/arm-gcc-tools/bin/../lib/gcc/arm-none-eabi/10.2.1/../../../../arm-none-eabi/lib/thumb/v7e-m+fp/hard/libc.a(lib_a-printf.o)
                0x00000000080047c0                printf
 .text._vfprintf_r
                0x00000000080047e8     0x1b94 /home/ktkuri/arm-gcc-tools/bin/../lib/gcc/arm-none-eabi/10.2.1/../../../../arm-none-eabi/lib/thumb/v7e-m+fp/hard/libc.a(lib_a-vfprintf.o)
                0x00000000080047e8                _vfprintf_r
 .text.__sbprintf
                0x000000000800637c       0x80 /home/ktkuri/arm-gcc-tools/bin/../lib/gcc/arm-none-eabi/10.2.1/../../../../arm-none-eabi/lib/thumb/v7e-m+fp/hard/libc.a(lib_a-vfprintf.o)
 .text.vsprintf
                0x00000000080063fc       0x38 /home/ktkuri/arm-gcc-tools/bin/../lib/gcc/arm-none-eabi/10.2.1/../../../../arm-none-eabi/lib/thumb/v7e-m+fp/hard/libc.a(lib_a-vsprintf.o)
                0x00000000080063fc                vsprintf
 .text.__swsetup_r
                0x0000000008006434       0xd4 /home/ktkuri/arm-gcc-tools/bin/../lib/gcc/arm-none-eabi/10.2.1/../../../../arm-none-eabi/lib/thumb/v7e-m+fp/hard/libc.a(lib_a-wsetup.o)
                0x0000000008006434                __swsetup_r
 .text.startup.register_fini
                0x0000000008006508       0x14 /home/ktkuri/arm-gcc-tools/bin/../lib/gcc/arm-none-eabi/10.2.1/../../../../arm-none-eabi/lib/thumb/v7e-m+fp/hard/libc.a(lib_a-__call_atexit.o)
 .text.atexit   0x000000000800651c        0xc /home/ktkuri/arm-gcc-tools/bin/../lib/gcc/arm-none-eabi/10.2.1/../../../../arm-none-eabi/lib/thumb/v7e-m+fp/hard/libc.a(lib_a-atexit.o)
                0x000000000800651c                atexit
 .text.quorem   0x0000000008006528      0x128 /home/ktkuri/arm-gcc-tools/bin/../lib/gcc/arm-none-eabi/10.2.1/../../../../arm-none-eabi/lib/thumb/v7e-m+fp/hard/libc.a(lib_a-dtoa.o)
 .text._dtoa_r  0x0000000008006650      0xf40 /home/ktkuri/arm-gcc-tools/bin/../lib/gcc/arm-none-eabi/10.2.1/../../../../arm-none-eabi/lib/thumb/v7e-m+fp/hard/libc.a(lib_a-dtoa.o)
                0x0000000008006650                _dtoa_r
 .text.__sflush_r
                0x0000000008007590      0x130 /home/ktkuri/arm-gcc-tools/bin/../lib/gcc/arm-none-eabi/10.2.1/../../../../arm-none-eabi/lib/thumb/v7e-m+fp/hard/libc.a(lib_a-fflush.o)
                0x0000000008007590                __sflush_r
 .text._fflush_r
                0x00000000080076c0       0x5c /home/ktkuri/arm-gcc-tools/bin/../lib/gcc/arm-none-eabi/10.2.1/../../../../arm-none-eabi/lib/thumb/v7e-m+fp/hard/libc.a(lib_a-fflush.o)
                0x00000000080076c0                _fflush_r
 .text._cleanup_r
                0x000000000800771c        0xc /home/ktkuri/arm-gcc-tools/bin/../lib/gcc/arm-none-eabi/10.2.1/../../../../arm-none-eabi/lib/thumb/v7e-m+fp/hard/libc.a(lib_a-findfp.o)
                0x000000000800771c                _cleanup_r
 .text.__sinit  0x0000000008007728      0x10c /home/ktkuri/arm-gcc-tools/bin/../lib/gcc/arm-none-eabi/10.2.1/../../../../arm-none-eabi/lib/thumb/v7e-m+fp/hard/libc.a(lib_a-findfp.o)
                0x0000000008007728                __sinit
 .text.__sfp_lock_acquire
                0x0000000008007834        0xc /home/ktkuri/arm-gcc-tools/bin/../lib/gcc/arm-none-eabi/10.2.1/../../../../arm-none-eabi/lib/thumb/v7e-m+fp/hard/libc.a(lib_a-findfp.o)
                0x0000000008007834                __sfp_lock_acquire
 .text.__sfp_lock_release
                0x0000000008007840        0xc /home/ktkuri/arm-gcc-tools/bin/../lib/gcc/arm-none-eabi/10.2.1/../../../../arm-none-eabi/lib/thumb/v7e-m+fp/hard/libc.a(lib_a-findfp.o)
                0x0000000008007840                __sfp_lock_release
 .text.__libc_fini_array
                0x000000000800784c       0x2c /home/ktkuri/arm-gcc-tools/bin/../lib/gcc/arm-none-eabi/10.2.1/../../../../arm-none-eabi/lib/thumb/v7e-m+fp/hard/libc.a(lib_a-fini.o)
                0x000000000800784c                __libc_fini_array
 .text._malloc_trim_r
                0x0000000008007878       0xa0 /home/ktkuri/arm-gcc-tools/bin/../lib/gcc/arm-none-eabi/10.2.1/../../../../arm-none-eabi/lib/thumb/v7e-m+fp/hard/libc.a(lib_a-freer.o)
                0x0000000008007878                _malloc_trim_r
 .text._free_r  0x0000000008007918      0x20c /home/ktkuri/arm-gcc-tools/bin/../lib/gcc/arm-none-eabi/10.2.1/../../../../arm-none-eabi/lib/thumb/v7e-m+fp/hard/libc.a(lib_a-freer.o)
                0x0000000008007918                _free_r
 .text._fwalk_reent
                0x0000000008007b24       0x48 /home/ktkuri/arm-gcc-tools/bin/../lib/gcc/arm-none-eabi/10.2.1/../../../../arm-none-eabi/lib/thumb/v7e-m+fp/hard/libc.a(lib_a-fwalk.o)
                0x0000000008007b24                _fwalk_reent
 .text._localeconv_r
                0x0000000008007b6c        0x8 /home/ktkuri/arm-gcc-tools/bin/../lib/gcc/arm-none-eabi/10.2.1/../../../../arm-none-eabi/lib/thumb/v7e-m+fp/hard/libc.a(lib_a-localeconv.o)
                0x0000000008007b6c                _localeconv_r
 .text.__retarget_lock_init_recursive
                0x0000000008007b74        0x4 /home/ktkuri/arm-gcc-tools/bin/../lib/gcc/arm-none-eabi/10.2.1/../../../../arm-none-eabi/lib/thumb/v7e-m+fp/hard/libc.a(lib_a-lock.o)
                0x0000000008007b74                __retarget_lock_init_recursive
 .text.__retarget_lock_close_recursive
                0x0000000008007b78        0x4 /home/ktkuri/arm-gcc-tools/bin/../lib/gcc/arm-none-eabi/10.2.1/../../../../arm-none-eabi/lib/thumb/v7e-m+fp/hard/libc.a(lib_a-lock.o)
                0x0000000008007b78                __retarget_lock_close_recursive
 .text.__retarget_lock_acquire_recursive
                0x0000000008007b7c        0x4 /home/ktkuri/arm-gcc-tools/bin/../lib/gcc/arm-none-eabi/10.2.1/../../../../arm-none-eabi/lib/thumb/v7e-m+fp/hard/libc.a(lib_a-lock.o)
                0x0000000008007b7c                __retarget_lock_acquire_recursive
 .text.__retarget_lock_release_recursive
                0x0000000008007b80        0x4 /home/ktkuri/arm-gcc-tools/bin/../lib/gcc/arm-none-eabi/10.2.1/../../../../arm-none-eabi/lib/thumb/v7e-m+fp/hard/libc.a(lib_a-lock.o)
                0x0000000008007b80                __retarget_lock_release_recursive
 .text.__smakebuf_r
                0x0000000008007b84       0xe0 /home/ktkuri/arm-gcc-tools/bin/../lib/gcc/arm-none-eabi/10.2.1/../../../../arm-none-eabi/lib/thumb/v7e-m+fp/hard/libc.a(lib_a-makebuf.o)
                0x0000000008007b84                __smakebuf_r
 .text._malloc_r
                0x0000000008007c64      0x560 /home/ktkuri/arm-gcc-tools/bin/../lib/gcc/arm-none-eabi/10.2.1/../../../../arm-none-eabi/lib/thumb/v7e-m+fp/hard/libc.a(lib_a-mallocr.o)
                0x0000000008007c64                _malloc_r
 .text.__malloc_lock
                0x00000000080081c4        0xc /home/ktkuri/arm-gcc-tools/bin/../lib/gcc/arm-none-eabi/10.2.1/../../../../arm-none-eabi/lib/thumb/v7e-m+fp/hard/libc.a(lib_a-mlock.o)
                0x00000000080081c4                __malloc_lock
 .text.__malloc_unlock
                0x00000000080081d0        0xc /home/ktkuri/arm-gcc-tools/bin/../lib/gcc/arm-none-eabi/10.2.1/../../../../arm-none-eabi/lib/thumb/v7e-m+fp/hard/libc.a(lib_a-mlock.o)
                0x00000000080081d0                __malloc_unlock
 .text._Balloc  0x00000000080081dc       0x4c /home/ktkuri/arm-gcc-tools/bin/../lib/gcc/arm-none-eabi/10.2.1/../../../../arm-none-eabi/lib/thumb/v7e-m+fp/hard/libc.a(lib_a-mprec.o)
                0x00000000080081dc                _Balloc
 .text._Bfree   0x0000000008008228       0x14 /home/ktkuri/arm-gcc-tools/bin/../lib/gcc/arm-none-eabi/10.2.1/../../../../arm-none-eabi/lib/thumb/v7e-m+fp/hard/libc.a(lib_a-mprec.o)
                0x0000000008008228                _Bfree
 .text.__multadd
                0x000000000800823c       0xa8 /home/ktkuri/arm-gcc-tools/bin/../lib/gcc/arm-none-eabi/10.2.1/../../../../arm-none-eabi/lib/thumb/v7e-m+fp/hard/libc.a(lib_a-mprec.o)
                0x000000000800823c                __multadd
 .text.__hi0bits
                0x00000000080082e4       0x40 /home/ktkuri/arm-gcc-tools/bin/../lib/gcc/arm-none-eabi/10.2.1/../../../../arm-none-eabi/lib/thumb/v7e-m+fp/hard/libc.a(lib_a-mprec.o)
                0x00000000080082e4                __hi0bits
 .text.__lo0bits
                0x0000000008008324       0x60 /home/ktkuri/arm-gcc-tools/bin/../lib/gcc/arm-none-eabi/10.2.1/../../../../arm-none-eabi/lib/thumb/v7e-m+fp/hard/libc.a(lib_a-mprec.o)
                0x0000000008008324                __lo0bits
 .text.__i2b    0x0000000008008384       0x5c /home/ktkuri/arm-gcc-tools/bin/../lib/gcc/arm-none-eabi/10.2.1/../../../../arm-none-eabi/lib/thumb/v7e-m+fp/hard/libc.a(lib_a-mprec.o)
                0x0000000008008384                __i2b
 .text.__multiply
                0x00000000080083e0      0x158 /home/ktkuri/arm-gcc-tools/bin/../lib/gcc/arm-none-eabi/10.2.1/../../../../arm-none-eabi/lib/thumb/v7e-m+fp/hard/libc.a(lib_a-mprec.o)
                0x00000000080083e0                __multiply
 .text.__pow5mult
                0x0000000008008538       0xc0 /home/ktkuri/arm-gcc-tools/bin/../lib/gcc/arm-none-eabi/10.2.1/../../../../arm-none-eabi/lib/thumb/v7e-m+fp/hard/libc.a(lib_a-mprec.o)
                0x0000000008008538                __pow5mult
 .text.__lshift
                0x00000000080085f8       0xf0 /home/ktkuri/arm-gcc-tools/bin/../lib/gcc/arm-none-eabi/10.2.1/../../../../arm-none-eabi/lib/thumb/v7e-m+fp/hard/libc.a(lib_a-mprec.o)
                0x00000000080085f8                __lshift
 .text.__mcmp   0x00000000080086e8       0x44 /home/ktkuri/arm-gcc-tools/bin/../lib/gcc/arm-none-eabi/10.2.1/../../../../arm-none-eabi/lib/thumb/v7e-m+fp/hard/libc.a(lib_a-mprec.o)
                0x00000000080086e8                __mcmp
 .text.__mdiff  0x000000000800872c      0x14c /home/ktkuri/arm-gcc-tools/bin/../lib/gcc/arm-none-eabi/10.2.1/../../../../arm-none-eabi/lib/thumb/v7e-m+fp/hard/libc.a(lib_a-mprec.o)
                0x000000000800872c                __mdiff
 .text.__d2b    0x0000000008008878       0xd0 /home/ktkuri/arm-gcc-tools/bin/../lib/gcc/arm-none-eabi/10.2.1/../../../../arm-none-eabi/lib/thumb/v7e-m+fp/hard/libc.a(lib_a-mprec.o)
                0x0000000008008878                __d2b
 .text.frexp    0x0000000008008948       0x6c /home/ktkuri/arm-gcc-tools/bin/../lib/gcc/arm-none-eabi/10.2.1/../../../../arm-none-eabi/lib/thumb/v7e-m+fp/hard/libc.a(lib_a-s_frexp.o)
                0x0000000008008948                frexp
 .text._sbrk_r  0x00000000080089b4       0x24 /home/ktkuri/arm-gcc-tools/bin/../lib/gcc/arm-none-eabi/10.2.1/../../../../arm-none-eabi/lib/thumb/v7e-m+fp/hard/libc.a(lib_a-sbrkr.o)
                0x00000000080089b4                _sbrk_r
 .text.__sread  0x00000000080089d8       0x24 /home/ktkuri/arm-gcc-tools/bin/../lib/gcc/arm-none-eabi/10.2.1/../../../../arm-none-eabi/lib/thumb/v7e-m+fp/hard/libc.a(lib_a-stdio.o)
                0x00000000080089d8                __sread
 .text.__swrite
                0x00000000080089fc       0x40 /home/ktkuri/arm-gcc-tools/bin/../lib/gcc/arm-none-eabi/10.2.1/../../../../arm-none-eabi/lib/thumb/v7e-m+fp/hard/libc.a(lib_a-stdio.o)
                0x00000000080089fc                __swrite
 .text.__sseek  0x0000000008008a3c       0x20 /home/ktkuri/arm-gcc-tools/bin/../lib/gcc/arm-none-eabi/10.2.1/../../../../arm-none-eabi/lib/thumb/v7e-m+fp/hard/libc.a(lib_a-stdio.o)
                0x0000000008008a3c                __sseek
 .text.__sclose
                0x0000000008008a5c        0x8 /home/ktkuri/arm-gcc-tools/bin/../lib/gcc/arm-none-eabi/10.2.1/../../../../arm-none-eabi/lib/thumb/v7e-m+fp/hard/libc.a(lib_a-stdio.o)
                0x0000000008008a5c                __sclose
 .text.strncpy  0x0000000008008a64       0x64 /home/ktkuri/arm-gcc-tools/bin/../lib/gcc/arm-none-eabi/10.2.1/../../../../arm-none-eabi/lib/thumb/v7e-m+fp/hard/libc.a(lib_a-strncpy.o)
                0x0000000008008a64                strncpy
 .text._svfprintf_r
                0x0000000008008ac8     0x1adc /home/ktkuri/arm-gcc-tools/bin/../lib/gcc/arm-none-eabi/10.2.1/../../../../arm-none-eabi/lib/thumb/v7e-m+fp/hard/libc.a(lib_a-svfprintf.o)
                0x0000000008008ac8                _svfprintf_r
 .text.__sprint_r.part.0
                0x000000000800a5a4       0x78 /home/ktkuri/arm-gcc-tools/bin/../lib/gcc/arm-none-eabi/10.2.1/../../../../arm-none-eabi/lib/thumb/v7e-m+fp/hard/libc.a(lib_a-vfiprintf.o)
 .text.__sprint_r
                0x000000000800a61c       0x18 /home/ktkuri/arm-gcc-tools/bin/../lib/gcc/arm-none-eabi/10.2.1/../../../../arm-none-eabi/lib/thumb/v7e-m+fp/hard/libc.a(lib_a-vfiprintf.o)
                0x000000000800a61c                __sprint_r
 .text._vfiprintf_r
                0x000000000800a634      0xdf4 /home/ktkuri/arm-gcc-tools/bin/../lib/gcc/arm-none-eabi/10.2.1/../../../../arm-none-eabi/lib/thumb/v7e-m+fp/hard/libc.a(lib_a-vfiprintf.o)
                0x000000000800a634                _vfiprintf_r
 .text.__sbprintf
                0x000000000800b428       0x80 /home/ktkuri/arm-gcc-tools/bin/../lib/gcc/arm-none-eabi/10.2.1/../../../../arm-none-eabi/lib/thumb/v7e-m+fp/hard/libc.a(lib_a-vfiprintf.o)
 .text._write_r
                0x000000000800b4a8       0x2c /home/ktkuri/arm-gcc-tools/bin/../lib/gcc/arm-none-eabi/10.2.1/../../../../arm-none-eabi/lib/thumb/v7e-m+fp/hard/libc.a(lib_a-writer.o)
                0x000000000800b4a8                _write_r
 .text.__register_exitproc
                0x000000000800b4d4       0x8c /home/ktkuri/arm-gcc-tools/bin/../lib/gcc/arm-none-eabi/10.2.1/../../../../arm-none-eabi/lib/thumb/v7e-m+fp/hard/libc.a(lib_a-__atexit.o)
                0x000000000800b4d4                __register_exitproc
 .text.__assert_func
                0x000000000800b560       0x40 /home/ktkuri/arm-gcc-tools/bin/../lib/gcc/arm-none-eabi/10.2.1/../../../../arm-none-eabi/lib/thumb/v7e-m+fp/hard/libc.a(lib_a-assert.o)
                0x000000000800b560                __assert_func
 .text._calloc_r
                0x000000000800b5a0       0x60 /home/ktkuri/arm-gcc-tools/bin/../lib/gcc/arm-none-eabi/10.2.1/../../../../arm-none-eabi/lib/thumb/v7e-m+fp/hard/libc.a(lib_a-callocr.o)
                0x000000000800b5a0                _calloc_r
 .text._close_r
                0x000000000800b600       0x24 /home/ktkuri/arm-gcc-tools/bin/../lib/gcc/arm-none-eabi/10.2.1/../../../../arm-none-eabi/lib/thumb/v7e-m+fp/hard/libc.a(lib_a-closer.o)
                0x000000000800b600                _close_r
 .text._fclose_r
                0x000000000800b624       0xcc /home/ktkuri/arm-gcc-tools/bin/../lib/gcc/arm-none-eabi/10.2.1/../../../../arm-none-eabi/lib/thumb/v7e-m+fp/hard/libc.a(lib_a-fclose.o)
                0x000000000800b624                _fclose_r
 .text.fiprintf
                0x000000000800b6f0       0x28 /home/ktkuri/arm-gcc-tools/bin/../lib/gcc/arm-none-eabi/10.2.1/../../../../arm-none-eabi/lib/thumb/v7e-m+fp/hard/libc.a(lib_a-fiprintf.o)
                0x000000000800b6f0                fiprintf
 .text.__fputwc
                0x000000000800b718       0xa8 /home/ktkuri/arm-gcc-tools/bin/../lib/gcc/arm-none-eabi/10.2.1/../../../../arm-none-eabi/lib/thumb/v7e-m+fp/hard/libc.a(lib_a-fputwc.o)
                0x000000000800b718                __fputwc
 .text._fputwc_r
                0x000000000800b7c0       0x68 /home/ktkuri/arm-gcc-tools/bin/../lib/gcc/arm-none-eabi/10.2.1/../../../../arm-none-eabi/lib/thumb/v7e-m+fp/hard/libc.a(lib_a-fputwc.o)
                0x000000000800b7c0                _fputwc_r
 .text._fstat_r
                0x000000000800b828       0x2c /home/ktkuri/arm-gcc-tools/bin/../lib/gcc/arm-none-eabi/10.2.1/../../../../arm-none-eabi/lib/thumb/v7e-m+fp/hard/libc.a(lib_a-fstatr.o)
                0x000000000800b828                _fstat_r
 .text.__sfvwrite_r
                0x000000000800b854      0x2f0 /home/ktkuri/arm-gcc-tools/bin/../lib/gcc/arm-none-eabi/10.2.1/../../../../arm-none-eabi/lib/thumb/v7e-m+fp/hard/libc.a(lib_a-fvwrite.o)
                0x000000000800b854                __sfvwrite_r
 .text._isatty_r
                0x000000000800bb44       0x24 /home/ktkuri/arm-gcc-tools/bin/../lib/gcc/arm-none-eabi/10.2.1/../../../../arm-none-eabi/lib/thumb/v7e-m+fp/hard/libc.a(lib_a-isattyr.o)
                0x000000000800bb44                _isatty_r
 .text.__locale_mb_cur_max
                0x000000000800bb68        0xc /home/ktkuri/arm-gcc-tools/bin/../lib/gcc/arm-none-eabi/10.2.1/../../../../arm-none-eabi/lib/thumb/v7e-m+fp/hard/libc.a(lib_a-locale.o)
                0x000000000800bb68                __locale_mb_cur_max
 .text._lseek_r
                0x000000000800bb74       0x2c /home/ktkuri/arm-gcc-tools/bin/../lib/gcc/arm-none-eabi/10.2.1/../../../../arm-none-eabi/lib/thumb/v7e-m+fp/hard/libc.a(lib_a-lseekr.o)
                0x000000000800bb74                _lseek_r
 .text.__ascii_mbtowc
                0x000000000800bba0       0x2c /home/ktkuri/arm-gcc-tools/bin/../lib/gcc/arm-none-eabi/10.2.1/../../../../arm-none-eabi/lib/thumb/v7e-m+fp/hard/libc.a(lib_a-mbtowc_r.o)
                0x000000000800bba0                __ascii_mbtowc
 .text.memmove  0x000000000800bbcc       0xf8 /home/ktkuri/arm-gcc-tools/bin/../lib/gcc/arm-none-eabi/10.2.1/../../../../arm-none-eabi/lib/thumb/v7e-m+fp/hard/libc.a(lib_a-memmove.o)
                0x000000000800bbcc                memmove
 .text._read_r  0x000000000800bcc4       0x2c /home/ktkuri/arm-gcc-tools/bin/../lib/gcc/arm-none-eabi/10.2.1/../../../../arm-none-eabi/lib/thumb/v7e-m+fp/hard/libc.a(lib_a-readr.o)
                0x000000000800bcc4                _read_r
 .text._realloc_r
                0x000000000800bcf0      0x3d8 /home/ktkuri/arm-gcc-tools/bin/../lib/gcc/arm-none-eabi/10.2.1/../../../../arm-none-eabi/lib/thumb/v7e-m+fp/hard/libc.a(lib_a-reallocr.o)
                0x000000000800bcf0                _realloc_r
 .text.__ssprint_r
                0x000000000800c0c8       0xf8 /home/ktkuri/arm-gcc-tools/bin/../lib/gcc/arm-none-eabi/10.2.1/../../../../arm-none-eabi/lib/thumb/v7e-m+fp/hard/libc.a(lib_a-svfiprintf.o)
                0x000000000800c0c8                __ssprint_r
 .text.__swbuf_r
                0x000000000800c1c0       0xb0 /home/ktkuri/arm-gcc-tools/bin/../lib/gcc/arm-none-eabi/10.2.1/../../../../arm-none-eabi/lib/thumb/v7e-m+fp/hard/libc.a(lib_a-wbuf.o)
                0x000000000800c1c0                __swbuf_r
 .text._wcrtomb_r
                0x000000000800c270       0x3c /home/ktkuri/arm-gcc-tools/bin/../lib/gcc/arm-none-eabi/10.2.1/../../../../arm-none-eabi/lib/thumb/v7e-m+fp/hard/libc.a(lib_a-wcrtomb.o)
                0x000000000800c270                _wcrtomb_r
 .text.__ascii_wctomb
                0x000000000800c2ac       0x1c /home/ktkuri/arm-gcc-tools/bin/../lib/gcc/arm-none-eabi/10.2.1/../../../../arm-none-eabi/lib/thumb/v7e-m+fp/hard/libc.a(lib_a-wctomb_r.o)
                0x000000000800c2ac                __ascii_wctomb
 .text.abort    0x000000000800c2c8       0x10 /home/ktkuri/arm-gcc-tools/bin/../lib/gcc/arm-none-eabi/10.2.1/../../../../arm-none-eabi/lib/thumb/v7e-m+fp/hard/libc.a(lib_a-abort.o)
                0x000000000800c2c8                abort
 .text.raise    0x000000000800c2d8       0x5c /home/ktkuri/arm-gcc-tools/bin/../lib/gcc/arm-none-eabi/10.2.1/../../../../arm-none-eabi/lib/thumb/v7e-m+fp/hard/libc.a(lib_a-signal.o)
                0x000000000800c2d8                raise
 .text._kill_r  0x000000000800c334       0x2c /home/ktkuri/arm-gcc-tools/bin/../lib/gcc/arm-none-eabi/10.2.1/../../../../arm-none-eabi/lib/thumb/v7e-m+fp/hard/libc.a(lib_a-signalr.o)
                0x000000000800c334                _kill_r
 .text._getpid_r
                0x000000000800c360        0x4 /home/ktkuri/arm-gcc-tools/bin/../lib/gcc/arm-none-eabi/10.2.1/../../../../arm-none-eabi/lib/thumb/v7e-m+fp/hard/libc.a(lib_a-signalr.o)
                0x000000000800c360                _getpid_r
 .text._close   0x000000000800c364       0x10 /home/ktkuri/arm-gcc-tools/bin/../lib/gcc/arm-none-eabi/10.2.1/../../../../arm-none-eabi/lib/thumb/v7e-m+fp/hard/libnosys.a(close.o)
                0x000000000800c364                _close
 .text._fstat   0x000000000800c374       0x10 /home/ktkuri/arm-gcc-tools/bin/../lib/gcc/arm-none-eabi/10.2.1/../../../../arm-none-eabi/lib/thumb/v7e-m+fp/hard/libnosys.a(fstat.o)
                0x000000000800c374                _fstat
 .text._getpid  0x000000000800c384       0x10 /home/ktkuri/arm-gcc-tools/bin/../lib/gcc/arm-none-eabi/10.2.1/../../../../arm-none-eabi/lib/thumb/v7e-m+fp/hard/libnosys.a(getpid.o)
                0x000000000800c384                _getpid
 .text._isatty  0x000000000800c394       0x10 /home/ktkuri/arm-gcc-tools/bin/../lib/gcc/arm-none-eabi/10.2.1/../../../../arm-none-eabi/lib/thumb/v7e-m+fp/hard/libnosys.a(isatty.o)
                0x000000000800c394                _isatty
 .text._kill    0x000000000800c3a4       0x10 /home/ktkuri/arm-gcc-tools/bin/../lib/gcc/arm-none-eabi/10.2.1/../../../../arm-none-eabi/lib/thumb/v7e-m+fp/hard/libnosys.a(kill.o)
                0x000000000800c3a4                _kill
 .text._lseek   0x000000000800c3b4       0x10 /home/ktkuri/arm-gcc-tools/bin/../lib/gcc/arm-none-eabi/10.2.1/../../../../arm-none-eabi/lib/thumb/v7e-m+fp/hard/libnosys.a(lseek.o)
                0x000000000800c3b4                _lseek
 .text._read    0x000000000800c3c4       0x10 /home/ktkuri/arm-gcc-tools/bin/../lib/gcc/arm-none-eabi/10.2.1/../../../../arm-none-eabi/lib/thumb/v7e-m+fp/hard/libnosys.a(read.o)
                0x000000000800c3c4                _read
 .text._sbrk    0x000000000800c3d4       0x1c /home/ktkuri/arm-gcc-tools/bin/../lib/gcc/arm-none-eabi/10.2.1/../../../../arm-none-eabi/lib/thumb/v7e-m+fp/hard/libnosys.a(sbrk.o)
                0x000000000800c3d4                _sbrk
 .text._exit    0x000000000800c3f0        0x4 /home/ktkuri/arm-gcc-tools/bin/../lib/gcc/arm-none-eabi/10.2.1/../../../../arm-none-eabi/lib/thumb/v7e-m+fp/hard/libnosys.a(_exit.o)
                0x000000000800c3f0                _exit
 *(.glue_7)
 .glue_7        0x000000000800c3f4        0x0 linker stubs
 *(.glue_7t)
 .glue_7t       0x000000000800c3f4        0x0 linker stubs
 *(.eh_frame)
 .eh_frame      0x000000000800c3f4        0x0 /home/ktkuri/arm-gcc-tools/bin/../lib/gcc/arm-none-eabi/10.2.1/thumb/v7e-m+fp/hard/crtbegin.o
 *(.init)
 .init          0x000000000800c3f4        0x4 /home/ktkuri/arm-gcc-tools/bin/../lib/gcc/arm-none-eabi/10.2.1/thumb/v7e-m+fp/hard/crti.o
                0x000000000800c3f4                _init
 .init          0x000000000800c3f8        0x8 /home/ktkuri/arm-gcc-tools/bin/../lib/gcc/arm-none-eabi/10.2.1/thumb/v7e-m+fp/hard/crtn.o
 *(.fini)
 .fini          0x000000000800c400        0x4 /home/ktkuri/arm-gcc-tools/bin/../lib/gcc/arm-none-eabi/10.2.1/thumb/v7e-m+fp/hard/crti.o
                0x000000000800c400                _fini
 .fini          0x000000000800c404        0x8 /home/ktkuri/arm-gcc-tools/bin/../lib/gcc/arm-none-eabi/10.2.1/thumb/v7e-m+fp/hard/crtn.o
                0x000000000800c40c                . = ALIGN (0x4)
                0x000000000800c40c                _etext = .

.vfp11_veneer   0x000000000800c40c        0x0
 .vfp11_veneer  0x000000000800c40c        0x0 linker stubs

.v4_bx          0x000000000800c40c        0x0
 .v4_bx         0x000000000800c40c        0x0 linker stubs

.iplt           0x000000000800c40c        0x0
 .iplt          0x000000000800c40c        0x0 /home/ktkuri/arm-gcc-tools/bin/../lib/gcc/arm-none-eabi/10.2.1/thumb/v7e-m+fp/hard/crtbegin.o

.rodata         0x000000000800c410     0x4bb8
                0x000000000800c410                . = ALIGN (0x4)
 *(.rodata)
 *(.rodata*)
 .rodata.button_response.str1.4
                0x000000000800c410        0xd ./GCC/build/main.o
 .rodata.USART2_IRQHandler.str1.4
                0x000000000800c41d        0x5 ./GCC/build/usart.o
 *fill*         0x000000000800c41d        0x3 
 .rodata.asc2_1206
                0x000000000800c420      0x474 ./GCC/build/lcd.o
                0x000000000800c420                asc2_1206
 .rodata.asc2_1608
                0x000000000800c894      0x5f0 ./GCC/build/lcd.o
                0x000000000800c894                asc2_1608
 .rodata.asc2_2412
                0x000000000800ce84      0xd5c ./GCC/build/lcd.o
                0x000000000800ce84                asc2_2412
 .rodata.asc2_3216
                0x000000000800dbe0     0x2f80 ./GCC/build/lcd.o
                0x000000000800dbe0                asc2_3216
 .rodata.gt9xxx_init.str1.4
                0x0000000008010b60       0x28 ./GCC/build/gt9xxx.o
 .rodata.GT9XXX_TPX_TBL
                0x0000000008010b88       0x14 ./GCC/build/gt9xxx.o
                0x0000000008010b88                GT9XXX_TPX_TBL
 .rodata.EXTI9_5_IRQHandler.str1.4
                0x0000000008010b9c        0xc ./GCC/build/exit.o
 .rodata._global_impure_ptr
                0x0000000008010ba8        0x4 /home/ktkuri/arm-gcc-tools/bin/../lib/gcc/arm-none-eabi/10.2.1/../../../../arm-none-eabi/lib/thumb/v7e-m+fp/hard/libc.a(lib_a-impure.o)
                0x0000000008010ba8                _global_impure_ptr
 .rodata._vfprintf_r.str1.4
                0x0000000008010bac       0x42 /home/ktkuri/arm-gcc-tools/bin/../lib/gcc/arm-none-eabi/10.2.1/../../../../arm-none-eabi/lib/thumb/v7e-m+fp/hard/libc.a(lib_a-vfprintf.o)
 *fill*         0x0000000008010bee        0x2 
 .rodata.blanks.1
                0x0000000008010bf0       0x10 /home/ktkuri/arm-gcc-tools/bin/../lib/gcc/arm-none-eabi/10.2.1/../../../../arm-none-eabi/lib/thumb/v7e-m+fp/hard/libc.a(lib_a-vfprintf.o)
 .rodata.zeroes.0
                0x0000000008010c00       0x10 /home/ktkuri/arm-gcc-tools/bin/../lib/gcc/arm-none-eabi/10.2.1/../../../../arm-none-eabi/lib/thumb/v7e-m+fp/hard/libc.a(lib_a-vfprintf.o)
 .rodata._dtoa_r.str1.4
                0x0000000008010c10       0xa1 /home/ktkuri/arm-gcc-tools/bin/../lib/gcc/arm-none-eabi/10.2.1/../../../../arm-none-eabi/lib/thumb/v7e-m+fp/hard/libc.a(lib_a-dtoa.o)
                                         0xa5 (size before relaxing)
 *fill*         0x0000000008010cb1        0x3 
 .rodata.__multadd.str1.4
                0x0000000008010cb4       0x7e /home/ktkuri/arm-gcc-tools/bin/../lib/gcc/arm-none-eabi/10.2.1/../../../../arm-none-eabi/lib/thumb/v7e-m+fp/hard/libc.a(lib_a-mprec.o)
                                         0x92 (size before relaxing)
 *fill*         0x0000000008010d32        0x6 
 .rodata.__mprec_bigtens
                0x0000000008010d38       0x28 /home/ktkuri/arm-gcc-tools/bin/../lib/gcc/arm-none-eabi/10.2.1/../../../../arm-none-eabi/lib/thumb/v7e-m+fp/hard/libc.a(lib_a-mprec.o)
                0x0000000008010d38                __mprec_bigtens
 .rodata.__mprec_tens
                0x0000000008010d60       0xc8 /home/ktkuri/arm-gcc-tools/bin/../lib/gcc/arm-none-eabi/10.2.1/../../../../arm-none-eabi/lib/thumb/v7e-m+fp/hard/libc.a(lib_a-mprec.o)
                0x0000000008010d60                __mprec_tens
 .rodata.p05.0  0x0000000008010e28        0xc /home/ktkuri/arm-gcc-tools/bin/../lib/gcc/arm-none-eabi/10.2.1/../../../../arm-none-eabi/lib/thumb/v7e-m+fp/hard/libc.a(lib_a-mprec.o)
 .rodata._svfprintf_r.str1.4
                0x0000000008010e34       0x42 /home/ktkuri/arm-gcc-tools/bin/../lib/gcc/arm-none-eabi/10.2.1/../../../../arm-none-eabi/lib/thumb/v7e-m+fp/hard/libc.a(lib_a-svfprintf.o)
 .rodata.blanks.1
                0x0000000008010e34       0x10 /home/ktkuri/arm-gcc-tools/bin/../lib/gcc/arm-none-eabi/10.2.1/../../../../arm-none-eabi/lib/thumb/v7e-m+fp/hard/libc.a(lib_a-svfprintf.o)
 .rodata.zeroes.0
                0x0000000008010e44       0x10 /home/ktkuri/arm-gcc-tools/bin/../lib/gcc/arm-none-eabi/10.2.1/../../../../arm-none-eabi/lib/thumb/v7e-m+fp/hard/libc.a(lib_a-svfprintf.o)
 .rodata._vfiprintf_r.str1.4
                0x0000000008010e54       0x2f /home/ktkuri/arm-gcc-tools/bin/../lib/gcc/arm-none-eabi/10.2.1/../../../../arm-none-eabi/lib/thumb/v7e-m+fp/hard/libc.a(lib_a-vfiprintf.o)
 .rodata.blanks.1
                0x0000000008010e54       0x10 /home/ktkuri/arm-gcc-tools/bin/../lib/gcc/arm-none-eabi/10.2.1/../../../../arm-none-eabi/lib/thumb/v7e-m+fp/hard/libc.a(lib_a-vfiprintf.o)
 .rodata.zeroes.0
                0x0000000008010e64       0x10 /home/ktkuri/arm-gcc-tools/bin/../lib/gcc/arm-none-eabi/10.2.1/../../../../arm-none-eabi/lib/thumb/v7e-m+fp/hard/libc.a(lib_a-vfiprintf.o)
 .rodata.__assert_func.str1.4
                0x0000000008010e74       0x3f /home/ktkuri/arm-gcc-tools/bin/../lib/gcc/arm-none-eabi/10.2.1/../../../../arm-none-eabi/lib/thumb/v7e-m+fp/hard/libc.a(lib_a-assert.o)
                                         0x43 (size before relaxing)
 *fill*         0x0000000008010eb3        0x1 
 .rodata._setlocale_r.str1.4
                0x0000000008010eb4        0xa /home/ktkuri/arm-gcc-tools/bin/../lib/gcc/arm-none-eabi/10.2.1/../../../../arm-none-eabi/lib/thumb/v7e-m+fp/hard/libc.a(lib_a-locale.o)
                                          0xd (size before relaxing)
 *fill*         0x0000000008010ebe        0x2 
 .rodata.str1.4
                0x0000000008010ec0        0x2 /home/ktkuri/arm-gcc-tools/bin/../lib/gcc/arm-none-eabi/10.2.1/../../../../arm-none-eabi/lib/thumb/v7e-m+fp/hard/libc.a(lib_a-locale.o)
 *fill*         0x0000000008010ec2        0x2 
 .rodata._ctype_
                0x0000000008010ec4      0x101 /home/ktkuri/arm-gcc-tools/bin/../lib/gcc/arm-none-eabi/10.2.1/../../../../arm-none-eabi/lib/thumb/v7e-m+fp/hard/libc.a(lib_a-ctype_.o)
                0x0000000008010ec4                _ctype_
                0x0000000008010fc8                . = ALIGN (0x4)
 *fill*         0x0000000008010fc5        0x3 

.ARM.extab      0x0000000008010fc8       0x18
 *(.ARM.extab* .gnu.linkonce.armextab.*)
 .ARM.extab     0x0000000008010fc8       0x18 /home/ktkuri/arm-gcc-tools/bin/../lib/gcc/arm-none-eabi/10.2.1/thumb/v7e-m+fp/hard/libgcc.a(pr-support.o)

.ARM            0x0000000008010fe0       0xc8
                0x0000000008010fe0                __exidx_start = .
 *(.ARM.exidx*)
 .ARM.exidx.text.Button_check
                0x0000000008011098       0x10 ./GCC/build/GUILib.o
                                          0x8 (size before relaxing)
 .ARM.exidx     0x0000000008010fe0        0x8 /home/ktkuri/arm-gcc-tools/bin/../lib/gcc/arm-none-eabi/10.2.1/thumb/v7e-m+fp/hard/libgcc.a(_udivmoddi4.o)
 .ARM.exidx     0x0000000008010fe8       0x78 /home/ktkuri/arm-gcc-tools/bin/../lib/gcc/arm-none-eabi/10.2.1/thumb/v7e-m+fp/hard/libgcc.a(unwind-arm.o)
                                         0xd8 (size before relaxing)
 .ARM.exidx     0x0000000008011060       0x38 /home/ktkuri/arm-gcc-tools/bin/../lib/gcc/arm-none-eabi/10.2.1/thumb/v7e-m+fp/hard/libgcc.a(pr-support.o)
                0x00000000080110a8                __exidx_end = .

.rel.dyn        0x00000000080110a8        0x0
 .rel.iplt      0x00000000080110a8        0x0 /home/ktkuri/arm-gcc-tools/bin/../lib/gcc/arm-none-eabi/10.2.1/thumb/v7e-m+fp/hard/crtbegin.o

.preinit_array  0x00000000080110a8        0x0
                0x00000000080110a8                PROVIDE (__preinit_array_start = .)
 *(.preinit_array*)
                0x00000000080110a8                PROVIDE (__preinit_array_end = .)

.init_array     0x00000000080110a8        0x8
                0x00000000080110a8                PROVIDE (__init_array_start = .)
 *(SORT_BY_NAME(.init_array.*))
 .init_array.00000
                0x00000000080110a8        0x4 /home/ktkuri/arm-gcc-tools/bin/../lib/gcc/arm-none-eabi/10.2.1/../../../../arm-none-eabi/lib/thumb/v7e-m+fp/hard/libc.a(lib_a-__call_atexit.o)
 *(.init_array*)
 .init_array    0x00000000080110ac        0x4 /home/ktkuri/arm-gcc-tools/bin/../lib/gcc/arm-none-eabi/10.2.1/thumb/v7e-m+fp/hard/crtbegin.o
                0x00000000080110b0                PROVIDE (__init_array_end = .)

.fini_array     0x00000000080110b0        0x4
                0x00000000080110b0                PROVIDE (__fini_array_start = .)
 *(SORT_BY_NAME(.fini_array.*))
 *(.fini_array*)
 .fini_array    0x00000000080110b0        0x4 /home/ktkuri/arm-gcc-tools/bin/../lib/gcc/arm-none-eabi/10.2.1/thumb/v7e-m+fp/hard/crtbegin.o
                0x00000000080110b4                PROVIDE (__fini_array_end = .)
                0x00000000080110b4                _sidata = LOADADDR (.data)

.data           0x0000000020000000      0xa10 load address 0x00000000080110b4
                0x0000000020000000                . = ALIGN (0x4)
                0x0000000020000000                _sdata = .
 *(.data)
 *(.data*)
 .data.APBAHBPrescTable
                0x0000000020000000       0x10 ./GCC/build/stm32f4xx_rcc.o
 .data.BACK_COLOR
                0x0000000020000010        0x4 ./GCC/build/lcd.o
                0x0000000020000010                BACK_COLOR
 .data.POINT_COLOR
                0x0000000020000014        0x4 ./GCC/build/lcd.o
                0x0000000020000014                POINT_COLOR
 .data.g_gt_tnum
                0x0000000020000018        0x1 ./GCC/build/gt9xxx.o
                0x0000000020000018                g_gt_tnum
 *fill*         0x0000000020000019        0x3 
 .data.tp_dev   0x000000002000001c       0x48 ./GCC/build/touch.o
                0x000000002000001c                tp_dev
 .data._impure_ptr
                0x0000000020000064        0x4 /home/ktkuri/arm-gcc-tools/bin/../lib/gcc/arm-none-eabi/10.2.1/../../../../arm-none-eabi/lib/thumb/v7e-m+fp/hard/libc.a(lib_a-impure.o)
                0x0000000020000064                _impure_ptr
 .data.impure_data
                0x0000000020000068      0x428 /home/ktkuri/arm-gcc-tools/bin/../lib/gcc/arm-none-eabi/10.2.1/../../../../arm-none-eabi/lib/thumb/v7e-m+fp/hard/libc.a(lib_a-impure.o)
 .data.__atexit_recursive_mutex
                0x0000000020000490        0x4 /home/ktkuri/arm-gcc-tools/bin/../lib/gcc/arm-none-eabi/10.2.1/../../../../arm-none-eabi/lib/thumb/v7e-m+fp/hard/libc.a(lib_a-__call_atexit.o)
                0x0000000020000490                __atexit_recursive_mutex
 .data.__malloc_av_
                0x0000000020000494      0x408 /home/ktkuri/arm-gcc-tools/bin/../lib/gcc/arm-none-eabi/10.2.1/../../../../arm-none-eabi/lib/thumb/v7e-m+fp/hard/libc.a(lib_a-mallocr.o)
                0x0000000020000494                __malloc_av_
 .data.__malloc_sbrk_base
                0x000000002000089c        0x4 /home/ktkuri/arm-gcc-tools/bin/../lib/gcc/arm-none-eabi/10.2.1/../../../../arm-none-eabi/lib/thumb/v7e-m+fp/hard/libc.a(lib_a-mallocr.o)
                0x000000002000089c                __malloc_sbrk_base
 .data.__malloc_trim_threshold
                0x00000000200008a0        0x4 /home/ktkuri/arm-gcc-tools/bin/../lib/gcc/arm-none-eabi/10.2.1/../../../../arm-none-eabi/lib/thumb/v7e-m+fp/hard/libc.a(lib_a-mallocr.o)
                0x00000000200008a0                __malloc_trim_threshold
 .data.__global_locale
                0x00000000200008a4      0x16c /home/ktkuri/arm-gcc-tools/bin/../lib/gcc/arm-none-eabi/10.2.1/../../../../arm-none-eabi/lib/thumb/v7e-m+fp/hard/libc.a(lib_a-locale.o)
                0x00000000200008a4                __global_locale
                0x0000000020000a10                . = ALIGN (0x4)
                0x0000000020000a10                _edata = .
                0x0000000008011ac4                _siccmram = LOADADDR (.ccmram)

.igot.plt       0x0000000020000a10        0x0 load address 0x0000000008011ac4
 .igot.plt      0x0000000020000a10        0x0 /home/ktkuri/arm-gcc-tools/bin/../lib/gcc/arm-none-eabi/10.2.1/thumb/v7e-m+fp/hard/crtbegin.o

.ccmram         0x0000000010000000        0x0 load address 0x0000000008011ac4
                0x0000000010000000                . = ALIGN (0x4)
                0x0000000010000000                _sccmram = .
 *(.ccmram)
 *(.ccmram*)
                0x0000000010000000                . = ALIGN (0x4)
                0x0000000010000000                _eccmram = .
                0x0000000010000000                . = ALIGN (0x4)

.bss            0x0000000020000a10      0x1b8
                0x0000000020000a10                _sbss = .
                0x0000000020000a10                __bss_start__ = _sbss
 *(.bss)
 .bss           0x0000000020000a10       0x1c /home/ktkuri/arm-gcc-tools/bin/../lib/gcc/arm-none-eabi/10.2.1/thumb/v7e-m+fp/hard/crtbegin.o
 *(.bss*)
 .bss.a         0x0000000020000a2c        0x4 ./GCC/build/main.o
                0x0000000020000a2c                a
 .bss.fac_ms    0x0000000020000a30        0x2 ./GCC/build/delay.o
 .bss.fac_us    0x0000000020000a32        0x1 ./GCC/build/delay.o
 *fill*         0x0000000020000a33        0x1 
 .bss.USART_RX_BUF
                0x0000000020000a34       0xc8 ./GCC/build/usart.o
                0x0000000020000a34                USART_RX_BUF
 .bss.USART_RX_STA
                0x0000000020000afc        0x2 ./GCC/build/usart.o
                0x0000000020000afc                USART_RX_STA
 *fill*         0x0000000020000afe        0x2 
 .bss.data      0x0000000020000b00       0x28 ./GCC/build/usart.o
                0x0000000020000b00                data
 .bss.data_len  0x0000000020000b28        0x1 ./GCC/build/usart.o
                0x0000000020000b28                data_len
 *fill*         0x0000000020000b29        0x3 
 .bss.receive_strat.0
                0x0000000020000b2c        0x4 ./GCC/build/usart.o
 .bss.lcddev    0x0000000020000b30        0xe ./GCC/build/lcd.o
                0x0000000020000b30                lcddev
 *fill*         0x0000000020000b3e        0x2 
 .bss.lcdltdc   0x0000000020000b40       0x20 ./GCC/build/ltdc.o
                0x0000000020000b40                lcdltdc
 .bss.ltdc_framebuf
                0x0000000020000b60        0x8 ./GCC/build/ltdc.o
                0x0000000020000b60                ltdc_framebuf
 .bss.t.0       0x0000000020000b68        0x1 ./GCC/build/gt9xxx.o
 .bss.act_sign_1
                0x0000000020000b69        0x1 ./GCC/build/exit.o
                0x0000000020000b69                act_sign_1
 .bss.act_sign_2
                0x0000000020000b6a        0x1 ./GCC/build/exit.o
                0x0000000020000b6a                act_sign_2
 *fill*         0x0000000020000b6b        0x1 
 .bss._ZZ12Button_checkE1a
                0x0000000020000b6c        0x4 ./GCC/build/GUILib.o
 .bss.button_act
                0x0000000020000b70        0xa ./GCC/build/GUILib.o
                0x0000000020000b70                button_act
 *fill*         0x0000000020000b7a        0x2 
 .bss.__lock___atexit_recursive_mutex
                0x0000000020000b7c        0x1 /home/ktkuri/arm-gcc-tools/bin/../lib/gcc/arm-none-eabi/10.2.1/../../../../arm-none-eabi/lib/thumb/v7e-m+fp/hard/libc.a(lib_a-lock.o)
                0x0000000020000b7c                __lock___atexit_recursive_mutex
 *fill*         0x0000000020000b7d        0x3 
 .bss.__lock___malloc_recursive_mutex
                0x0000000020000b80        0x1 /home/ktkuri/arm-gcc-tools/bin/../lib/gcc/arm-none-eabi/10.2.1/../../../../arm-none-eabi/lib/thumb/v7e-m+fp/hard/libc.a(lib_a-lock.o)
                0x0000000020000b80                __lock___malloc_recursive_mutex
 *fill*         0x0000000020000b81        0x3 
 .bss.__lock___sfp_recursive_mutex
                0x0000000020000b84        0x1 /home/ktkuri/arm-gcc-tools/bin/../lib/gcc/arm-none-eabi/10.2.1/../../../../arm-none-eabi/lib/thumb/v7e-m+fp/hard/libc.a(lib_a-lock.o)
                0x0000000020000b84                __lock___sfp_recursive_mutex
 *fill*         0x0000000020000b85        0x3 
 .bss.__lock___sinit_recursive_mutex
                0x0000000020000b88        0x1 /home/ktkuri/arm-gcc-tools/bin/../lib/gcc/arm-none-eabi/10.2.1/../../../../arm-none-eabi/lib/thumb/v7e-m+fp/hard/libc.a(lib_a-lock.o)
                0x0000000020000b88                __lock___sinit_recursive_mutex
 *fill*         0x0000000020000b89        0x3 
 .bss.__malloc_current_mallinfo
                0x0000000020000b8c       0x28 /home/ktkuri/arm-gcc-tools/bin/../lib/gcc/arm-none-eabi/10.2.1/../../../../arm-none-eabi/lib/thumb/v7e-m+fp/hard/libc.a(lib_a-mallocr.o)
                0x0000000020000b8c                __malloc_current_mallinfo
 .bss.__malloc_max_sbrked_mem
                0x0000000020000bb4        0x4 /home/ktkuri/arm-gcc-tools/bin/../lib/gcc/arm-none-eabi/10.2.1/../../../../arm-none-eabi/lib/thumb/v7e-m+fp/hard/libc.a(lib_a-mallocr.o)
                0x0000000020000bb4                __malloc_max_sbrked_mem
 .bss.__malloc_max_total_mem
                0x0000000020000bb8        0x4 /home/ktkuri/arm-gcc-tools/bin/../lib/gcc/arm-none-eabi/10.2.1/../../../../arm-none-eabi/lib/thumb/v7e-m+fp/hard/libc.a(lib_a-mallocr.o)
                0x0000000020000bb8                __malloc_max_total_mem
 .bss.__malloc_top_pad
                0x0000000020000bbc        0x4 /home/ktkuri/arm-gcc-tools/bin/../lib/gcc/arm-none-eabi/10.2.1/../../../../arm-none-eabi/lib/thumb/v7e-m+fp/hard/libc.a(lib_a-mallocr.o)
                0x0000000020000bbc                __malloc_top_pad
 .bss.errno     0x0000000020000bc0        0x4 /home/ktkuri/arm-gcc-tools/bin/../lib/gcc/arm-none-eabi/10.2.1/../../../../arm-none-eabi/lib/thumb/v7e-m+fp/hard/libc.a(lib_a-reent.o)
                0x0000000020000bc0                errno
 .bss.heap_end.0
                0x0000000020000bc4        0x4 /home/ktkuri/arm-gcc-tools/bin/../lib/gcc/arm-none-eabi/10.2.1/../../../../arm-none-eabi/lib/thumb/v7e-m+fp/hard/libnosys.a(sbrk.o)
 *(COMMON)
                0x0000000020000bc8                . = ALIGN (0x4)
                0x0000000020000bc8                _ebss = .
                0x0000000020000bc8                __bss_end__ = _ebss

._user_heap_stack
                0x0000000020000bc8      0x600
                0x0000000020000bc8                . = ALIGN (0x8)
                0x0000000020000bc8                PROVIDE (end = .)
                [!provide]                        PROVIDE (_end = .)
                0x0000000020000dc8                . = (. + _Min_Heap_Size)
 *fill*         0x0000000020000bc8      0x200 
                0x00000000200011c8                . = (. + _Min_Stack_Size)
 *fill*         0x0000000020000dc8      0x400 
                0x00000000200011c8                . = ALIGN (0x8)

.ext_sram       0x00000000c0000000   0x1f4000 load address 0x0000000008011ac4
                0x00000000c0000000                . = ALIGN (0x4)
                0x00000000c0000000                _sext_sram = .
 *(.ext_sram)
 .ext_sram      0x00000000c0000000   0x1f4000 ./GCC/build/ltdc.o
                0x00000000c0000000                ltdc_lcd_framebuf
 *(.ext_sram*)
                0x00000000c01f4000                . = ALIGN (0x4)
                0x00000000c01f4000                _eext_sram = .

/DISCARD/
 libc.a(*)
 libm.a(*)
 libgcc.a(*)

.ARM.attributes
                0x0000000000000000       0x30
 *(.ARM.attributes)
 .ARM.attributes
                0x0000000000000000       0x1e /home/ktkuri/arm-gcc-tools/bin/../lib/gcc/arm-none-eabi/10.2.1/thumb/v7e-m+fp/hard/crti.o
 .ARM.attributes
                0x000000000000001e       0x34 /home/ktkuri/arm-gcc-tools/bin/../lib/gcc/arm-none-eabi/10.2.1/thumb/v7e-m+fp/hard/crtbegin.o
 .ARM.attributes
                0x0000000000000052       0x34 ./GCC/build/main.o
 .ARM.attributes
                0x0000000000000086       0x34 ./GCC/build/system_stm32f4xx.o
 .ARM.attributes
                0x00000000000000ba       0x34 ./GCC/build/misc.o
 .ARM.attributes
                0x00000000000000ee       0x34 ./GCC/build/stm32f4xx_exti.o
 .ARM.attributes
                0x0000000000000122       0x34 ./GCC/build/stm32f4xx_gpio.o
 .ARM.attributes
                0x0000000000000156       0x34 ./GCC/build/stm32f4xx_rcc.o
 .ARM.attributes
                0x000000000000018a       0x34 ./GCC/build/stm32f4xx_syscfg.o
 .ARM.attributes
                0x00000000000001be       0x34 ./GCC/build/stm32f4xx_usart.o
 .ARM.attributes
                0x00000000000001f2       0x34 ./GCC/build/delay.o
 .ARM.attributes
                0x0000000000000226       0x34 ./GCC/build/sys.o
 .ARM.attributes
                0x000000000000025a       0x34 ./GCC/build/usart.o
 .ARM.attributes
                0x000000000000028e       0x34 ./GCC/build/lcd.o
 .ARM.attributes
                0x00000000000002c2       0x34 ./GCC/build/ltdc.o
 .ARM.attributes
                0x00000000000002f6       0x34 ./GCC/build/sdram.o
 .ARM.attributes
                0x000000000000032a       0x34 ./GCC/build/ctiic.o
 .ARM.attributes
                0x000000000000035e       0x34 ./GCC/build/gt9xxx.o
 .ARM.attributes
                0x0000000000000392       0x34 ./GCC/build/touch.o
 .ARM.attributes
                0x00000000000003c6       0x34 ./GCC/build/bank.o
 .ARM.attributes
                0x00000000000003fa       0x34 ./GCC/build/BSP.o
 .ARM.attributes
                0x000000000000042e       0x34 ./GCC/build/exit.o
 .ARM.attributes
                0x0000000000000462       0x34 ./GCC/build/GUILib.o
 .ARM.attributes
                0x0000000000000496       0x21 ./GCC/build/startup_stm32f429_439xx.o
 .ARM.attributes
                0x00000000000004b7       0x32 /home/ktkuri/arm-gcc-tools/bin/../lib/gcc/arm-none-eabi/10.2.1/../../../../arm-none-eabi/lib/thumb/v7e-m+fp/hard/libc.a(lib_a-impure.o)
 .ARM.attributes
                0x00000000000004e9       0x34 /home/ktkuri/arm-gcc-tools/bin/../lib/gcc/arm-none-eabi/10.2.1/../../../../arm-none-eabi/lib/thumb/v7e-m+fp/hard/libc.a(lib_a-memset.o)
 .ARM.attributes
                0x000000000000051d       0x34 /home/ktkuri/arm-gcc-tools/bin/../lib/gcc/arm-none-eabi/10.2.1/../../../../arm-none-eabi/lib/thumb/v7e-m+fp/hard/libc.a(lib_a-printf.o)
 .ARM.attributes
                0x0000000000000551       0x1c /home/ktkuri/arm-gcc-tools/bin/../lib/gcc/arm-none-eabi/10.2.1/../../../../arm-none-eabi/lib/thumb/v7e-m+fp/hard/libc.a(lib_a-strcmp.o)
 .ARM.attributes
                0x000000000000056d       0x34 /home/ktkuri/arm-gcc-tools/bin/../lib/gcc/arm-none-eabi/10.2.1/../../../../arm-none-eabi/lib/thumb/v7e-m+fp/hard/libc.a(lib_a-vfprintf.o)
 .ARM.attributes
                0x00000000000005a1       0x34 /home/ktkuri/arm-gcc-tools/bin/../lib/gcc/arm-none-eabi/10.2.1/../../../../arm-none-eabi/lib/thumb/v7e-m+fp/hard/libc.a(lib_a-vsprintf.o)
 .ARM.attributes
                0x00000000000005d5       0x34 /home/ktkuri/arm-gcc-tools/bin/../lib/gcc/arm-none-eabi/10.2.1/../../../../arm-none-eabi/lib/thumb/v7e-m+fp/hard/libc.a(lib_a-wsetup.o)
 .ARM.attributes
                0x0000000000000609       0x34 /home/ktkuri/arm-gcc-tools/bin/../lib/gcc/arm-none-eabi/10.2.1/../../../../arm-none-eabi/lib/thumb/v7e-m+fp/hard/libc.a(lib_a-__call_atexit.o)
 .ARM.attributes
                0x000000000000063d       0x34 /home/ktkuri/arm-gcc-tools/bin/../lib/gcc/arm-none-eabi/10.2.1/../../../../arm-none-eabi/lib/thumb/v7e-m+fp/hard/libc.a(lib_a-atexit.o)
 .ARM.attributes
                0x0000000000000671       0x34 /home/ktkuri/arm-gcc-tools/bin/../lib/gcc/arm-none-eabi/10.2.1/../../../../arm-none-eabi/lib/thumb/v7e-m+fp/hard/libc.a(lib_a-dtoa.o)
 .ARM.attributes
                0x00000000000006a5       0x34 /home/ktkuri/arm-gcc-tools/bin/../lib/gcc/arm-none-eabi/10.2.1/../../../../arm-none-eabi/lib/thumb/v7e-m+fp/hard/libc.a(lib_a-fflush.o)
 .ARM.attributes
                0x00000000000006d9       0x34 /home/ktkuri/arm-gcc-tools/bin/../lib/gcc/arm-none-eabi/10.2.1/../../../../arm-none-eabi/lib/thumb/v7e-m+fp/hard/libc.a(lib_a-findfp.o)
 .ARM.attributes
                0x000000000000070d       0x34 /home/ktkuri/arm-gcc-tools/bin/../lib/gcc/arm-none-eabi/10.2.1/../../../../arm-none-eabi/lib/thumb/v7e-m+fp/hard/libc.a(lib_a-fini.o)
 .ARM.attributes
                0x0000000000000741       0x34 /home/ktkuri/arm-gcc-tools/bin/../lib/gcc/arm-none-eabi/10.2.1/../../../../arm-none-eabi/lib/thumb/v7e-m+fp/hard/libc.a(lib_a-freer.o)
 .ARM.attributes
                0x0000000000000775       0x34 /home/ktkuri/arm-gcc-tools/bin/../lib/gcc/arm-none-eabi/10.2.1/../../../../arm-none-eabi/lib/thumb/v7e-m+fp/hard/libc.a(lib_a-fwalk.o)
 .ARM.attributes
                0x00000000000007a9       0x34 /home/ktkuri/arm-gcc-tools/bin/../lib/gcc/arm-none-eabi/10.2.1/../../../../arm-none-eabi/lib/thumb/v7e-m+fp/hard/libc.a(lib_a-localeconv.o)
 .ARM.attributes
                0x00000000000007dd       0x34 /home/ktkuri/arm-gcc-tools/bin/../lib/gcc/arm-none-eabi/10.2.1/../../../../arm-none-eabi/lib/thumb/v7e-m+fp/hard/libc.a(lib_a-lock.o)
 .ARM.attributes
                0x0000000000000811       0x34 /home/ktkuri/arm-gcc-tools/bin/../lib/gcc/arm-none-eabi/10.2.1/../../../../arm-none-eabi/lib/thumb/v7e-m+fp/hard/libc.a(lib_a-makebuf.o)
 .ARM.attributes
                0x0000000000000845       0x34 /home/ktkuri/arm-gcc-tools/bin/../lib/gcc/arm-none-eabi/10.2.1/../../../../arm-none-eabi/lib/thumb/v7e-m+fp/hard/libc.a(lib_a-mallocr.o)
 .ARM.attributes
                0x0000000000000879       0x1c /home/ktkuri/arm-gcc-tools/bin/../lib/gcc/arm-none-eabi/10.2.1/../../../../arm-none-eabi/lib/thumb/v7e-m+fp/hard/libc.a(lib_a-memchr.o)
 .ARM.attributes
                0x0000000000000895       0x1c /home/ktkuri/arm-gcc-tools/bin/../lib/gcc/arm-none-eabi/10.2.1/../../../../arm-none-eabi/lib/thumb/v7e-m+fp/hard/libc.a(lib_a-memcpy.o)
 .ARM.attributes
                0x00000000000008b1       0x34 /home/ktkuri/arm-gcc-tools/bin/../lib/gcc/arm-none-eabi/10.2.1/../../../../arm-none-eabi/lib/thumb/v7e-m+fp/hard/libc.a(lib_a-mlock.o)
 .ARM.attributes
                0x00000000000008e5       0x34 /home/ktkuri/arm-gcc-tools/bin/../lib/gcc/arm-none-eabi/10.2.1/../../../../arm-none-eabi/lib/thumb/v7e-m+fp/hard/libc.a(lib_a-mprec.o)
 .ARM.attributes
                0x0000000000000919       0x34 /home/ktkuri/arm-gcc-tools/bin/../lib/gcc/arm-none-eabi/10.2.1/../../../../arm-none-eabi/lib/thumb/v7e-m+fp/hard/libc.a(lib_a-s_frexp.o)
 .ARM.attributes
                0x000000000000094d       0x34 /home/ktkuri/arm-gcc-tools/bin/../lib/gcc/arm-none-eabi/10.2.1/../../../../arm-none-eabi/lib/thumb/v7e-m+fp/hard/libc.a(lib_a-sbrkr.o)
 .ARM.attributes
                0x0000000000000981       0x34 /home/ktkuri/arm-gcc-tools/bin/../lib/gcc/arm-none-eabi/10.2.1/../../../../arm-none-eabi/lib/thumb/v7e-m+fp/hard/libc.a(lib_a-stdio.o)
 .ARM.attributes
                0x00000000000009b5       0x1c /home/ktkuri/arm-gcc-tools/bin/../lib/gcc/arm-none-eabi/10.2.1/../../../../arm-none-eabi/lib/thumb/v7e-m+fp/hard/libc.a(lib_a-strlen.o)
 .ARM.attributes
                0x00000000000009d1       0x34 /home/ktkuri/arm-gcc-tools/bin/../lib/gcc/arm-none-eabi/10.2.1/../../../../arm-none-eabi/lib/thumb/v7e-m+fp/hard/libc.a(lib_a-strncpy.o)
 .ARM.attributes
                0x0000000000000a05       0x34 /home/ktkuri/arm-gcc-tools/bin/../lib/gcc/arm-none-eabi/10.2.1/../../../../arm-none-eabi/lib/thumb/v7e-m+fp/hard/libc.a(lib_a-svfprintf.o)
 .ARM.attributes
                0x0000000000000a39       0x34 /home/ktkuri/arm-gcc-tools/bin/../lib/gcc/arm-none-eabi/10.2.1/../../../../arm-none-eabi/lib/thumb/v7e-m+fp/hard/libc.a(lib_a-vfiprintf.o)
 .ARM.attributes
                0x0000000000000a6d       0x34 /home/ktkuri/arm-gcc-tools/bin/../lib/gcc/arm-none-eabi/10.2.1/../../../../arm-none-eabi/lib/thumb/v7e-m+fp/hard/libc.a(lib_a-writer.o)
 .ARM.attributes
                0x0000000000000aa1       0x34 /home/ktkuri/arm-gcc-tools/bin/../lib/gcc/arm-none-eabi/10.2.1/../../../../arm-none-eabi/lib/thumb/v7e-m+fp/hard/libc.a(lib_a-__atexit.o)
 .ARM.attributes
                0x0000000000000ad5       0x34 /home/ktkuri/arm-gcc-tools/bin/../lib/gcc/arm-none-eabi/10.2.1/../../../../arm-none-eabi/lib/thumb/v7e-m+fp/hard/libc.a(lib_a-assert.o)
 .ARM.attributes
                0x0000000000000b09       0x34 /home/ktkuri/arm-gcc-tools/bin/../lib/gcc/arm-none-eabi/10.2.1/../../../../arm-none-eabi/lib/thumb/v7e-m+fp/hard/libc.a(lib_a-callocr.o)
 .ARM.attributes
                0x0000000000000b3d       0x34 /home/ktkuri/arm-gcc-tools/bin/../lib/gcc/arm-none-eabi/10.2.1/../../../../arm-none-eabi/lib/thumb/v7e-m+fp/hard/libc.a(lib_a-closer.o)
 .ARM.attributes
                0x0000000000000b71       0x34 /home/ktkuri/arm-gcc-tools/bin/../lib/gcc/arm-none-eabi/10.2.1/../../../../arm-none-eabi/lib/thumb/v7e-m+fp/hard/libc.a(lib_a-fclose.o)
 .ARM.attributes
                0x0000000000000ba5       0x34 /home/ktkuri/arm-gcc-tools/bin/../lib/gcc/arm-none-eabi/10.2.1/../../../../arm-none-eabi/lib/thumb/v7e-m+fp/hard/libc.a(lib_a-fiprintf.o)
 .ARM.attributes
                0x0000000000000bd9       0x34 /home/ktkuri/arm-gcc-tools/bin/../lib/gcc/arm-none-eabi/10.2.1/../../../../arm-none-eabi/lib/thumb/v7e-m+fp/hard/libc.a(lib_a-fputwc.o)
 .ARM.attributes
                0x0000000000000c0d       0x34 /home/ktkuri/arm-gcc-tools/bin/../lib/gcc/arm-none-eabi/10.2.1/../../../../arm-none-eabi/lib/thumb/v7e-m+fp/hard/libc.a(lib_a-fstatr.o)
 .ARM.attributes
                0x0000000000000c41       0x34 /home/ktkuri/arm-gcc-tools/bin/../lib/gcc/arm-none-eabi/10.2.1/../../../../arm-none-eabi/lib/thumb/v7e-m+fp/hard/libc.a(lib_a-fvwrite.o)
 .ARM.attributes
                0x0000000000000c75       0x34 /home/ktkuri/arm-gcc-tools/bin/../lib/gcc/arm-none-eabi/10.2.1/../../../../arm-none-eabi/lib/thumb/v7e-m+fp/hard/libc.a(lib_a-isattyr.o)
 .ARM.attributes
                0x0000000000000ca9       0x34 /home/ktkuri/arm-gcc-tools/bin/../lib/gcc/arm-none-eabi/10.2.1/../../../../arm-none-eabi/lib/thumb/v7e-m+fp/hard/libc.a(lib_a-locale.o)
 .ARM.attributes
                0x0000000000000cdd       0x34 /home/ktkuri/arm-gcc-tools/bin/../lib/gcc/arm-none-eabi/10.2.1/../../../../arm-none-eabi/lib/thumb/v7e-m+fp/hard/libc.a(lib_a-lseekr.o)
 .ARM.attributes
                0x0000000000000d11       0x34 /home/ktkuri/arm-gcc-tools/bin/../lib/gcc/arm-none-eabi/10.2.1/../../../../arm-none-eabi/lib/thumb/v7e-m+fp/hard/libc.a(lib_a-mbtowc_r.o)
 .ARM.attributes
                0x0000000000000d45       0x34 /home/ktkuri/arm-gcc-tools/bin/../lib/gcc/arm-none-eabi/10.2.1/../../../../arm-none-eabi/lib/thumb/v7e-m+fp/hard/libc.a(lib_a-memmove.o)
 .ARM.attributes
                0x0000000000000d79       0x34 /home/ktkuri/arm-gcc-tools/bin/../lib/gcc/arm-none-eabi/10.2.1/../../../../arm-none-eabi/lib/thumb/v7e-m+fp/hard/libc.a(lib_a-readr.o)
 .ARM.attributes
                0x0000000000000dad       0x34 /home/ktkuri/arm-gcc-tools/bin/../lib/gcc/arm-none-eabi/10.2.1/../../../../arm-none-eabi/lib/thumb/v7e-m+fp/hard/libc.a(lib_a-reallocr.o)
 .ARM.attributes
                0x0000000000000de1       0x34 /home/ktkuri/arm-gcc-tools/bin/../lib/gcc/arm-none-eabi/10.2.1/../../../../arm-none-eabi/lib/thumb/v7e-m+fp/hard/libc.a(lib_a-reent.o)
 .ARM.attributes
                0x0000000000000e15       0x34 /home/ktkuri/arm-gcc-tools/bin/../lib/gcc/arm-none-eabi/10.2.1/../../../../arm-none-eabi/lib/thumb/v7e-m+fp/hard/libc.a(lib_a-svfiprintf.o)
 .ARM.attributes
                0x0000000000000e49       0x34 /home/ktkuri/arm-gcc-tools/bin/../lib/gcc/arm-none-eabi/10.2.1/../../../../arm-none-eabi/lib/thumb/v7e-m+fp/hard/libc.a(lib_a-wbuf.o)
 .ARM.attributes
                0x0000000000000e7d       0x34 /home/ktkuri/arm-gcc-tools/bin/../lib/gcc/arm-none-eabi/10.2.1/../../../../arm-none-eabi/lib/thumb/v7e-m+fp/hard/libc.a(lib_a-wcrtomb.o)
 .ARM.attributes
                0x0000000000000eb1       0x34 /home/ktkuri/arm-gcc-tools/bin/../lib/gcc/arm-none-eabi/10.2.1/../../../../arm-none-eabi/lib/thumb/v7e-m+fp/hard/libc.a(lib_a-wctomb_r.o)
 .ARM.attributes
                0x0000000000000ee5       0x34 /home/ktkuri/arm-gcc-tools/bin/../lib/gcc/arm-none-eabi/10.2.1/../../../../arm-none-eabi/lib/thumb/v7e-m+fp/hard/libc.a(lib_a-abort.o)
 .ARM.attributes
                0x0000000000000f19       0x32 /home/ktkuri/arm-gcc-tools/bin/../lib/gcc/arm-none-eabi/10.2.1/../../../../arm-none-eabi/lib/thumb/v7e-m+fp/hard/libc.a(lib_a-ctype_.o)
 .ARM.attributes
                0x0000000000000f4b       0x34 /home/ktkuri/arm-gcc-tools/bin/../lib/gcc/arm-none-eabi/10.2.1/../../../../arm-none-eabi/lib/thumb/v7e-m+fp/hard/libc.a(lib_a-signal.o)
 .ARM.attributes
                0x0000000000000f7f       0x34 /home/ktkuri/arm-gcc-tools/bin/../lib/gcc/arm-none-eabi/10.2.1/../../../../arm-none-eabi/lib/thumb/v7e-m+fp/hard/libc.a(lib_a-signalr.o)
 .ARM.attributes
                0x0000000000000fb3       0x1e /home/ktkuri/arm-gcc-tools/bin/../lib/gcc/arm-none-eabi/10.2.1/thumb/v7e-m+fp/hard/libgcc.a(_arm_addsubdf3.o)
 .ARM.attributes
                0x0000000000000fd1       0x1e /home/ktkuri/arm-gcc-tools/bin/../lib/gcc/arm-none-eabi/10.2.1/thumb/v7e-m+fp/hard/libgcc.a(_arm_muldivdf3.o)
 .ARM.attributes
                0x0000000000000fef       0x1e /home/ktkuri/arm-gcc-tools/bin/../lib/gcc/arm-none-eabi/10.2.1/thumb/v7e-m+fp/hard/libgcc.a(_arm_cmpdf2.o)
 .ARM.attributes
                0x000000000000100d       0x1e /home/ktkuri/arm-gcc-tools/bin/../lib/gcc/arm-none-eabi/10.2.1/thumb/v7e-m+fp/hard/libgcc.a(_arm_unorddf2.o)
 .ARM.attributes
                0x000000000000102b       0x1e /home/ktkuri/arm-gcc-tools/bin/../lib/gcc/arm-none-eabi/10.2.1/thumb/v7e-m+fp/hard/libgcc.a(_arm_fixdfsi.o)
 .ARM.attributes
                0x0000000000001049       0x1e /home/ktkuri/arm-gcc-tools/bin/../lib/gcc/arm-none-eabi/10.2.1/thumb/v7e-m+fp/hard/libgcc.a(_aeabi_uldivmod.o)
 .ARM.attributes
                0x0000000000001067       0x34 /home/ktkuri/arm-gcc-tools/bin/../lib/gcc/arm-none-eabi/10.2.1/thumb/v7e-m+fp/hard/libgcc.a(_udivmoddi4.o)
 .ARM.attributes
                0x000000000000109b       0x34 /home/ktkuri/arm-gcc-tools/bin/../lib/gcc/arm-none-eabi/10.2.1/thumb/v7e-m+fp/hard/libgcc.a(unwind-arm.o)
 .ARM.attributes
                0x00000000000010cf       0x1e /home/ktkuri/arm-gcc-tools/bin/../lib/gcc/arm-none-eabi/10.2.1/thumb/v7e-m+fp/hard/libgcc.a(libunwind.o)
 .ARM.attributes
                0x00000000000010ed       0x34 /home/ktkuri/arm-gcc-tools/bin/../lib/gcc/arm-none-eabi/10.2.1/thumb/v7e-m+fp/hard/libgcc.a(pr-support.o)
 .ARM.attributes
                0x0000000000001121       0x1e /home/ktkuri/arm-gcc-tools/bin/../lib/gcc/arm-none-eabi/10.2.1/thumb/v7e-m+fp/hard/libgcc.a(_dvmd_tls.o)
 .ARM.attributes
                0x000000000000113f       0x34 /home/ktkuri/arm-gcc-tools/bin/../lib/gcc/arm-none-eabi/10.2.1/../../../../arm-none-eabi/lib/thumb/v7e-m+fp/hard/libnosys.a(close.o)
 .ARM.attributes
                0x0000000000001173       0x34 /home/ktkuri/arm-gcc-tools/bin/../lib/gcc/arm-none-eabi/10.2.1/../../../../arm-none-eabi/lib/thumb/v7e-m+fp/hard/libnosys.a(fstat.o)
 .ARM.attributes
                0x00000000000011a7       0x34 /home/ktkuri/arm-gcc-tools/bin/../lib/gcc/arm-none-eabi/10.2.1/../../../../arm-none-eabi/lib/thumb/v7e-m+fp/hard/libnosys.a(getpid.o)
 .ARM.attributes
                0x00000000000011db       0x34 /home/ktkuri/arm-gcc-tools/bin/../lib/gcc/arm-none-eabi/10.2.1/../../../../arm-none-eabi/lib/thumb/v7e-m+fp/hard/libnosys.a(isatty.o)
 .ARM.attributes
                0x000000000000120f       0x34 /home/ktkuri/arm-gcc-tools/bin/../lib/gcc/arm-none-eabi/10.2.1/../../../../arm-none-eabi/lib/thumb/v7e-m+fp/hard/libnosys.a(kill.o)
 .ARM.attributes
                0x0000000000001243       0x34 /home/ktkuri/arm-gcc-tools/bin/../lib/gcc/arm-none-eabi/10.2.1/../../../../arm-none-eabi/lib/thumb/v7e-m+fp/hard/libnosys.a(lseek.o)
 .ARM.attributes
                0x0000000000001277       0x34 /home/ktkuri/arm-gcc-tools/bin/../lib/gcc/arm-none-eabi/10.2.1/../../../../arm-none-eabi/lib/thumb/v7e-m+fp/hard/libnosys.a(read.o)
 .ARM.attributes
                0x00000000000012ab       0x34 /home/ktkuri/arm-gcc-tools/bin/../lib/gcc/arm-none-eabi/10.2.1/../../../../arm-none-eabi/lib/thumb/v7e-m+fp/hard/libnosys.a(sbrk.o)
 .ARM.attributes
                0x00000000000012df       0x34 /home/ktkuri/arm-gcc-tools/bin/../lib/gcc/arm-none-eabi/10.2.1/../../../../arm-none-eabi/lib/thumb/v7e-m+fp/hard/libnosys.a(_exit.o)
 .ARM.attributes
                0x0000000000001313       0x1e /home/ktkuri/arm-gcc-tools/bin/../lib/gcc/arm-none-eabi/10.2.1/thumb/v7e-m+fp/hard/crtn.o
OUTPUT(GCC/build/temp.elf elf32-littlearm)
LOAD linker stubs
LOAD /home/ktkuri/arm-gcc-tools/bin/../lib/gcc/arm-none-eabi/10.2.1/../../../../arm-none-eabi/lib/thumb/v7e-m+fp/hard/libc.a
LOAD /home/ktkuri/arm-gcc-tools/bin/../lib/gcc/arm-none-eabi/10.2.1/../../../../arm-none-eabi/lib/thumb/v7e-m+fp/hard/libm.a
LOAD /home/ktkuri/arm-gcc-tools/bin/../lib/gcc/arm-none-eabi/10.2.1/thumb/v7e-m+fp/hard/libgcc.a

.debug_info     0x0000000000000000     0xc297
 .debug_info    0x0000000000000000      0x1d8 ./GCC/build/main.o
 .debug_info    0x00000000000001d8      0x6fc ./GCC/build/system_stm32f4xx.o
 .debug_info    0x00000000000008d4      0x5eb ./GCC/build/misc.o
 .debug_info    0x0000000000000ebf      0x39a ./GCC/build/stm32f4xx_exti.o
 .debug_info    0x0000000000001259      0x908 ./GCC/build/stm32f4xx_gpio.o
 .debug_info    0x0000000000001b61     0x1142 ./GCC/build/stm32f4xx_rcc.o
 .debug_info    0x0000000000002ca3      0x30e ./GCC/build/stm32f4xx_syscfg.o
 .debug_info    0x0000000000002fb1      0xd2b ./GCC/build/stm32f4xx_usart.o
 .debug_info    0x0000000000003cdc      0x2a7 ./GCC/build/delay.o
 .debug_info    0x0000000000003f83      0x3ff ./GCC/build/sys.o
 .debug_info    0x0000000000004382      0xba0 ./GCC/build/usart.o
 .debug_info    0x0000000000004f22     0x1618 ./GCC/build/lcd.o
 .debug_info    0x000000000000653a     0x147f ./GCC/build/ltdc.o
 .debug_info    0x00000000000079b9      0xc77 ./GCC/build/sdram.o
 .debug_info    0x0000000000008630      0x9f5 ./GCC/build/ctiic.o
 .debug_info    0x0000000000009025      0xc7c ./GCC/build/gt9xxx.o
 .debug_info    0x0000000000009ca1      0x901 ./GCC/build/touch.o
 .debug_info    0x000000000000a5a2      0x6de ./GCC/build/bank.o
 .debug_info    0x000000000000ac80      0x166 ./GCC/build/BSP.o
 .debug_info    0x000000000000ade6      0x775 ./GCC/build/exit.o
 .debug_info    0x000000000000b55b      0xd1a ./GCC/build/GUILib.o
 .debug_info    0x000000000000c275       0x22 ./GCC/build/startup_stm32f429_439xx.o

.debug_abbrev   0x0000000000000000     0x288e
 .debug_abbrev  0x0000000000000000       0xe6 ./GCC/build/main.o
 .debug_abbrev  0x00000000000000e6      0x189 ./GCC/build/system_stm32f4xx.o
 .debug_abbrev  0x000000000000026f      0x167 ./GCC/build/misc.o
 .debug_abbrev  0x00000000000003d6      0x213 ./GCC/build/stm32f4xx_exti.o
 .debug_abbrev  0x00000000000005e9      0x249 ./GCC/build/stm32f4xx_gpio.o
 .debug_abbrev  0x0000000000000832      0x240 ./GCC/build/stm32f4xx_rcc.o