Archive member included to satisfy reference by file (symbol)

C:/Program Files (x86)/Arm GNU Toolchain arm-none-eabi/13.3 rel1/bin/../lib/gcc/arm-none-eabi/13.3.1/thumb/v7e-m+fp/hard\libc.a(libc_a-exit.o)
                              C:/Program Files (x86)/Arm GNU Toolchain arm-none-eabi/13.3 rel1/bin/../lib/gcc/arm-none-eabi/13.3.1/thumb/v7e-m+fp/hard/crt0.o (exit)
C:/Program Files (x86)/Arm GNU Toolchain arm-none-eabi/13.3 rel1/bin/../lib/gcc/arm-none-eabi/13.3.1/thumb/v7e-m+fp/hard\libc.a(libc_a-findfp.o)
                              C:/Program Files (x86)/Arm GNU Toolchain arm-none-eabi/13.3 rel1/bin/../lib/gcc/arm-none-eabi/13.3.1/thumb/v7e-m+fp/hard\libc.a(libc_a-exit.o) (__stdio_exit_handler)
C:/Program Files (x86)/Arm GNU Toolchain arm-none-eabi/13.3 rel1/bin/../lib/gcc/arm-none-eabi/13.3.1/thumb/v7e-m+fp/hard\libc.a(libc_a-fwalk.o)
                              C:/Program Files (x86)/Arm GNU Toolchain arm-none-eabi/13.3 rel1/bin/../lib/gcc/arm-none-eabi/13.3.1/thumb/v7e-m+fp/hard\libc.a(libc_a-findfp.o) (_fwalk_sglue)
C:/Program Files (x86)/Arm GNU Toolchain arm-none-eabi/13.3 rel1/bin/../lib/gcc/arm-none-eabi/13.3.1/thumb/v7e-m+fp/hard\libc.a(libc_a-stdio.o)
                              C:/Program Files (x86)/Arm GNU Toolchain arm-none-eabi/13.3 rel1/bin/../lib/gcc/arm-none-eabi/13.3.1/thumb/v7e-m+fp/hard\libc.a(libc_a-findfp.o) (__sread)
C:/Program Files (x86)/Arm GNU Toolchain arm-none-eabi/13.3 rel1/bin/../lib/gcc/arm-none-eabi/13.3.1/thumb/v7e-m+fp/hard\libc.a(libc_a-vsprintf.o)
                              build/usart.o (vsprintf)
C:/Program Files (x86)/Arm GNU Toolchain arm-none-eabi/13.3 rel1/bin/../lib/gcc/arm-none-eabi/13.3.1/thumb/v7e-m+fp/hard\libc.a(libc_a-memset.o)
                              C:/Program Files (x86)/Arm GNU Toolchain arm-none-eabi/13.3 rel1/bin/../lib/gcc/arm-none-eabi/13.3.1/thumb/v7e-m+fp/hard/crt0.o (memset)
C:/Program Files (x86)/Arm GNU Toolchain arm-none-eabi/13.3 rel1/bin/../lib/gcc/arm-none-eabi/13.3.1/thumb/v7e-m+fp/hard\libc.a(libc_a-closer.o)
                              C:/Program Files (x86)/Arm GNU Toolchain arm-none-eabi/13.3 rel1/bin/../lib/gcc/arm-none-eabi/13.3.1/thumb/v7e-m+fp/hard\libc.a(libc_a-stdio.o) (_close_r)
C:/Program Files (x86)/Arm GNU Toolchain arm-none-eabi/13.3 rel1/bin/../lib/gcc/arm-none-eabi/13.3.1/thumb/v7e-m+fp/hard\libc.a(libc_a-reent.o)
                              C:/Program Files (x86)/Arm GNU Toolchain arm-none-eabi/13.3 rel1/bin/../lib/gcc/arm-none-eabi/13.3.1/thumb/v7e-m+fp/hard\libc.a(libc_a-closer.o) (errno)
C:/Program Files (x86)/Arm GNU Toolchain arm-none-eabi/13.3 rel1/bin/../lib/gcc/arm-none-eabi/13.3.1/thumb/v7e-m+fp/hard\libc.a(libc_a-impure.o)
                              C:/Program Files (x86)/Arm GNU Toolchain arm-none-eabi/13.3 rel1/bin/../lib/gcc/arm-none-eabi/13.3.1/thumb/v7e-m+fp/hard\libc.a(libc_a-vsprintf.o) (_impure_ptr)
C:/Program Files (x86)/Arm GNU Toolchain arm-none-eabi/13.3 rel1/bin/../lib/gcc/arm-none-eabi/13.3.1/thumb/v7e-m+fp/hard\libc.a(libc_a-lseekr.o)
                              C:/Program Files (x86)/Arm GNU Toolchain arm-none-eabi/13.3 rel1/bin/../lib/gcc/arm-none-eabi/13.3.1/thumb/v7e-m+fp/hard\libc.a(libc_a-stdio.o) (_lseek_r)
C:/Program Files (x86)/Arm GNU Toolchain arm-none-eabi/13.3 rel1/bin/../lib/gcc/arm-none-eabi/13.3.1/thumb/v7e-m+fp/hard\libc.a(libc_a-readr.o)
                              C:/Program Files (x86)/Arm GNU Toolchain arm-none-eabi/13.3 rel1/bin/../lib/gcc/arm-none-eabi/13.3.1/thumb/v7e-m+fp/hard\libc.a(libc_a-stdio.o) (_read_r)
C:/Program Files (x86)/Arm GNU Toolchain arm-none-eabi/13.3 rel1/bin/../lib/gcc/arm-none-eabi/13.3.1/thumb/v7e-m+fp/hard\libc.a(libc_a-writer.o)
                              C:/Program Files (x86)/Arm GNU Toolchain arm-none-eabi/13.3 rel1/bin/../lib/gcc/arm-none-eabi/13.3.1/thumb/v7e-m+fp/hard\libc.a(libc_a-stdio.o) (_write_r)
C:/Program Files (x86)/Arm GNU Toolchain arm-none-eabi/13.3 rel1/bin/../lib/gcc/arm-none-eabi/13.3.1/thumb/v7e-m+fp/hard\libc.a(libc_a-init.o)
                              C:/Program Files (x86)/Arm GNU Toolchain arm-none-eabi/13.3 rel1/bin/../lib/gcc/arm-none-eabi/13.3.1/thumb/v7e-m+fp/hard/crt0.o (__libc_init_array)
C:/Program Files (x86)/Arm GNU Toolchain arm-none-eabi/13.3 rel1/bin/../lib/gcc/arm-none-eabi/13.3.1/thumb/v7e-m+fp/hard\libc.a(libc_a-lock.o)
                              C:/Program Files (x86)/Arm GNU Toolchain arm-none-eabi/13.3 rel1/bin/../lib/gcc/arm-none-eabi/13.3.1/thumb/v7e-m+fp/hard\libc.a(libc_a-findfp.o) (__retarget_lock_init_recursive)
C:/Program Files (x86)/Arm GNU Toolchain arm-none-eabi/13.3 rel1/bin/../lib/gcc/arm-none-eabi/13.3.1/thumb/v7e-m+fp/hard\libc.a(libc_a-__call_atexit.o)
                              C:/Program Files (x86)/Arm GNU Toolchain arm-none-eabi/13.3 rel1/bin/../lib/gcc/arm-none-eabi/13.3.1/thumb/v7e-m+fp/hard\libc.a(libc_a-exit.o) (__call_exitprocs)
[...]
Memory Configuration

Name             Origin             Length             Attributes
RAM              0x20000000         0x00030000         xrw
CCMRAM           0x10000000         0x00010000         xrw
FLASH            0x08000000         0x00100000         xr
EXTSRAM          0xc0000000         0x02000000         xrw
*default*        0x00000000         0xffffffff

Linker script and memory map

LOAD C:/Program Files (x86)/Arm GNU Toolchain arm-none-eabi/13.3 rel1/bin/../lib/gcc/arm-none-eabi/13.3.1/thumb/v7e-m+fp/hard/crti.o
LOAD C:/Program Files (x86)/Arm GNU Toolchain arm-none-eabi/13.3 rel1/bin/../lib/gcc/arm-none-eabi/13.3.1/thumb/v7e-m+fp/hard/crtbegin.o
LOAD C:/Program Files (x86)/Arm GNU Toolchain arm-none-eabi/13.3 rel1/bin/../lib/gcc/arm-none-eabi/13.3.1/thumb/v7e-m+fp/hard/crt0.o
LOAD build/main.o
LOAD build/stm32f4xx_it.o
LOAD build/system_stm32f4xx.o
LOAD build/delay.o
LOAD build/sys.o
LOAD build/usart.o
LOAD build/bank.o
LOAD build/lcd.o
LOAD build/ltdc.o
LOAD build/sdram.o
LOAD build/lib.o
LOAD build/__main.o
LOAD build/startup_stm32f429xx.o
LOAD C:/Program Files (x86)/Arm GNU Toolchain arm-none-eabi/13.3 rel1/bin/../lib/gcc/arm-none-eabi/13.3.1/thumb/v7e-m+fp/hard\libnosys.a
LOAD C:/Program Files (x86)/Arm GNU Toolchain arm-none-eabi/13.3 rel1/bin/../lib/gcc/arm-none-eabi/13.3.1/thumb/v7e-m+fp/hard\libstdc++.a
LOAD C:/Program Files (x86)/Arm GNU Toolchain arm-none-eabi/13.3 rel1/bin/../lib/gcc/arm-none-eabi/13.3.1/thumb/v7e-m+fp/hard\libm.a
LOAD C:/Program Files (x86)/Arm GNU Toolchain arm-none-eabi/13.3 rel1/bin/../lib/gcc/arm-none-eabi/13.3.1/thumb/v7e-m+fp/hard\libc.a
START GROUP
LOAD C:/Program Files (x86)/Arm GNU Toolchain arm-none-eabi/13.3 rel1/bin/../lib/gcc/arm-none-eabi/13.3.1/thumb/v7e-m+fp/hard\libgcc.a
LOAD C:/Program Files (x86)/Arm GNU Toolchain arm-none-eabi/13.3 rel1/bin/../lib/gcc/arm-none-eabi/13.3.1/thumb/v7e-m+fp/hard\libc.a
END GROUP
START GROUP
LOAD C:/Program Files (x86)/Arm GNU Toolchain arm-none-eabi/13.3 rel1/bin/../lib/gcc/arm-none-eabi/13.3.1/thumb/v7e-m+fp/hard\libgcc.a
LOAD C:/Program Files (x86)/Arm GNU Toolchain arm-none-eabi/13.3 rel1/bin/../lib/gcc/arm-none-eabi/13.3.1/thumb/v7e-m+fp/hard\libc.a
LOAD C:/Program Files (x86)/Arm GNU Toolchain arm-none-eabi/13.3 rel1/bin/../lib/gcc/arm-none-eabi/13.3.1/thumb/v7e-m+fp/hard\libnosys.a
END GROUP
LOAD C:/Program Files (x86)/Arm GNU Toolchain arm-none-eabi/13.3 rel1/bin/../lib/gcc/arm-none-eabi/13.3.1/thumb/v7e-m+fp/hard/crtend.o
LOAD C:/Program Files (x86)/Arm GNU Toolchain arm-none-eabi/13.3 rel1/bin/../lib/gcc/arm-none-eabi/13.3.1/thumb/v7e-m+fp/hard/crtn.o
                0x20030000                        _estack = (ORIGIN (RAM) + LENGTH (RAM))
                0x00000200                        _Min_Heap_Size = 0x200
                0x00000400                        _Min_Stack_Size = 0x400

.isr_vector     0x08000000      0x1ac
                0x08000000                        . = ALIGN (0x4)
 *(.isr_vector)
 .isr_vector    0x08000000      0x1ac build/startup_stm32f429xx.o
                0x08000000                g_pfnVectors
                0x080001ac                        . = ALIGN (0x4)

.text           0x080001c0     0x8e5c
                0x080001c0                        . = ALIGN (0x4)
 *(.text)
 .text          0x080001c0       0xa0 C:/Program Files (x86)/Arm GNU Toolchain arm-none-eabi/13.3 rel1/bin/../lib/gcc/arm-none-eabi/13.3.1/thumb/v7e-m+fp/hard\libc.a(libc_a-memchr.o)
                0x080001c0                memchr
 *fill*         0x08000260       0x20 
 .text          0x08000280       0xd8 C:/Program Files (x86)/Arm GNU Toolchain arm-none-eabi/13.3 rel1/bin/../lib/gcc/arm-none-eabi/13.3.1/thumb/v7e-m+fp/hard\libc.a(libc_a-strlen.o)
                0x08000280                strlen
 .text          0x08000358      0x134 C:/Program Files (x86)/Arm GNU Toolchain arm-none-eabi/13.3 rel1/bin/../lib/gcc/arm-none-eabi/13.3.1/thumb/v7e-m+fp/hard\libc.a(libc_a-memcpy.o)
                0x08000358                memcpy
 .text          0x0800048c      0x378 C:/Program Files (x86)/Arm GNU Toolchain arm-none-eabi/13.3 rel1/bin/../lib/gcc/arm-none-eabi/13.3.1/thumb/v7e-m+fp/hard\libgcc.a(_arm_addsubdf3.o)
                0x0800048c                __aeabi_drsub
                0x08000494                __aeabi_dsub
                0x08000494                __subdf3
                0x08000498                __aeabi_dadd
                0x08000498                __adddf3
                0x08000710                __floatunsidf
                0x08000710                __aeabi_ui2d
                0x08000730                __floatsidf
                0x08000730                __aeabi_i2d
                0x08000754                __aeabi_f2d
                0x08000754                __extendsfdf2
                0x08000798                __floatundidf
                0x08000798                __aeabi_ul2d
                0x080007a8                __floatdidf
                0x080007a8                __aeabi_l2d
 .text          0x08000804      0x424 C:/Program Files (x86)/Arm GNU Toolchain arm-none-eabi/13.3 rel1/bin/../lib/gcc/arm-none-eabi/13.3.1/thumb/v7e-m+fp/hard\libgcc.a(_arm_muldivdf3.o)
                0x08000804                __aeabi_dmul
                0x08000804                __muldf3
                0x08000a58                __divdf3
                0x08000a58                __aeabi_ddiv
 .text          0x08000c28      0x110 C:/Program Files (x86)/Arm GNU Toolchain arm-none-eabi/13.3 rel1/bin/../lib/gcc/arm-none-eabi/13.3.1/thumb/v7e-m+fp/hard\libgcc.a(_arm_cmpdf2.o)
                0x08000c28                __gtdf2
                0x08000c28                __gedf2
                0x08000c30                __ltdf2
                0x08000c30                __ledf2
                0x08000c38                __nedf2
                0x08000c38                __eqdf2
                0x08000c38                __cmpdf2
                0x08000cb4                __aeabi_cdrcmple
                0x08000cc4                __aeabi_cdcmpeq
                0x08000cc4                __aeabi_cdcmple
                0x08000cd4                __aeabi_dcmpeq
                0x08000ce8                __aeabi_dcmplt
                0x08000cfc                __aeabi_dcmple
                0x08000d10                __aeabi_dcmpge
                0x08000d24                __aeabi_dcmpgt
 .text          0x08000d38       0x2c C:/Program Files (x86)/Arm GNU Toolchain arm-none-eabi/13.3 rel1/bin/../lib/gcc/arm-none-eabi/13.3.1/thumb/v7e-m+fp/hard\libgcc.a(_arm_unorddf2.o)
                0x08000d38                __unorddf2
                0x08000d38                __aeabi_dcmpun
 .text          0x08000d64       0x50 C:/Program Files (x86)/Arm GNU Toolchain arm-none-eabi/13.3 rel1/bin/../lib/gcc/arm-none-eabi/13.3.1/thumb/v7e-m+fp/hard\libgcc.a(_arm_fixdfsi.o)
                0x08000d64                __aeabi_d2iz
                0x08000d64                __fixdfsi
 .text          0x08000db4      0x1ac C:/Program Files (x86)/Arm GNU Toolchain arm-none-eabi/13.3 rel1/bin/../lib/gcc/arm-none-eabi/13.3.1/thumb/v7e-m+fp/hard\libgcc.a(libunwind.o)
                0x08000db4                __restore_core_regs
                0x08000db4                restore_core_regs
                0x08000dcc                __gnu_Unwind_Restore_VFP
                0x08000dd4                __gnu_Unwind_Save_VFP
                0x08000ddc                __gnu_Unwind_Restore_VFP_D
                0x08000de4                __gnu_Unwind_Save_VFP_D
                0x08000dec                __gnu_Unwind_Restore_VFP_D_16_to_31
                0x08000df4                __gnu_Unwind_Save_VFP_D_16_to_31
                0x08000dfc                __gnu_Unwind_Restore_WMMXD
                0x08000e40                __gnu_Unwind_Save_WMMXD
                0x08000e84                __gnu_Unwind_Restore_WMMXC
                0x08000e98                __gnu_Unwind_Save_WMMXC
                0x08000eac                ___Unwind_RaiseException
                0x08000eac                _Unwind_RaiseException
                0x08000ed0                _Unwind_Resume
                0x08000ed0                ___Unwind_Resume
                0x08000ef4                _Unwind_Resume_or_Rethrow
                0x08000ef4                ___Unwind_Resume_or_Rethrow
                0x08000f18                _Unwind_ForcedUnwind
                0x08000f18                ___Unwind_ForcedUnwind
                0x08000f3c                ___Unwind_Backtrace
                0x08000f3c                _Unwind_Backtrace
 *(.text*)
 .text.deregister_tm_clones
                0x08000f60       0x1c C:/Program Files (x86)/Arm GNU Toolchain arm-none-eabi/13.3 rel1/bin/../lib/gcc/arm-none-eabi/13.3.1/thumb/v7e-m+fp/hard/crtbegin.o
 .text.register_tm_clones
                0x08000f7c       0x24 C:/Program Files (x86)/Arm GNU Toolchain arm-none-eabi/13.3 rel1/bin/../lib/gcc/arm-none-eabi/13.3.1/thumb/v7e-m+fp/hard/crtbegin.o
 .text.__do_global_dtors_aux
                0x08000fa0       0x28 C:/Program Files (x86)/Arm GNU Toolchain arm-none-eabi/13.3 rel1/bin/../lib/gcc/arm-none-eabi/13.3.1/thumb/v7e-m+fp/hard/crtbegin.o
 .text.frame_dummy
                0x08000fc8       0x24 C:/Program Files (x86)/Arm GNU Toolchain arm-none-eabi/13.3 rel1/bin/../lib/gcc/arm-none-eabi/13.3.1/thumb/v7e-m+fp/hard/crtbegin.o
 .text.system_init
                0x08000fec       0x28 build/main.o
                0x08000fec                system_init
 .text.NMI_Handler
                0x08001014        0x2 build/stm32f4xx_it.o
                0x08001014                NMI_Handler
 .text.HardFault_Handler
                0x08001016        0x2 build/stm32f4xx_it.o
                0x08001016                HardFault_Handler
 .text.MemManage_Handler
                0x08001018        0x2 build/stm32f4xx_it.o
                0x08001018                MemManage_Handler
 .text.BusFault_Handler
                0x0800101a        0x2 build/stm32f4xx_it.o
                0x0800101a                BusFault_Handler
 .text.UsageFault_Handler
                0x0800101c        0x2 build/stm32f4xx_it.o
                0x0800101c                UsageFault_Handler
 .text.SVC_Handler
                0x0800101e        0x2 build/stm32f4xx_it.o
                0x0800101e                SVC_Handler
 .text.DebugMon_Handler
                0x08001020        0x2 build/stm32f4xx_it.o
                0x08001020                DebugMon_Handler
 .text.PendSV_Handler
                0x08001022        0x2 build/stm32f4xx_it.o
                0x08001022                PendSV_Handler
 .text.SetSysClock
                0x08001024       0xec build/system_stm32f4xx.o
 .text.SystemInit
                0x08001110       0x50 build/system_stm32f4xx.o
                0x08001110                SystemInit
 .text.delay_init
                0x08001160       0x2c build/delay.o
                0x08001160                delay_init
 .text.delay_us
                0x0800118c       0x40 build/delay.o
                0x0800118c                delay_us
 .text.uart_init
                0x080011cc       0xe0 build/usart.o
                0x080011cc                uart_init
 .text.USART1_IRQHandler
                0x080012ac       0x70 build/usart.o
                0x080012ac                USART1_IRQHandler
 .text.MY_NVIC_PriorityGroupConfig
                0x0800131c       0x28 build/bank.o
                0x0800131c                MY_NVIC_PriorityGroupConfig
 .text.GPIO_Set
                0x08001344       0x8e build/bank.o
                0x08001344                GPIO_Set
 .text.GPIO_AF_Set
                0x080013d2       0x32 build/bank.o
                0x080013d2                GPIO_AF_Set
 .text.MY_NVIC_Init
                0x08001404       0x50 build/bank.o
                0x08001404                MY_NVIC_Init
 .text.LCD_DrawPoint
                0x08001454       0x1c build/lcd.o
                0x08001454                LCD_DrawPoint
 .text.LCD_Display_Dir
                0x08001470       0x28 build/lcd.o
                0x08001470                LCD_Display_Dir
 .text.LCD_Clear
                0x08001498       0x14 build/lcd.o
                0x08001498                LCD_Clear
 .text.LCD_Init
                0x080014ac       0x7c build/lcd.o
                0x080014ac                LCD_Init
 .text.LCD_DrawLine
                0x08001528       0x9e build/lcd.o
                0x08001528                LCD_DrawLine
 .text.LCD_DrawRectangle
                0x080015c6       0x36 build/lcd.o
                0x080015c6                LCD_DrawRectangle
 .text.LCD_ShowChar
                0x080015fc      0x170 build/lcd.o
                0x080015fc                LCD_ShowChar
 .text.LCD_ShowString
                0x0800176c       0x5a build/lcd.o
                0x0800176c                LCD_ShowString
 .text.Printf   0x080017c6       0x3a build/lcd.o
                0x080017c6                Printf
 .text.LTDC_Switch
                0x08001800       0x24 build/ltdc.o
                0x08001800                LTDC_Switch
 .text.LTDC_Layer_Switch
                0x08001824       0x54 build/ltdc.o
                0x08001824                LTDC_Layer_Switch
 .text.LTDC_Select_Layer
                0x08001878        0xc build/ltdc.o
                0x08001878                LTDC_Select_Layer
 .text.LTDC_Display_Dir
                0x08001884       0x28 build/ltdc.o
                0x08001884                LTDC_Display_Dir
 .text.LTDC_Draw_Point
                0x080018ac       0x4c build/ltdc.o
                0x080018ac                LTDC_Draw_Point
 .text.LTDC_Fill
                0x080018f8       0xb8 build/ltdc.o
                0x080018f8                LTDC_Fill
 .text.LTDC_Clear
                0x080019b0       0x28 build/ltdc.o
                0x080019b0                LTDC_Clear
 .text.LTDC_Clk_Set
                0x080019d8       0x90 build/ltdc.o
                0x080019d8                LTDC_Clk_Set
 .text.LTDC_Layer_Window_Config
                0x08001a68      0x104 build/ltdc.o
                0x08001a68                LTDC_Layer_Window_Config
 .text.LTDC_Layer_Parameter_Config
                0x08001b6c       0x54 build/ltdc.o
                0x08001b6c                LTDC_Layer_Parameter_Config
 .text.LTDC_PanelID_Read
                0x08001bc0       0x98 build/ltdc.o
                0x08001bc0                LTDC_PanelID_Read
 .text.LTDC_Init
                0x08001c58      0x278 build/ltdc.o
                0x08001c58                LTDC_Init
 .text.SDRAM_Send_Cmd
                0x08001ed0       0x38 build/sdram.o
                0x08001ed0                SDRAM_Send_Cmd
 .text.SDRAM_Init
                0x08001f08      0x27c build/sdram.o
                0x08001f08                SDRAM_Init
 .text.__main   0x08002184       0x3c build/__main.o
                0x08002184                __main
 .text.Reset_Handler
                0x080021c0       0x50 build/startup_stm32f429xx.o
                0x080021c0                Reset_Handler
 .text.Default_Handler
                0x08002210        0x2 build/startup_stm32f429xx.o
                0x08002210                RTC_Alarm_IRQHandler
                0x08002210                HASH_RNG_IRQHandler
                0x08002210                EXTI2_IRQHandler
                0x08002210                TIM8_CC_IRQHandler
                0x08002210                UART8_IRQHandler
                0x08002210                SPI4_IRQHandler
                0x08002210                TIM1_CC_IRQHandler
                0x08002210                DMA2_Stream5_IRQHandler
                0x08002210                DMA1_Stream5_IRQHandler
                0x08002210                SysTick_Handler
                0x08002210                PVD_IRQHandler
                0x08002210                SDIO_IRQHandler
                0x08002210                TAMP_STAMP_IRQHandler
                0x08002210                CAN2_RX1_IRQHandler
                0x08002210                EXTI3_IRQHandler
                0x08002210                TIM8_TRG_COM_TIM14_IRQHandler
                0x08002210                TIM1_UP_TIM10_IRQHandler
                0x08002210                TIM8_UP_TIM13_IRQHandler
                0x08002210                I2C3_ER_IRQHandler
                0x08002210                EXTI0_IRQHandler
                0x08002210                I2C2_EV_IRQHandler
                0x08002210                DMA1_Stream2_IRQHandler
                0x08002210                CAN1_RX0_IRQHandler
                0x08002210                FPU_IRQHandler
                0x08002210                OTG_HS_WKUP_IRQHandler
                0x08002210                LTDC_ER_IRQHandler
                0x08002210                CAN2_SCE_IRQHandler
                0x08002210                DMA2_Stream2_IRQHandler
                0x08002210                SPI1_IRQHandler
                0x08002210                TIM6_DAC_IRQHandler
                0x08002210                TIM1_BRK_TIM9_IRQHandler
                0x08002210                DCMI_IRQHandler
                0x08002210                CAN2_RX0_IRQHandler
                0x08002210                DMA2_Stream3_IRQHandler
                0x08002210                USART6_IRQHandler
                0x08002210                USART3_IRQHandler
                0x08002210                CAN1_RX1_IRQHandler
                0x08002210                UART5_IRQHandler
                0x08002210                DMA2_Stream0_IRQHandler
                0x08002210                TIM4_IRQHandler
                0x08002210                I2C1_EV_IRQHandler
                0x08002210                DMA1_Stream6_IRQHandler
                0x08002210                DMA1_Stream1_IRQHandler
                0x08002210                UART4_IRQHandler
                0x08002210                TIM3_IRQHandler
                0x08002210                RCC_IRQHandler
                0x08002210                TIM8_BRK_TIM12_IRQHandler
                0x08002210                Default_Handler
                0x08002210                EXTI15_10_IRQHandler
                0x08002210                ADC_IRQHandler
                0x08002210                DMA1_Stream7_IRQHandler
                0x08002210                SPI5_IRQHandler
                0x08002210                TIM7_IRQHandler
                0x08002210                CAN2_TX_IRQHandler
                0x08002210                TIM5_IRQHandler
                0x08002210                DMA2_Stream7_IRQHandler
                0x08002210                I2C3_EV_IRQHandler
                0x08002210                EXTI9_5_IRQHandler
                0x08002210                RTC_WKUP_IRQHandler
                0x08002210                LTDC_IRQHandler
                0x08002210                ETH_WKUP_IRQHandler
                0x08002210                SPI2_IRQHandler
                0x08002210                OTG_HS_EP1_IN_IRQHandler
                0x08002210                DMA1_Stream0_IRQHandler
                0x08002210                CAN1_TX_IRQHandler
                0x08002210                EXTI4_IRQHandler
                0x08002210                ETH_IRQHandler
                0x08002210                OTG_HS_EP1_OUT_IRQHandler
                0x08002210                WWDG_IRQHandler
                0x08002210                SPI6_IRQHandler
                0x08002210                TIM2_IRQHandler
                0x08002210                OTG_FS_WKUP_IRQHandler
                0x08002210                TIM1_TRG_COM_TIM11_IRQHandler
                0x08002210                OTG_HS_IRQHandler
                0x08002210                DMA2D_IRQHandler
                0x08002210                EXTI1_IRQHandler
                0x08002210                UART7_IRQHandler
                0x08002210                USART2_IRQHandler
                0x08002210                I2C2_ER_IRQHandler
                0x08002210                DMA2_Stream1_IRQHandler
                0x08002210                CAN1_SCE_IRQHandler
                0x08002210                FLASH_IRQHandler
                0x08002210                DMA2_Stream4_IRQHandler
                0x08002210                OTG_FS_IRQHandler
                0x08002210                SPI3_IRQHandler
                0x08002210                DMA1_Stream4_IRQHandler
                0x08002210                I2C1_ER_IRQHandler
                0x08002210                FMC_IRQHandler
                0x08002210                DMA2_Stream6_IRQHandler
                0x08002210                SAI1_IRQHandler
                0x08002210                DMA1_Stream3_IRQHandler
 *fill*         0x08002212        0x2 
 .text.stdio_exit_handler
                0x08002214       0x18 C:/Program Files (x86)/Arm GNU Toolchain arm-none-eabi/13.3 rel1/bin/../lib/gcc/arm-none-eabi/13.3.1/thumb/v7e-m+fp/hard\libc.a(libc_a-findfp.o)
 .text.cleanup_stdio
                0x0800222c       0x40 C:/Program Files (x86)/Arm GNU Toolchain arm-none-eabi/13.3 rel1/bin/../lib/gcc/arm-none-eabi/13.3.1/thumb/v7e-m+fp/hard\libc.a(libc_a-findfp.o)
 .text.global_stdio_init.part.0
                0x0800226c       0xf0 C:/Program Files (x86)/Arm GNU Toolchain arm-none-eabi/13.3 rel1/bin/../lib/gcc/arm-none-eabi/13.3.1/thumb/v7e-m+fp/hard\libc.a(libc_a-findfp.o)
 .text.__sinit  0x0800235c       0x3c C:/Program Files (x86)/Arm GNU Toolchain arm-none-eabi/13.3 rel1/bin/../lib/gcc/arm-none-eabi/13.3.1/thumb/v7e-m+fp/hard\libc.a(libc_a-findfp.o)
                0x0800235c                __sinit
 .text.__sfp_lock_acquire
                0x08002398        0xc C:/Program Files (x86)/Arm GNU Toolchain arm-none-eabi/13.3 rel1/bin/../lib/gcc/arm-none-eabi/13.3.1/thumb/v7e-m+fp/hard\libc.a(libc_a-findfp.o)
                0x08002398                __sfp_lock_acquire
 .text.__sfp_lock_release
                0x080023a4        0xc C:/Program Files (x86)/Arm GNU Toolchain arm-none-eabi/13.3 rel1/bin/../lib/gcc/arm-none-eabi/13.3.1/thumb/v7e-m+fp/hard\libc.a(libc_a-findfp.o)
                0x080023a4                __sfp_lock_release
 .text._fwalk_sglue
                0x080023b0       0x44 C:/Program Files (x86)/Arm GNU Toolchain arm-none-eabi/13.3 rel1/bin/../lib/gcc/arm-none-eabi/13.3.1/thumb/v7e-m+fp/hard\libc.a(libc_a-fwalk.o)
                0x080023b0                _fwalk_sglue
 .text.__sread  0x080023f4       0x24 C:/Program Files (x86)/Arm GNU Toolchain arm-none-eabi/13.3 rel1/bin/../lib/gcc/arm-none-eabi/13.3.1/thumb/v7e-m+fp/hard\libc.a(libc_a-stdio.o)
                0x080023f4                __sread
 .text.__swrite
                0x08002418       0x40 C:/Program Files (x86)/Arm GNU Toolchain arm-none-eabi/13.3 rel1/bin/../lib/gcc/arm-none-eabi/13.3.1/thumb/v7e-m+fp/hard\libc.a(libc_a-stdio.o)
                0x08002418                __swrite
 .text.__sseek  0x08002458       0x24 C:/Program Files (x86)/Arm GNU Toolchain arm-none-eabi/13.3 rel1/bin/../lib/gcc/arm-none-eabi/13.3.1/thumb/v7e-m+fp/hard\libc.a(libc_a-stdio.o)
                0x08002458                __sseek
 .text.__sclose
                0x0800247c        0x8 C:/Program Files (x86)/Arm GNU Toolchain arm-none-eabi/13.3 rel1/bin/../lib/gcc/arm-none-eabi/13.3.1/thumb/v7e-m+fp/hard\libc.a(libc_a-stdio.o)
                0x0800247c                __sclose
 .text.vsprintf
                0x08002484       0x38 C:/Program Files (x86)/Arm GNU Toolchain arm-none-eabi/13.3 rel1/bin/../lib/gcc/arm-none-eabi/13.3.1/thumb/v7e-m+fp/hard\libc.a(libc_a-vsprintf.o)
                0x08002484                vsprintf
 .text.memset   0x080024bc       0xa4 C:/Program Files (x86)/Arm GNU Toolchain arm-none-eabi/13.3 rel1/bin/../lib/gcc/arm-none-eabi/13.3.1/thumb/v7e-m+fp/hard\libc.a(libc_a-memset.o)
                0x080024bc                memset
 .text._close_r
                0x08002560       0x24 C:/Program Files (x86)/Arm GNU Toolchain arm-none-eabi/13.3 rel1/bin/../lib/gcc/arm-none-eabi/13.3.1/thumb/v7e-m+fp/hard\libc.a(libc_a-closer.o)
                0x08002560                _close_r
 .text._lseek_r
                0x08002584       0x2c C:/Program Files (x86)/Arm GNU Toolchain arm-none-eabi/13.3 rel1/bin/../lib/gcc/arm-none-eabi/13.3.1/thumb/v7e-m+fp/hard\libc.a(libc_a-lseekr.o)
                0x08002584                _lseek_r
 .text._read_r  0x080025b0       0x2c C:/Program Files (x86)/Arm GNU Toolchain arm-none-eabi/13.3 rel1/bin/../lib/gcc/arm-none-eabi/13.3.1/thumb/v7e-m+fp/hard\libc.a(libc_a-readr.o)
                0x080025b0                _read_r
 .text._write_r
                0x080025dc       0x2c C:/Program Files (x86)/Arm GNU Toolchain arm-none-eabi/13.3 rel1/bin/../lib/gcc/arm-none-eabi/13.3.1/thumb/v7e-m+fp/hard\libc.a(libc_a-writer.o)
                0x080025dc                _write_r
 .text.__libc_init_array
                0x08002608       0x50 C:/Program Files (x86)/Arm GNU Toolchain arm-none-eabi/13.3 rel1/bin/../lib/gcc/arm-none-eabi/13.3.1/thumb/v7e-m+fp/hard\libc.a(libc_a-init.o)
                0x08002608                __libc_init_array
 .text.__retarget_lock_init_recursive
                0x08002658        0x4 C:/Program Files (x86)/Arm GNU Toolchain arm-none-eabi/13.3 rel1/bin/../lib/gcc/arm-none-eabi/13.3.1/thumb/v7e-m+fp/hard\libc.a(libc_a-lock.o)
                0x08002658                __retarget_lock_init_recursive
 .text.__retarget_lock_close_recursive
                0x0800265c        0x4 C:/Program Files (x86)/Arm GNU Toolchain arm-none-eabi/13.3 rel1/bin/../lib/gcc/arm-none-eabi/13.3.1/thumb/v7e-m+fp/hard\libc.a(libc_a-lock.o)
                0x0800265c                __retarget_lock_close_recursive
 .text.__retarget_lock_acquire_recursive
                0x08002660        0x4 C:/Program Files (x86)/Arm GNU Toolchain arm-none-eabi/13.3 rel1/bin/../lib/gcc/arm-none-eabi/13.3.1/thumb/v7e-m+fp/hard\libc.a(libc_a-lock.o)
                0x08002660                __retarget_lock_acquire_recursive
 .text.__retarget_lock_release_recursive
                0x08002664        0x4 C:/Program Files (x86)/Arm GNU Toolchain arm-none-eabi/13.3 rel1/bin/../lib/gcc/arm-none-eabi/13.3.1/thumb/v7e-m+fp/hard\libc.a(libc_a-lock.o)
                0x08002664                __retarget_lock_release_recursive
 .text.startup.register_fini
                0x08002668       0x14 C:/Program Files (x86)/Arm GNU Toolchain arm-none-eabi/13.3 rel1/bin/../lib/gcc/arm-none-eabi/13.3.1/thumb/v7e-m+fp/hard\libc.a(libc_a-__call_atexit.o)
 .text.atexit   0x0800267c        0xc C:/Program Files (x86)/Arm GNU Toolchain arm-none-eabi/13.3 rel1/bin/../lib/gcc/arm-none-eabi/13.3.1/thumb/v7e-m+fp/hard\libc.a(libc_a-atexit.o)
                0x0800267c                atexit
 .text._malloc_trim_r
                0x08002688       0xb8 C:/Program Files (x86)/Arm GNU Toolchain arm-none-eabi/13.3 rel1/bin/../lib/gcc/arm-none-eabi/13.3.1/thumb/v7e-m+fp/hard\libc.a(libc_a-freer.o)
                0x08002688                _malloc_trim_r
 .text._free_r  0x08002740      0x1f8 C:/Program Files (x86)/Arm GNU Toolchain arm-none-eabi/13.3 rel1/bin/../lib/gcc/arm-none-eabi/13.3.1/thumb/v7e-m+fp/hard\libc.a(libc_a-freer.o)
                0x08002740                _free_r
 .text._malloc_r
                0x08002938      0x564 C:/Program Files (x86)/Arm GNU Toolchain arm-none-eabi/13.3 rel1/bin/../lib/gcc/arm-none-eabi/13.3.1/thumb/v7e-m+fp/hard\libc.a(libc_a-mallocr.o)
                0x08002938                _malloc_r
 .text.__malloc_lock
                0x08002e9c        0xc C:/Program Files (x86)/Arm GNU Toolchain arm-none-eabi/13.3 rel1/bin/../lib/gcc/arm-none-eabi/13.3.1/thumb/v7e-m+fp/hard\libc.a(libc_a-mlock.o)
                0x08002e9c                __malloc_lock
 .text.__malloc_unlock
                0x08002ea8        0xc C:/Program Files (x86)/Arm GNU Toolchain arm-none-eabi/13.3 rel1/bin/../lib/gcc/arm-none-eabi/13.3.1/thumb/v7e-m+fp/hard\libc.a(libc_a-mlock.o)
                0x08002ea8                __malloc_unlock
 *fill*         0x08002eb4        0x4 
 .text._svfprintf_r
                0x08002eb8     0x1b3c C:/Program Files (x86)/Arm GNU Toolchain arm-none-eabi/13.3 rel1/bin/../lib/gcc/arm-none-eabi/13.3.1/thumb/v7e-m+fp/hard\libc.a(libc_a-svfprintf.o)
                0x08002eb8                _svfprintf_r
 .text.__ssprint_r
                0x080049f4       0x58 C:/Program Files (x86)/Arm GNU Toolchain arm-none-eabi/13.3 rel1/bin/../lib/gcc/arm-none-eabi/13.3.1/thumb/v7e-m+fp/hard\libc.a(libc_a-ssprint_r.o)
                0x080049f4                __ssprint_r
 .text._fclose_r
                0x08004a4c       0xc0 C:/Program Files (x86)/Arm GNU Toolchain arm-none-eabi/13.3 rel1/bin/../lib/gcc/arm-none-eabi/13.3.1/thumb/v7e-m+fp/hard\libc.a(libc_a-fclose.o)
                0x08004a4c                _fclose_r
 .text.__sflush_r
                0x08004b0c      0x138 C:/Program Files (x86)/Arm GNU Toolchain arm-none-eabi/13.3 rel1/bin/../lib/gcc/arm-none-eabi/13.3.1/thumb/v7e-m+fp/hard\libc.a(libc_a-fflush.o)
                0x08004b0c                __sflush_r
 .text._fflush_r
                0x08004c44       0x54 C:/Program Files (x86)/Arm GNU Toolchain arm-none-eabi/13.3 rel1/bin/../lib/gcc/arm-none-eabi/13.3.1/thumb/v7e-m+fp/hard\libc.a(libc_a-fflush.o)
                0x08004c44                _fflush_r
 .text.strncpy  0x08004c98       0x68 C:/Program Files (x86)/Arm GNU Toolchain arm-none-eabi/13.3 rel1/bin/../lib/gcc/arm-none-eabi/13.3.1/thumb/v7e-m+fp/hard\libc.a(libc_a-strncpy.o)
                0x08004c98                strncpy
 .text.__locale_mb_cur_max
                0x08004d00        0xc C:/Program Files (x86)/Arm GNU Toolchain arm-none-eabi/13.3 rel1/bin/../lib/gcc/arm-none-eabi/13.3.1/thumb/v7e-m+fp/hard\libc.a(libc_a-locale.o)
                0x08004d00                __locale_mb_cur_max
 .text._localeconv_r
                0x08004d0c        0x8 C:/Program Files (x86)/Arm GNU Toolchain arm-none-eabi/13.3 rel1/bin/../lib/gcc/arm-none-eabi/13.3.1/thumb/v7e-m+fp/hard\libc.a(libc_a-localeconv.o)
                0x08004d0c                _localeconv_r
 .text._sbrk_r  0x08004d14       0x24 C:/Program Files (x86)/Arm GNU Toolchain arm-none-eabi/13.3 rel1/bin/../lib/gcc/arm-none-eabi/13.3.1/thumb/v7e-m+fp/hard\libc.a(libc_a-sbrkr.o)
                0x08004d14                _sbrk_r
 .text.__libc_fini_array
                0x08004d38       0x28 C:/Program Files (x86)/Arm GNU Toolchain arm-none-eabi/13.3 rel1/bin/../lib/gcc/arm-none-eabi/13.3.1/thumb/v7e-m+fp/hard\libc.a(libc_a-fini.o)
                0x08004d38                __libc_fini_array
 .text.sysconf  0x08004d60       0x1c C:/Program Files (x86)/Arm GNU Toolchain arm-none-eabi/13.3 rel1/bin/../lib/gcc/arm-none-eabi/13.3.1/thumb/v7e-m+fp/hard\libc.a(libc_a-sysconf.o)
                0x08004d60                sysconf
 .text.frexp    0x08004d7c       0x64 C:/Program Files (x86)/Arm GNU Toolchain arm-none-eabi/13.3 rel1/bin/../lib/gcc/arm-none-eabi/13.3.1/thumb/v7e-m+fp/hard\libc.a(libm_a-s_frexp.o)
                0x08004d7c                frexp
 .text.__register_exitproc
                0x08004de0       0x80 C:/Program Files (x86)/Arm GNU Toolchain arm-none-eabi/13.3 rel1/bin/../lib/gcc/arm-none-eabi/13.3.1/thumb/v7e-m+fp/hard\libc.a(libc_a-__atexit.o)
                0x08004de0                __register_exitproc
 .text.quorem   0x08004e60      0x12c C:/Program Files (x86)/Arm GNU Toolchain arm-none-eabi/13.3 rel1/bin/../lib/gcc/arm-none-eabi/13.3.1/thumb/v7e-m+fp/hard\libc.a(libc_a-dtoa.o)
 *fill*         0x08004f8c        0x4 
 .text._dtoa_r  0x08004f90      0xe80 C:/Program Files (x86)/Arm GNU Toolchain arm-none-eabi/13.3 rel1/bin/../lib/gcc/arm-none-eabi/13.3.1/thumb/v7e-m+fp/hard\libc.a(libc_a-dtoa.o)
                0x08004f90                _dtoa_r
 .text.__ascii_mbtowc
                0x08005e10       0x2c C:/Program Files (x86)/Arm GNU Toolchain arm-none-eabi/13.3 rel1/bin/../lib/gcc/arm-none-eabi/13.3.1/thumb/v7e-m+fp/hard\libc.a(libc_a-mbtowc_r.o)
                0x08005e10                __ascii_mbtowc
 .text._Balloc  0x08005e3c       0x4c C:/Program Files (x86)/Arm GNU Toolchain arm-none-eabi/13.3 rel1/bin/../lib/gcc/arm-none-eabi/13.3.1/thumb/v7e-m+fp/hard\libc.a(libc_a-mprec.o)
                0x08005e3c                _Balloc
 .text._Bfree   0x08005e88       0x14 C:/Program Files (x86)/Arm GNU Toolchain arm-none-eabi/13.3 rel1/bin/../lib/gcc/arm-none-eabi/13.3.1/thumb/v7e-m+fp/hard\libc.a(libc_a-mprec.o)
                0x08005e88                _Bfree
 .text.__multadd
                0x08005e9c       0xa0 C:/Program Files (x86)/Arm GNU Toolchain arm-none-eabi/13.3 rel1/bin/../lib/gcc/arm-none-eabi/13.3.1/thumb/v7e-m+fp/hard\libc.a(libc_a-mprec.o)
                0x08005e9c                __multadd
 .text.__hi0bits
                0x08005f3c       0x44 C:/Program Files (x86)/Arm GNU Toolchain arm-none-eabi/13.3 rel1/bin/../lib/gcc/arm-none-eabi/13.3.1/thumb/v7e-m+fp/hard\libc.a(libc_a-mprec.o)
                0x08005f3c                __hi0bits
 .text.__lo0bits
                0x08005f80       0x60 C:/Program Files (x86)/Arm GNU Toolchain arm-none-eabi/13.3 rel1/bin/../lib/gcc/arm-none-eabi/13.3.1/thumb/v7e-m+fp/hard\libc.a(libc_a-mprec.o)
                0x08005f80                __lo0bits
 .text.__i2b    0x08005fe0       0x5c C:/Program Files (x86)/Arm GNU Toolchain arm-none-eabi/13.3 rel1/bin/../lib/gcc/arm-none-eabi/13.3.1/thumb/v7e-m+fp/hard\libc.a(libc_a-mprec.o)
                0x08005fe0                __i2b
 .text.__multiply
                0x0800603c      0x16c C:/Program Files (x86)/Arm GNU Toolchain arm-none-eabi/13.3 rel1/bin/../lib/gcc/arm-none-eabi/13.3.1/thumb/v7e-m+fp/hard\libc.a(libc_a-mprec.o)
                0x0800603c                __multiply
 .text.__pow5mult
                0x080061a8       0xb4 C:/Program Files (x86)/Arm GNU Toolchain arm-none-eabi/13.3 rel1/bin/../lib/gcc/arm-none-eabi/13.3.1/thumb/v7e-m+fp/hard\libc.a(libc_a-mprec.o)
                0x080061a8                __pow5mult
 .text.__lshift
                0x0800625c       0xf0 C:/Program Files (x86)/Arm GNU Toolchain arm-none-eabi/13.3 rel1/bin/../lib/gcc/arm-none-eabi/13.3.1/thumb/v7e-m+fp/hard\libc.a(libc_a-mprec.o)
                0x0800625c                __lshift
 .text.__mcmp   0x0800634c       0x44 C:/Program Files (x86)/Arm GNU Toolchain arm-none-eabi/13.3 rel1/bin/../lib/gcc/arm-none-eabi/13.3.1/thumb/v7e-m+fp/hard\libc.a(libc_a-mprec.o)
                0x0800634c                __mcmp
 .text.__mdiff  0x08006390      0x178 C:/Program Files (x86)/Arm GNU Toolchain arm-none-eabi/13.3 rel1/bin/../lib/gcc/arm-none-eabi/13.3.1/thumb/v7e-m+fp/hard\libc.a(libc_a-mprec.o)
                0x08006390                __mdiff
 .text.__d2b    0x08006508       0xc0 C:/Program Files (x86)/Arm GNU Toolchain arm-none-eabi/13.3 rel1/bin/../lib/gcc/arm-none-eabi/13.3.1/thumb/v7e-m+fp/hard\libc.a(libc_a-mprec.o)
                0x08006508                __d2b
 .text.__ascii_wctomb
                0x080065c8       0x1c C:/Program Files (x86)/Arm GNU Toolchain arm-none-eabi/13.3 rel1/bin/../lib/gcc/arm-none-eabi/13.3.1/thumb/v7e-m+fp/hard\libc.a(libc_a-wctomb_r.o)
                0x080065c8                __ascii_wctomb
 .text._wcrtomb_r
                0x080065e4       0x4c C:/Program Files (x86)/Arm GNU Toolchain arm-none-eabi/13.3 rel1/bin/../lib/gcc/arm-none-eabi/13.3.1/thumb/v7e-m+fp/hard\libc.a(libc_a-wcrtomb.o)
                0x080065e4                _wcrtomb_r
 .text._wcsrtombs_r
                0x08006630       0x18 C:/Program Files (x86)/Arm GNU Toolchain arm-none-eabi/13.3 rel1/bin/../lib/gcc/arm-none-eabi/13.3.1/thumb/v7e-m+fp/hard\libc.a(libc_a-wcsrtombs.o)
                0x08006630                _wcsrtombs_r
 .text.__ssputs_r
                0x08006648       0xc0 C:/Program Files (x86)/Arm GNU Toolchain arm-none-eabi/13.3 rel1/bin/../lib/gcc/arm-none-eabi/13.3.1/thumb/v7e-m+fp/hard\libc.a(libc_a-ssputs_r.o)
                0x08006648                __ssputs_r
 .text.memmove  0x08006708      0x100 C:/Program Files (x86)/Arm GNU Toolchain arm-none-eabi/13.3 rel1/bin/../lib/gcc/arm-none-eabi/13.3.1/thumb/v7e-m+fp/hard\libc.a(libc_a-memmove.o)
                0x08006708                memmove
 .text.__errno  0x08006808        0xc C:/Program Files (x86)/Arm GNU Toolchain arm-none-eabi/13.3 rel1/bin/../lib/gcc/arm-none-eabi/13.3.1/thumb/v7e-m+fp/hard\libc.a(libc_a-errno.o)
                0x08006808                __errno
 .text.__assert_func
                0x08006814       0x40 C:/Program Files (x86)/Arm GNU Toolchain arm-none-eabi/13.3 rel1/bin/../lib/gcc/arm-none-eabi/13.3.1/thumb/v7e-m+fp/hard\libc.a(libc_a-assert.o)
                0x08006814                __assert_func
 .text._calloc_r
                0x08006854       0x6c C:/Program Files (x86)/Arm GNU Toolchain arm-none-eabi/13.3 rel1/bin/../lib/gcc/arm-none-eabi/13.3.1/thumb/v7e-m+fp/hard\libc.a(libc_a-callocr.o)
                0x08006854                _calloc_r
 .text._realloc_r
                0x080068c0      0x344 C:/Program Files (x86)/Arm GNU Toolchain arm-none-eabi/13.3 rel1/bin/../lib/gcc/arm-none-eabi/13.3.1/thumb/v7e-m+fp/hard\libc.a(libc_a-reallocr.o)
                0x080068c0                _realloc_r
 .text._wcsnrtombs_l
                0x08006c04       0xfc C:/Program Files (x86)/Arm GNU Toolchain arm-none-eabi/13.3 rel1/bin/../lib/gcc/arm-none-eabi/13.3.1/thumb/v7e-m+fp/hard\libc.a(libc_a-wcsnrtombs.o)
                0x08006c04                _wcsnrtombs_l
 .text._wcsnrtombs_r
                0x08006d00       0x24 C:/Program Files (x86)/Arm GNU Toolchain arm-none-eabi/13.3 rel1/bin/../lib/gcc/arm-none-eabi/13.3.1/thumb/v7e-m+fp/hard\libc.a(libc_a-wcsnrtombs.o)
                0x08006d00                _wcsnrtombs_r
 .text.fiprintf
                0x08006d24       0x28 C:/Program Files (x86)/Arm GNU Toolchain arm-none-eabi/13.3 rel1/bin/../lib/gcc/arm-none-eabi/13.3.1/thumb/v7e-m+fp/hard\libc.a(libc_a-fiprintf.o)
                0x08006d24                fiprintf
 .text._vfiprintf_r
                0x08006d4c      0xe68 C:/Program Files (x86)/Arm GNU Toolchain arm-none-eabi/13.3 rel1/bin/../lib/gcc/arm-none-eabi/13.3.1/thumb/v7e-m+fp/hard\libc.a(libc_a-vfiprintf.o)
                0x08006d4c                _vfiprintf_r
 .text.__sbprintf
                0x08007bb4       0x80 C:/Program Files (x86)/Arm GNU Toolchain arm-none-eabi/13.3 rel1/bin/../lib/gcc/arm-none-eabi/13.3.1/thumb/v7e-m+fp/hard\libc.a(libc_a-vfiprintf.o)
 .text.__sprint_r
                0x08007c34       0x20 C:/Program Files (x86)/Arm GNU Toolchain arm-none-eabi/13.3 rel1/bin/../lib/gcc/arm-none-eabi/13.3.1/thumb/v7e-m+fp/hard\libc.a(libc_a-sprint_r.o)
                0x08007c34                __sprint_r
 .text.__sfvwrite_r
                0x08007c54      0x300 C:/Program Files (x86)/Arm GNU Toolchain arm-none-eabi/13.3 rel1/bin/../lib/gcc/arm-none-eabi/13.3.1/thumb/v7e-m+fp/hard\libc.a(libc_a-fvwrite.o)
                0x08007c54                __sfvwrite_r
 .text.__swsetup_r
                0x08007f54       0xc4 C:/Program Files (x86)/Arm GNU Toolchain arm-none-eabi/13.3 rel1/bin/../lib/gcc/arm-none-eabi/13.3.1/thumb/v7e-m+fp/hard\libc.a(libc_a-wsetup.o)
                0x08007f54                __swsetup_r
 .text.abort    0x08008018       0x10 C:/Program Files (x86)/Arm GNU Toolchain arm-none-eabi/13.3 rel1/bin/../lib/gcc/arm-none-eabi/13.3.1/thumb/v7e-m+fp/hard\libc.a(libc_a-abort.o)
                0x08008018                abort
 .text.__smakebuf_r
                0x08008028       0xdc C:/Program Files (x86)/Arm GNU Toolchain arm-none-eabi/13.3 rel1/bin/../lib/gcc/arm-none-eabi/13.3.1/thumb/v7e-m+fp/hard\libc.a(libc_a-makebuf.o)
                0x08008028                __smakebuf_r
 .text.raise    0x08008104       0x58 C:/Program Files (x86)/Arm GNU Toolchain arm-none-eabi/13.3 rel1/bin/../lib/gcc/arm-none-eabi/13.3.1/thumb/v7e-m+fp/hard\libc.a(libc_a-signal.o)
                0x08008104                raise
 .text._fstat_r
                0x0800815c       0x2c C:/Program Files (x86)/Arm GNU Toolchain arm-none-eabi/13.3 rel1/bin/../lib/gcc/arm-none-eabi/13.3.1/thumb/v7e-m+fp/hard\libc.a(libc_a-fstatr.o)
                0x0800815c                _fstat_r
 .text._isatty_r
                0x08008188       0x24 C:/Program Files (x86)/Arm GNU Toolchain arm-none-eabi/13.3 rel1/bin/../lib/gcc/arm-none-eabi/13.3.1/thumb/v7e-m+fp/hard\libc.a(libc_a-isattyr.o)
                0x08008188                _isatty_r
 .text._kill_r  0x080081ac       0x2c C:/Program Files (x86)/Arm GNU Toolchain arm-none-eabi/13.3 rel1/bin/../lib/gcc/arm-none-eabi/13.3.1/thumb/v7e-m+fp/hard\libc.a(libc_a-signalr.o)
                0x080081ac                _kill_r
 .text._getpid_r
                0x080081d8        0x4 C:/Program Files (x86)/Arm GNU Toolchain arm-none-eabi/13.3 rel1/bin/../lib/gcc/arm-none-eabi/13.3.1/thumb/v7e-m+fp/hard\libc.a(libc_a-signalr.o)
                0x080081d8                _getpid_r
 .text.selfrel_offset31
                0x080081dc       0x14 C:/Program Files (x86)/Arm GNU Toolchain arm-none-eabi/13.3 rel1/bin/../lib/gcc/arm-none-eabi/13.3.1/thumb/v7e-m+fp/hard\libgcc.a(unwind-arm.o)
 .text.search_EIT_table
                0x080081f0       0x68 C:/Program Files (x86)/Arm GNU Toolchain arm-none-eabi/13.3 rel1/bin/../lib/gcc/arm-none-eabi/13.3.1/thumb/v7e-m+fp/hard\libgcc.a(unwind-arm.o)
 .text.__gnu_unwind_get_pr_addr
                0x08008258       0x28 C:/Program Files (x86)/Arm GNU Toolchain arm-none-eabi/13.3 rel1/bin/../lib/gcc/arm-none-eabi/13.3.1/thumb/v7e-m+fp/hard\libgcc.a(unwind-arm.o)
 .text.get_eit_entry
                0x08008280       0x98 C:/Program Files (x86)/Arm GNU Toolchain arm-none-eabi/13.3 rel1/bin/../lib/gcc/arm-none-eabi/13.3.1/thumb/v7e-m+fp/hard\libgcc.a(unwind-arm.o)
 .text.restore_non_core_regs
                0x08008318       0x58 C:/Program Files (x86)/Arm GNU Toolchain arm-none-eabi/13.3 rel1/bin/../lib/gcc/arm-none-eabi/13.3.1/thumb/v7e-m+fp/hard\libgcc.a(unwind-arm.o)
 .text._Unwind_decode_typeinfo_ptr.constprop.0
                0x08008370        0xc C:/Program Files (x86)/Arm GNU Toolchain arm-none-eabi/13.3 rel1/bin/../lib/gcc/arm-none-eabi/13.3.1/thumb/v7e-m+fp/hard\libgcc.a(unwind-arm.o)
 .text._Unwind_DebugHook
                0x0800837c        0x4 C:/Program Files (x86)/Arm GNU Toolchain arm-none-eabi/13.3 rel1/bin/../lib/gcc/arm-none-eabi/13.3.1/thumb/v7e-m+fp/hard\libgcc.a(unwind-arm.o)
 .text.unwind_phase2
                0x08008380       0x3c C:/Program Files (x86)/Arm GNU Toolchain arm-none-eabi/13.3 rel1/bin/../lib/gcc/arm-none-eabi/13.3.1/thumb/v7e-m+fp/hard\libgcc.a(unwind-arm.o)
 .text.unwind_phase2_forced
                0x080083bc       0xd8 C:/Program Files (x86)/Arm GNU Toolchain arm-none-eabi/13.3 rel1/bin/../lib/gcc/arm-none-eabi/13.3.1/thumb/v7e-m+fp/hard\libgcc.a(unwind-arm.o)
 .text.__gnu_Unwind_RaiseException
                0x08008494       0x68 C:/Program Files (x86)/Arm GNU Toolchain arm-none-eabi/13.3 rel1/bin/../lib/gcc/arm-none-eabi/13.3.1/thumb/v7e-m+fp/hard\libgcc.a(unwind-arm.o)
                0x08008494                __gnu_Unwind_RaiseException
 .text.__gnu_Unwind_ForcedUnwind
                0x080084fc       0x10 C:/Program Files (x86)/Arm GNU Toolchain arm-none-eabi/13.3 rel1/bin/../lib/gcc/arm-none-eabi/13.3.1/thumb/v7e-m+fp/hard\libgcc.a(unwind-arm.o)
                0x080084fc                __gnu_Unwind_ForcedUnwind
 .text.__gnu_Unwind_Resume
                0x0800850c       0x44 C:/Program Files (x86)/Arm GNU Toolchain arm-none-eabi/13.3 rel1/bin/../lib/gcc/arm-none-eabi/13.3.1/thumb/v7e-m+fp/hard\libgcc.a(unwind-arm.o)
                0x0800850c                __gnu_Unwind_Resume
 .text.__gnu_Unwind_Resume_or_Rethrow
                0x08008550       0x14 C:/Program Files (x86)/Arm GNU Toolchain arm-none-eabi/13.3 rel1/bin/../lib/gcc/arm-none-eabi/13.3.1/thumb/v7e-m+fp/hard\libgcc.a(unwind-arm.o)
                0x08008550                __gnu_Unwind_Resume_or_Rethrow
 .text._Unwind_VRS_Get
                0x08008564       0x34 C:/Program Files (x86)/Arm GNU Toolchain arm-none-eabi/13.3 rel1/bin/../lib/gcc/arm-none-eabi/13.3.1/thumb/v7e-m+fp/hard\libgcc.a(unwind-arm.o)
                0x08008564                _Unwind_VRS_Get
 .text._Unwind_GetGR
                0x08008598       0x1c C:/Program Files (x86)/Arm GNU Toolchain arm-none-eabi/13.3 rel1/bin/../lib/gcc/arm-none-eabi/13.3.1/thumb/v7e-m+fp/hard\libgcc.a(unwind-arm.o)
 .text._Unwind_VRS_Set
                0x080085b4       0x34 C:/Program Files (x86)/Arm GNU Toolchain arm-none-eabi/13.3 rel1/bin/../lib/gcc/arm-none-eabi/13.3.1/thumb/v7e-m+fp/hard\libgcc.a(unwind-arm.o)
                0x080085b4                _Unwind_VRS_Set
 .text._Unwind_SetGR
                0x080085e8       0x18 C:/Program Files (x86)/Arm GNU Toolchain arm-none-eabi/13.3 rel1/bin/../lib/gcc/arm-none-eabi/13.3.1/thumb/v7e-m+fp/hard\libgcc.a(unwind-arm.o)
 .text.__gnu_Unwind_Backtrace
                0x08008600       0x84 C:/Program Files (x86)/Arm GNU Toolchain arm-none-eabi/13.3 rel1/bin/../lib/gcc/arm-none-eabi/13.3.1/thumb/v7e-m+fp/hard\libgcc.a(unwind-arm.o)
                0x08008600                __gnu_Unwind_Backtrace
 .text.__gnu_unwind_pr_common
                0x08008684      0x2a4 C:/Program Files (x86)/Arm GNU Toolchain arm-none-eabi/13.3 rel1/bin/../lib/gcc/arm-none-eabi/13.3.1/thumb/v7e-m+fp/hard\libgcc.a(unwind-arm.o)
 .text.__aeabi_unwind_cpp_pr0
                0x08008928        0x8 C:/Program Files (x86)/Arm GNU Toolchain arm-none-eabi/13.3 rel1/bin/../lib/gcc/arm-none-eabi/13.3.1/thumb/v7e-m+fp/hard\libgcc.a(unwind-arm.o)
                0x08008928                __aeabi_unwind_cpp_pr0
 .text.__aeabi_unwind_cpp_pr1
                0x08008930        0x8 C:/Program Files (x86)/Arm GNU Toolchain arm-none-eabi/13.3 rel1/bin/../lib/gcc/arm-none-eabi/13.3.1/thumb/v7e-m+fp/hard\libgcc.a(unwind-arm.o)
                0x08008930                __aeabi_unwind_cpp_pr1
 .text.__aeabi_unwind_cpp_pr2
                0x08008938        0x8 C:/Program Files (x86)/Arm GNU Toolchain arm-none-eabi/13.3 rel1/bin/../lib/gcc/arm-none-eabi/13.3.1/thumb/v7e-m+fp/hard\libgcc.a(unwind-arm.o)
                0x08008938                __aeabi_unwind_cpp_pr2
 .text._Unwind_VRS_Pop
                0x08008940      0x2f0 C:/Program Files (x86)/Arm GNU Toolchain arm-none-eabi/13.3 rel1/bin/../lib/gcc/arm-none-eabi/13.3.1/thumb/v7e-m+fp/hard\libgcc.a(unwind-arm.o)
                0x08008940                _Unwind_VRS_Pop
 .text.next_unwind_byte
                0x08008c30       0x38 C:/Program Files (x86)/Arm GNU Toolchain arm-none-eabi/13.3 rel1/bin/../lib/gcc/arm-none-eabi/13.3.1/thumb/v7e-m+fp/hard\libgcc.a(pr-support.o)
 .text.__gnu_unwind_execute
                0x08008c68      0x2fc C:/Program Files (x86)/Arm GNU Toolchain arm-none-eabi/13.3 rel1/bin/../lib/gcc/arm-none-eabi/13.3.1/thumb/v7e-m+fp/hard\libgcc.a(pr-support.o)
                0x08008c68                __gnu_unwind_execute
 .text._close   0x08008f64       0x10 C:/Program Files (x86)/Arm GNU Toolchain arm-none-eabi/13.3 rel1/bin/../lib/gcc/arm-none-eabi/13.3.1/thumb/v7e-m+fp/hard\libnosys.a(close.o)
                0x08008f64                _close
 .text._fstat   0x08008f74       0x10 C:/Program Files (x86)/Arm GNU Toolchain arm-none-eabi/13.3 rel1/bin/../lib/gcc/arm-none-eabi/13.3.1/thumb/v7e-m+fp/hard\libnosys.a(fstat.o)
                0x08008f74                _fstat
 .text._getpid  0x08008f84       0x10 C:/Program Files (x86)/Arm GNU Toolchain arm-none-eabi/13.3 rel1/bin/../lib/gcc/arm-none-eabi/13.3.1/thumb/v7e-m+fp/hard\libnosys.a(getpid.o)
                0x08008f84                _getpid
 .text._isatty  0x08008f94       0x10 C:/Program Files (x86)/Arm GNU Toolchain arm-none-eabi/13.3 rel1/bin/../lib/gcc/arm-none-eabi/13.3.1/thumb/v7e-m+fp/hard\libnosys.a(isatty.o)
                0x08008f94                _isatty
 .text._kill    0x08008fa4       0x10 C:/Program Files (x86)/Arm GNU Toolchain arm-none-eabi/13.3 rel1/bin/../lib/gcc/arm-none-eabi/13.3.1/thumb/v7e-m+fp/hard\libnosys.a(kill.o)
                0x08008fa4                _kill
 .text._lseek   0x08008fb4       0x10 C:/Program Files (x86)/Arm GNU Toolchain arm-none-eabi/13.3 rel1/bin/../lib/gcc/arm-none-eabi/13.3.1/thumb/v7e-m+fp/hard\libnosys.a(lseek.o)
                0x08008fb4                _lseek
 .text._read    0x08008fc4       0x10 C:/Program Files (x86)/Arm GNU Toolchain arm-none-eabi/13.3 rel1/bin/../lib/gcc/arm-none-eabi/13.3.1/thumb/v7e-m+fp/hard\libnosys.a(read.o)
                0x08008fc4                _read
 .text._sbrk    0x08008fd4       0x1c C:/Program Files (x86)/Arm GNU Toolchain arm-none-eabi/13.3 rel1/bin/../lib/gcc/arm-none-eabi/13.3.1/thumb/v7e-m+fp/hard\libnosys.a(sbrk.o)
                0x08008fd4                _sbrk
 .text._write   0x08008ff0       0x10 C:/Program Files (x86)/Arm GNU Toolchain arm-none-eabi/13.3 rel1/bin/../lib/gcc/arm-none-eabi/13.3.1/thumb/v7e-m+fp/hard\libnosys.a(write.o)
                0x08008ff0                _write
 .text._exit    0x08009000        0x4 C:/Program Files (x86)/Arm GNU Toolchain arm-none-eabi/13.3 rel1/bin/../lib/gcc/arm-none-eabi/13.3.1/thumb/v7e-m+fp/hard\libnosys.a(_exit.o)
                0x08009000                _exit
 *(.glue_7)
 .glue_7        0x08009004        0x0 linker stubs
 *(.glue_7t)
 .glue_7t       0x08009004        0x0 linker stubs
 *(.eh_frame)
 .eh_frame      0x08009004        0x0 C:/Program Files (x86)/Arm GNU Toolchain arm-none-eabi/13.3 rel1/bin/../lib/gcc/arm-none-eabi/13.3.1/thumb/v7e-m+fp/hard/crtbegin.o
 *(.init)
 .init          0x08009004        0x4 C:/Program Files (x86)/Arm GNU Toolchain arm-none-eabi/13.3 rel1/bin/../lib/gcc/arm-none-eabi/13.3.1/thumb/v7e-m+fp/hard/crti.o
                0x08009004                _init
 .init          0x08009008        0x8 C:/Program Files (x86)/Arm GNU Toolchain arm-none-eabi/13.3 rel1/bin/../lib/gcc/arm-none-eabi/13.3.1/thumb/v7e-m+fp/hard/crtn.o
 *(.fini)
 .fini          0x08009010        0x4 C:/Program Files (x86)/Arm GNU Toolchain arm-none-eabi/13.3 rel1/bin/../lib/gcc/arm-none-eabi/13.3.1/thumb/v7e-m+fp/hard/crti.o
                0x08009010                _fini
 .fini          0x08009014        0x8 C:/Program Files (x86)/Arm GNU Toolchain arm-none-eabi/13.3 rel1/bin/../lib/gcc/arm-none-eabi/13.3.1/thumb/v7e-m+fp/hard/crtn.o
                0x0800901c                        . = ALIGN (0x4)
                0x0800901c                        _etext = .

.vfp11_veneer   0x0800901c        0x0
 .vfp11_veneer  0x0800901c        0x0 linker stubs

.v4_bx          0x0800901c        0x0
 .v4_bx         0x0800901c        0x0 linker stubs

.iplt           0x0800901c        0x0
 .iplt          0x0800901c        0x0 C:/Program Files (x86)/Arm GNU Toolchain arm-none-eabi/13.3 rel1/bin/../lib/gcc/arm-none-eabi/13.3.1/thumb/v7e-m+fp/hard/crtbegin.o

.rodata         0x08009020     0x4b34
                0x08009020                        . = ALIGN (0x4)
 *(.rodata)
 *(.rodata*)
 .rodata.asc2_3216
                0x08009020     0x2f80 build/lcd.o
                0x08009020                asc2_3216
 .rodata.asc2_2412
                0x0800bfa0      0xd5c build/lcd.o
                0x0800bfa0                asc2_2412
 .rodata.asc2_1608
                0x0800ccfc      0x5f0 build/lcd.o
                0x0800ccfc                asc2_1608
 .rodata.asc2_1206
                0x0800d2ec      0x474 build/lcd.o
                0x0800d2ec                asc2_1206
 .rodata.__main.str1.4
                0x0800d760      0x1b3 build/__main.o
                                  0xc (size before relaxing)
 .rodata._svfprintf_r.str1.4
                0x0800d913       0x42 C:/Program Files (x86)/Arm GNU Toolchain arm-none-eabi/13.3 rel1/bin/../lib/gcc/arm-none-eabi/13.3.1/thumb/v7e-m+fp/hard\libc.a(libc_a-svfprintf.o)
 *fill*         0x0800d913        0x1 
 .rodata.zeroes.0
                0x0800d914       0x10 C:/Program Files (x86)/Arm GNU Toolchain arm-none-eabi/13.3 rel1/bin/../lib/gcc/arm-none-eabi/13.3.1/thumb/v7e-m+fp/hard\libc.a(libc_a-svfprintf.o)
 .rodata.blanks.1
                0x0800d924       0x10 C:/Program Files (x86)/Arm GNU Toolchain arm-none-eabi/13.3 rel1/bin/../lib/gcc/arm-none-eabi/13.3.1/thumb/v7e-m+fp/hard\libc.a(libc_a-svfprintf.o)
 .rodata.str1.4
                0x0800d934       0x4c C:/Program Files (x86)/Arm GNU Toolchain arm-none-eabi/13.3 rel1/bin/../lib/gcc/arm-none-eabi/13.3.1/thumb/v7e-m+fp/hard\libc.a(libc_a-locale.o)
 .rodata._dtoa_r.str1.4
                0x0800d934       0x81 C:/Program Files (x86)/Arm GNU Toolchain arm-none-eabi/13.3 rel1/bin/../lib/gcc/arm-none-eabi/13.3.1/thumb/v7e-m+fp/hard\libc.a(libc_a-dtoa.o)
 .rodata.__multadd.str1.4
                0x0800d934       0x6e C:/Program Files (x86)/Arm GNU Toolchain arm-none-eabi/13.3 rel1/bin/../lib/gcc/arm-none-eabi/13.3.1/thumb/v7e-m+fp/hard\libc.a(libc_a-mprec.o)
 .rodata.p05.0  0x0800d934        0xc C:/Program Files (x86)/Arm GNU Toolchain arm-none-eabi/13.3 rel1/bin/../lib/gcc/arm-none-eabi/13.3.1/thumb/v7e-m+fp/hard\libc.a(libc_a-mprec.o)
 .rodata.__mprec_bigtens
                0x0800d940       0x28 C:/Program Files (x86)/Arm GNU Toolchain arm-none-eabi/13.3 rel1/bin/../lib/gcc/arm-none-eabi/13.3.1/thumb/v7e-m+fp/hard\libc.a(libc_a-mprec.o)
                0x0800d940                __mprec_bigtens
 .rodata.__mprec_tens
                0x0800d968       0xc8 C:/Program Files (x86)/Arm GNU Toolchain arm-none-eabi/13.3 rel1/bin/../lib/gcc/arm-none-eabi/13.3.1/thumb/v7e-m+fp/hard\libc.a(libc_a-mprec.o)
                0x0800d968                __mprec_tens
 .rodata._ctype_
                0x0800da30      0x101 C:/Program Files (x86)/Arm GNU Toolchain arm-none-eabi/13.3 rel1/bin/../lib/gcc/arm-none-eabi/13.3.1/thumb/v7e-m+fp/hard\libc.a(libc_a-ctype_.o)
                0x0800da30                _ctype_
 .rodata.__assert_func.str1.4
                0x0800db31       0x43 C:/Program Files (x86)/Arm GNU Toolchain arm-none-eabi/13.3 rel1/bin/../lib/gcc/arm-none-eabi/13.3.1/thumb/v7e-m+fp/hard\libc.a(libc_a-assert.o)
 .rodata._vfiprintf_r.str1.4
                0x0800db31       0x2f C:/Program Files (x86)/Arm GNU Toolchain arm-none-eabi/13.3 rel1/bin/../lib/gcc/arm-none-eabi/13.3.1/thumb/v7e-m+fp/hard\libc.a(libc_a-vfiprintf.o)
 *fill*         0x0800db31        0x3 
 .rodata.zeroes.0
                0x0800db34       0x10 C:/Program Files (x86)/Arm GNU Toolchain arm-none-eabi/13.3 rel1/bin/../lib/gcc/arm-none-eabi/13.3.1/thumb/v7e-m+fp/hard\libc.a(libc_a-vfiprintf.o)
 .rodata.blanks.1
                0x0800db44       0x10 C:/Program Files (x86)/Arm GNU Toolchain arm-none-eabi/13.3 rel1/bin/../lib/gcc/arm-none-eabi/13.3.1/thumb/v7e-m+fp/hard\libc.a(libc_a-vfiprintf.o)
                0x0800db54                        . = ALIGN (0x4)

.ARM.extab
 *(.ARM.extab* .gnu.linkonce.armextab.*)

.ARM            0x0800db54       0x98
                0x0800db54                        __exidx_start = .
 *(.ARM.exidx*)
 .ARM.exidx     0x0800db54        0x8 C:/Program Files (x86)/Arm GNU Toolchain arm-none-eabi/13.3 rel1/bin/../lib/gcc/arm-none-eabi/13.3.1/thumb/v7e-m+fp/hard\libc.a(libc_a-memchr.o)
 .ARM.exidx     0x0800db5c        0x0 C:/Program Files (x86)/Arm GNU Toolchain arm-none-eabi/13.3 rel1/bin/../lib/gcc/arm-none-eabi/13.3.1/thumb/v7e-m+fp/hard\libc.a(libc_a-strlen.o)
                                  0x8 (size before relaxing)
 .ARM.exidx     0x0800db5c        0x0 C:/Program Files (x86)/Arm GNU Toolchain arm-none-eabi/13.3 rel1/bin/../lib/gcc/arm-none-eabi/13.3.1/thumb/v7e-m+fp/hard\libc.a(libc_a-memcpy.o)
                                  0x8 (size before relaxing)
 .ARM.exidx.text.__main
                0x0800db5c       0x10 build/__main.o
                                  0x8 (size before relaxing)
 .ARM.exidx.text.selfrel_offset31
                0x0800db6c        0x0 C:/Program Files (x86)/Arm GNU Toolchain arm-none-eabi/13.3 rel1/bin/../lib/gcc/arm-none-eabi/13.3.1/thumb/v7e-m+fp/hard\libgcc.a(unwind-arm.o)
                                  0x8 (size before relaxing)
 .ARM.exidx.text.search_EIT_table
                0x0800db6c        0x0 C:/Program Files (x86)/Arm GNU Toolchain arm-none-eabi/13.3 rel1/bin/../lib/gcc/arm-none-eabi/13.3.1/thumb/v7e-m+fp/hard\libgcc.a(unwind-arm.o)
                                  0x8 (size before relaxing)
 .ARM.exidx.text.__gnu_unwind_get_pr_addr
                0x0800db6c        0x0 C:/Program Files (x86)/Arm GNU Toolchain arm-none-eabi/13.3 rel1/bin/../lib/gcc/arm-none-eabi/13.3.1/thumb/v7e-m+fp/hard\libgcc.a(unwind-arm.o)
                                  0x8 (size before relaxing)
 .ARM.exidx.text.get_eit_entry
                0x0800db6c        0x8 C:/Program Files (x86)/Arm GNU Toolchain arm-none-eabi/13.3 rel1/bin/../lib/gcc/arm-none-eabi/13.3.1/thumb/v7e-m+fp/hard\libgcc.a(unwind-arm.o)
 .ARM.exidx.text.restore_non_core_regs
                0x0800db74        0x8 C:/Program Files (x86)/Arm GNU Toolchain arm-none-eabi/13.3 rel1/bin/../lib/gcc/arm-none-eabi/13.3.1/thumb/v7e-m+fp/hard\libgcc.a(unwind-arm.o)
 .ARM.exidx.text._Unwind_decode_typeinfo_ptr.constprop.0
                0x0800db7c        0x8 C:/Program Files (x86)/Arm GNU Toolchain arm-none-eabi/13.3 rel1/bin/../lib/gcc/arm-none-eabi/13.3.1/thumb/v7e-m+fp/hard\libgcc.a(unwind-arm.o)
 .ARM.exidx.text._Unwind_DebugHook
                0x0800db84        0x0 C:/Program Files (x86)/Arm GNU Toolchain arm-none-eabi/13.3 rel1/bin/../lib/gcc/arm-none-eabi/13.3.1/thumb/v7e-m+fp/hard\libgcc.a(unwind-arm.o)
                                  0x8 (size before relaxing)
 .ARM.exidx.text.unwind_phase2
                0x0800db84        0x8 C:/Program Files (x86)/Arm GNU Toolchain arm-none-eabi/13.3 rel1/bin/../lib/gcc/arm-none-eabi/13.3.1/thumb/v7e-m+fp/hard\libgcc.a(unwind-arm.o)
 .ARM.exidx.text.unwind_phase2_forced
                0x0800db8c        0x8 C:/Program Files (x86)/Arm GNU Toolchain arm-none-eabi/13.3 rel1/bin/../lib/gcc/arm-none-eabi/13.3.1/thumb/v7e-m+fp/hard\libgcc.a(unwind-arm.o)
 .ARM.exidx.text.__gnu_Unwind_RaiseException
                0x0800db94        0x8 C:/Program Files (x86)/Arm GNU Toolchain arm-none-eabi/13.3 rel1/bin/../lib/gcc/arm-none-eabi/13.3.1/thumb/v7e-m+fp/hard\libgcc.a(unwind-arm.o)
 .ARM.exidx.text.__gnu_Unwind_ForcedUnwind
                0x0800db9c        0x8 C:/Program Files (x86)/Arm GNU Toolchain arm-none-eabi/13.3 rel1/bin/../lib/gcc/arm-none-eabi/13.3.1/thumb/v7e-m+fp/hard\libgcc.a(unwind-arm.o)
 .ARM.exidx.text.__gnu_Unwind_Resume
                0x0800dba4        0x8 C:/Program Files (x86)/Arm GNU Toolchain arm-none-eabi/13.3 rel1/bin/../lib/gcc/arm-none-eabi/13.3.1/thumb/v7e-m+fp/hard\libgcc.a(unwind-arm.o)
 .ARM.exidx.text.__gnu_Unwind_Resume_or_Rethrow
                0x0800dbac        0x8 C:/Program Files (x86)/Arm GNU Toolchain arm-none-eabi/13.3 rel1/bin/../lib/gcc/arm-none-eabi/13.3.1/thumb/v7e-m+fp/hard\libgcc.a(unwind-arm.o)
 .ARM.exidx.text._Unwind_VRS_Get
                0x0800dbb4        0x0 C:/Program Files (x86)/Arm GNU Toolchain arm-none-eabi/13.3 rel1/bin/../lib/gcc/arm-none-eabi/13.3.1/thumb/v7e-m+fp/hard\libgcc.a(unwind-arm.o)
                                  0x8 (size before relaxing)
 .ARM.exidx.text._Unwind_GetGR
                0x0800dbb4        0x0 C:/Program Files (x86)/Arm GNU Toolchain arm-none-eabi/13.3 rel1/bin/../lib/gcc/arm-none-eabi/13.3.1/thumb/v7e-m+fp/hard\libgcc.a(unwind-arm.o)
                                  0x8 (size before relaxing)
 .ARM.exidx.text._Unwind_VRS_Set
                0x0800dbb4        0x0 C:/Program Files (x86)/Arm GNU Toolchain arm-none-eabi/13.3 rel1/bin/../lib/gcc/arm-none-eabi/13.3.1/thumb/v7e-m+fp/hard\libgcc.a(unwind-arm.o)
                                  0x8 (size before relaxing)
 .ARM.exidx.text._Unwind_SetGR
                0x0800dbb4        0x0 C:/Program Files (x86)/Arm GNU Toolchain arm-none-eabi/13.3 rel1/bin/../lib/gcc/arm-none-eabi/13.3.1/thumb/v7e-m+fp/hard\libgcc.a(unwind-arm.o)
                                  0x8 (size before relaxing)
 .ARM.exidx.text.__gnu_Unwind_Backtrace
                0x0800dbb4        0x8 C:/Program Files (x86)/Arm GNU Toolchain arm-none-eabi/13.3 rel1/bin/../lib/gcc/arm-none-eabi/13.3.1/thumb/v7e-m+fp/hard\libgcc.a(unwind-arm.o)
 .ARM.exidx.text.__gnu_unwind_pr_common
                0x0800dbbc        0x8 C:/Program Files (x86)/Arm GNU Toolchain arm-none-eabi/13.3 rel1/bin/../lib/gcc/arm-none-eabi/13.3.1/thumb/v7e-m+fp/hard\libgcc.a(unwind-arm.o)
 .ARM.exidx.text.__aeabi_unwind_cpp_pr0
                0x0800dbc4        0x8 C:/Program Files (x86)/Arm GNU Toolchain arm-none-eabi/13.3 rel1/bin/../lib/gcc/arm-none-eabi/13.3.1/thumb/v7e-m+fp/hard\libgcc.a(unwind-arm.o)
 .ARM.exidx.text.__aeabi_unwind_cpp_pr1
                0x0800dbcc        0x0 C:/Program Files (x86)/Arm GNU Toolchain arm-none-eabi/13.3 rel1/bin/../lib/gcc/arm-none-eabi/13.3.1/thumb/v7e-m+fp/hard\libgcc.a(unwind-arm.o)
                                  0x8 (size before relaxing)
 .ARM.exidx.text.__aeabi_unwind_cpp_pr2
                0x0800dbcc        0x0 C:/Program Files (x86)/Arm GNU Toolchain arm-none-eabi/13.3 rel1/bin/../lib/gcc/arm-none-eabi/13.3.1/thumb/v7e-m+fp/hard\libgcc.a(unwind-arm.o)
                                  0x8 (size before relaxing)
 .ARM.exidx.text._Unwind_VRS_Pop
                0x0800dbcc        0x8 C:/Program Files (x86)/Arm GNU Toolchain arm-none-eabi/13.3 rel1/bin/../lib/gcc/arm-none-eabi/13.3.1/thumb/v7e-m+fp/hard\libgcc.a(unwind-arm.o)
 .ARM.exidx.text.next_unwind_byte
                0x0800dbd4        0x8 C:/Program Files (x86)/Arm GNU Toolchain arm-none-eabi/13.3 rel1/bin/../lib/gcc/arm-none-eabi/13.3.1/thumb/v7e-m+fp/hard\libgcc.a(pr-support.o)
 .ARM.exidx.text.__gnu_unwind_execute
                0x0800dbdc       0x10 C:/Program Files (x86)/Arm GNU Toolchain arm-none-eabi/13.3 rel1/bin/../lib/gcc/arm-none-eabi/13.3.1/thumb/v7e-m+fp/hard\libgcc.a(pr-support.o)
                                  0x8 (size before relaxing)
                0x0800dbec                        __exidx_end = .

.rel.dyn        0x0800dbec        0x0
 .rel.iplt      0x0800dbec        0x0 C:/Program Files (x86)/Arm GNU Toolchain arm-none-eabi/13.3 rel1/bin/../lib/gcc/arm-none-eabi/13.3.1/thumb/v7e-m+fp/hard/crtbegin.o

.preinit_array  0x0800dbec        0x0
                0x0800dbec                        PROVIDE (__preinit_array_start = .)
 *(.preinit_array*)
                0x0800dbec                        PROVIDE (__preinit_array_end = .)

.init_array     0x0800dbec        0x8
                0x0800dbec                        PROVIDE (__init_array_start = .)
 *(SORT_BY_NAME(.init_array.*))
 .init_array.00000
                0x0800dbec        0x4 C:/Program Files (x86)/Arm GNU Toolchain arm-none-eabi/13.3 rel1/bin/../lib/gcc/arm-none-eabi/13.3.1/thumb/v7e-m+fp/hard\libc.a(libc_a-__call_atexit.o)
 *(.init_array*)
 .init_array    0x0800dbf0        0x4 C:/Program Files (x86)/Arm GNU Toolchain arm-none-eabi/13.3 rel1/bin/../lib/gcc/arm-none-eabi/13.3.1/thumb/v7e-m+fp/hard/crtbegin.o
                0x0800dbf4                        PROVIDE (__init_array_end = .)

.fini_array     0x0800dbf4        0x4
                0x0800dbf4                        PROVIDE (__fini_array_start = .)
 *(SORT_BY_NAME(.fini_array.*))
 *(.fini_array*)
 .fini_array    0x0800dbf4        0x4 C:/Program Files (x86)/Arm GNU Toolchain arm-none-eabi/13.3 rel1/bin/../lib/gcc/arm-none-eabi/13.3.1/thumb/v7e-m+fp/hard/crtbegin.o
                0x0800dbf8                        PROVIDE (__fini_array_end = .)
                0x0800dbf8                        _sidata = LOADADDR (.data)

.data           0x20000000      0x6dc load address 0x0800dbf8
                0x20000000                        . = ALIGN (0x4)
                0x20000000                        _sdata = .
 *(.data)
 *(.data*)
 .data.BACK_COLOR
                0x20000000        0x4 build/lcd.o
                0x20000000                BACK_COLOR
 .data.POINT_COLOR
                0x20000004        0x4 build/lcd.o
                0x20000004                POINT_COLOR
 .data.__sglue  0x20000008        0xc C:/Program Files (x86)/Arm GNU Toolchain arm-none-eabi/13.3 rel1/bin/../lib/gcc/arm-none-eabi/13.3.1/thumb/v7e-m+fp/hard\libc.a(libc_a-findfp.o)
                0x20000008                __sglue
 .data._impure_ptr
                0x20000014        0x4 C:/Program Files (x86)/Arm GNU Toolchain arm-none-eabi/13.3 rel1/bin/../lib/gcc/arm-none-eabi/13.3.1/thumb/v7e-m+fp/hard\libc.a(libc_a-impure.o)
                0x20000014                _impure_ptr
 .data._impure_data
                0x20000018      0x140 C:/Program Files (x86)/Arm GNU Toolchain arm-none-eabi/13.3 rel1/bin/../lib/gcc/arm-none-eabi/13.3.1/thumb/v7e-m+fp/hard\libc.a(libc_a-impure.o)
                0x20000018                _impure_data
 .data.__atexit_recursive_mutex
                0x20000158        0x4 C:/Program Files (x86)/Arm GNU Toolchain arm-none-eabi/13.3 rel1/bin/../lib/gcc/arm-none-eabi/13.3.1/thumb/v7e-m+fp/hard\libc.a(libc_a-__call_atexit.o)
                0x20000158                __atexit_recursive_mutex
 .data.__malloc_sbrk_base
                0x2000015c        0x4 C:/Program Files (x86)/Arm GNU Toolchain arm-none-eabi/13.3 rel1/bin/../lib/gcc/arm-none-eabi/13.3.1/thumb/v7e-m+fp/hard\libc.a(libc_a-mallocr.o)
                0x2000015c                __malloc_sbrk_base
 .data.__malloc_trim_threshold
                0x20000160        0x4 C:/Program Files (x86)/Arm GNU Toolchain arm-none-eabi/13.3 rel1/bin/../lib/gcc/arm-none-eabi/13.3.1/thumb/v7e-m+fp/hard\libc.a(libc_a-mallocr.o)
                0x20000160                __malloc_trim_threshold
 *fill*         0x20000164        0x4 
 .data.__malloc_av_
                0x20000168      0x408 C:/Program Files (x86)/Arm GNU Toolchain arm-none-eabi/13.3 rel1/bin/../lib/gcc/arm-none-eabi/13.3.1/thumb/v7e-m+fp/hard\libc.a(libc_a-mallocr.o)
                0x20000168                __malloc_av_
 .data.__global_locale
                0x20000570      0x16c C:/Program Files (x86)/Arm GNU Toolchain arm-none-eabi/13.3 rel1/bin/../lib/gcc/arm-none-eabi/13.3.1/thumb/v7e-m+fp/hard\libc.a(libc_a-locale.o)
                0x20000570                __global_locale
                0x200006dc                        . = ALIGN (0x4)
                0x200006dc                        _edata = .
                0x0800e2d4                        _siccmram = LOADADDR (.ccmram)

.tm_clone_table
                0x200006dc        0x0 load address 0x0800e2d4
 .tm_clone_table
                0x200006dc        0x0 C:/Program Files (x86)/Arm GNU Toolchain arm-none-eabi/13.3 rel1/bin/../lib/gcc/arm-none-eabi/13.3.1/thumb/v7e-m+fp/hard/crtbegin.o
 .tm_clone_table
                0x200006dc        0x0 C:/Program Files (x86)/Arm GNU Toolchain arm-none-eabi/13.3 rel1/bin/../lib/gcc/arm-none-eabi/13.3.1/thumb/v7e-m+fp/hard/crtend.o

.igot.plt       0x200006dc        0x0 load address 0x0800e2d4
 .igot.plt      0x200006dc        0x0 C:/Program Files (x86)/Arm GNU Toolchain arm-none-eabi/13.3 rel1/bin/../lib/gcc/arm-none-eabi/13.3.1/thumb/v7e-m+fp/hard/crtbegin.o

.ccmram         0x10000000        0x0 load address 0x0800e2d4
                0x10000000                        . = ALIGN (0x4)
                0x10000000                        _sccmram = .
 *(.ccmram)
 *(.ccmram*)
                0x10000000                        . = ALIGN (0x4)
                0x10000000                        _eccmram = .
                0x10000000                        . = ALIGN (0x4)

.bss            0x200006dc      0x43c
                0x200006dc                        _sbss = .
                0x200006dc                        __bss_start__ = _sbss
 *(.bss)
 *(.bss*)
 .bss.completed.1
                0x200006dc        0x1 C:/Program Files (x86)/Arm GNU Toolchain arm-none-eabi/13.3 rel1/bin/../lib/gcc/arm-none-eabi/13.3.1/thumb/v7e-m+fp/hard/crtbegin.o
 *fill*         0x200006dd        0x3 
 .bss.object.0  0x200006e0       0x18 C:/Program Files (x86)/Arm GNU Toolchain arm-none-eabi/13.3 rel1/bin/../lib/gcc/arm-none-eabi/13.3.1/thumb/v7e-m+fp/hard/crtbegin.o
 .bss.fac_ms    0x200006f8        0x2 build/delay.o
 .bss.fac_us    0x200006fa        0x1 build/delay.o
 *fill*         0x200006fb        0x1 
 .bss.USART_RX_STA
                0x200006fc        0x2 build/usart.o
                0x200006fc                USART_RX_STA
 *fill*         0x200006fe        0x2 
 .bss.USART_RX_BUF
                0x20000700       0xc8 build/usart.o
                0x20000700                USART_RX_BUF
 .bss.lcddev    0x200007c8        0xe build/lcd.o
                0x200007c8                lcddev
 *fill*         0x200007d6        0x2 
 .bss.lcdltdc   0x200007d8       0x20 build/ltdc.o
                0x200007d8                lcdltdc
 .bss.ltdc_framebuf
                0x200007f8        0x8 build/ltdc.o
                0x200007f8                ltdc_framebuf
 .bss.__sf      0x20000800      0x138 C:/Program Files (x86)/Arm GNU Toolchain arm-none-eabi/13.3 rel1/bin/../lib/gcc/arm-none-eabi/13.3.1/thumb/v7e-m+fp/hard\libc.a(libc_a-findfp.o)
                0x20000800                __sf
 .bss.__stdio_exit_handler
                0x20000938        0x4 C:/Program Files (x86)/Arm GNU Toolchain arm-none-eabi/13.3 rel1/bin/../lib/gcc/arm-none-eabi/13.3.1/thumb/v7e-m+fp/hard\libc.a(libc_a-findfp.o)
                0x20000938                __stdio_exit_handler
 .bss.errno     0x2000093c        0x4 C:/Program Files (x86)/Arm GNU Toolchain arm-none-eabi/13.3 rel1/bin/../lib/gcc/arm-none-eabi/13.3.1/thumb/v7e-m+fp/hard\libc.a(libc_a-reent.o)
                0x2000093c                errno
 .bss.__lock___malloc_recursive_mutex
                0x20000940        0x1 C:/Program Files (x86)/Arm GNU Toolchain arm-none-eabi/13.3 rel1/bin/../lib/gcc/arm-none-eabi/13.3.1/thumb/v7e-m+fp/hard\libc.a(libc_a-lock.o)
                0x20000940                __lock___malloc_recursive_mutex
 *fill*         0x20000941        0x3 
 .bss.__lock___atexit_recursive_mutex
                0x20000944        0x1 C:/Program Files (x86)/Arm GNU Toolchain arm-none-eabi/13.3 rel1/bin/../lib/gcc/arm-none-eabi/13.3.1/thumb/v7e-m+fp/hard\libc.a(libc_a-lock.o)
                0x20000944                __lock___atexit_recursive_mutex
 *fill*         0x20000945        0x3 
 .bss.__lock___sfp_recursive_mutex
                0x20000948        0x1 C:/Program Files (x86)/Arm GNU Toolchain arm-none-eabi/13.3 rel1/bin/../lib/gcc/arm-none-eabi/13.3.1/thumb/v7e-m+fp/hard\libc.a(libc_a-lock.o)
                0x20000948                __lock___sfp_recursive_mutex
 *fill*         0x20000949        0x3 
 .bss.__atexit  0x2000094c        0x4 C:/Program Files (x86)/Arm GNU Toolchain arm-none-eabi/13.3 rel1/bin/../lib/gcc/arm-none-eabi/13.3.1/thumb/v7e-m+fp/hard\libc.a(libc_a-__call_atexit.o)
                0x2000094c                __atexit
 .bss.__malloc_current_mallinfo
                0x20000950       0x28 C:/Program Files (x86)/Arm GNU Toolchain arm-none-eabi/13.3 rel1/bin/../lib/gcc/arm-none-eabi/13.3.1/thumb/v7e-m+fp/hard\libc.a(libc_a-mallocr.o)
                0x20000950                __malloc_current_mallinfo
 .bss.__malloc_max_total_mem
                0x20000978        0x4 C:/Program Files (x86)/Arm GNU Toolchain arm-none-eabi/13.3 rel1/bin/../lib/gcc/arm-none-eabi/13.3.1/thumb/v7e-m+fp/hard\libc.a(libc_a-mallocr.o)
                0x20000978                __malloc_max_total_mem
 .bss.__malloc_max_sbrked_mem
                0x2000097c        0x4 C:/Program Files (x86)/Arm GNU Toolchain arm-none-eabi/13.3 rel1/bin/../lib/gcc/arm-none-eabi/13.3.1/thumb/v7e-m+fp/hard\libc.a(libc_a-mallocr.o)
                0x2000097c                __malloc_max_sbrked_mem
 .bss.__malloc_top_pad
                0x20000980        0x4 C:/Program Files (x86)/Arm GNU Toolchain arm-none-eabi/13.3 rel1/bin/../lib/gcc/arm-none-eabi/13.3.1/thumb/v7e-m+fp/hard\libc.a(libc_a-mallocr.o)
                0x20000980                __malloc_top_pad
 .bss.__atexit0
                0x20000984      0x190 C:/Program Files (x86)/Arm GNU Toolchain arm-none-eabi/13.3 rel1/bin/../lib/gcc/arm-none-eabi/13.3.1/thumb/v7e-m+fp/hard\libc.a(libc_a-__atexit.o)
                0x20000984                __atexit0
 .bss.heap_end.0
                0x20000b14        0x4 C:/Program Files (x86)/Arm GNU Toolchain arm-none-eabi/13.3 rel1/bin/../lib/gcc/arm-none-eabi/13.3.1/thumb/v7e-m+fp/hard\libnosys.a(sbrk.o)
 *(COMMON)
                0x20000b18                        . = ALIGN (0x4)
                0x20000b18                        _ebss = .
                0x20000b18                        __bss_end__ = _ebss

._user_heap_stack
                0x20000b18      0x600
                0x20000b18                        . = ALIGN (0x8)
                0x20000b18                        PROVIDE (end = .)
                [!provide]                        PROVIDE (_end = .)
                0x20000d18                        . = (. + _Min_Heap_Size)
 *fill*         0x20000b18      0x200 
                0x20001118                        . = (. + _Min_Stack_Size)
 *fill*         0x20000d18      0x400 
                0x20001118                        . = ALIGN (0x8)

.ext_sram       0xc0000000   0x1f4000 load address 0x0800e2d4
                0xc0000000                        . = ALIGN (0x4)
                0xc0000000                        _sext_sram = .
 *(.ext_sram)
 .ext_sram      0xc0000000   0x1f4000 build/ltdc.o
                0xc0000000                ltdc_lcd_framebuf
 *(.ext_sram*)
                0xc01f4000                        . = ALIGN (0x4)
                0xc01f4000                        _eext_sram = .

/DISCARD/
 libc.a(*)
 libm.a(*)
 libgcc.a(*)

.ARM.attributes
                0x00000000       0x30
 *(.ARM.attributes)
 .ARM.attributes
                0x00000000       0x22 C:/Program Files (x86)/Arm GNU Toolchain arm-none-eabi/13.3 rel1/bin/../lib/gcc/arm-none-eabi/13.3.1/thumb/v7e-m+fp/hard/crti.o
 .ARM.attributes
                0x00000022       0x34 C:/Program Files (x86)/Arm GNU Toolchain arm-none-eabi/13.3 rel1/bin/../lib/gcc/arm-none-eabi/13.3.1/thumb/v7e-m+fp/hard/crtbegin.o
 .ARM.attributes
                0x00000056       0x34 build/main.o
 .ARM.attributes
                0x0000008a       0x34 build/stm32f4xx_it.o
 .ARM.attributes
                0x000000be       0x34 build/system_stm32f4xx.o
 .ARM.attributes
                0x000000f2       0x34 build/delay.o
 .ARM.attributes
                0x00000126       0x34 build/usart.o
 .ARM.attributes
                0x0000015a       0x34 build/bank.o
 .ARM.attributes
                0x0000018e       0x34 build/lcd.o
 .ARM.attributes
                0x000001c2       0x34 build/ltdc.o
 .ARM.attributes
                0x000001f6       0x34 build/sdram.o
 .ARM.attributes
                0x0000022a       0x34 build/__main.o
 .ARM.attributes
                0x0000025e       0x21 build/startup_stm32f429xx.o
 .ARM.attributes
                0x0000027f       0x34 C:/Program Files (x86)/Arm GNU Toolchain arm-none-eabi/13.3 rel1/bin/../lib/gcc/arm-none-eabi/13.3.1/thumb/v7e-m+fp/hard\libc.a(libc_a-findfp.o)
 .ARM.attributes
                0x000002b3       0x34 C:/Program Files (x86)/Arm GNU Toolchain arm-none-eabi/13.3 rel1/bin/../lib/gcc/arm-none-eabi/13.3.1/thumb/v7e-m+fp/hard\libc.a(libc_a-fwalk.o)
 .ARM.attributes
                0x000002e7       0x34 C:/Program Files (x86)/Arm GNU Toolchain arm-none-eabi/13.3 rel1/bin/../lib/gcc/arm-none-eabi/13.3.1/thumb/v7e-m+fp/hard\libc.a(libc_a-stdio.o)
 .ARM.attributes
                0x0000031b       0x34 C:/Program Files (x86)/Arm GNU Toolchain arm-none-eabi/13.3 rel1/bin/../lib/gcc/arm-none-eabi/13.3.1/thumb/v7e-m+fp/hard\libc.a(libc_a-vsprintf.o)
 .ARM.attributes
                0x0000034f       0x34 C:/Program Files (x86)/Arm GNU Toolchain arm-none-eabi/13.3 rel1/bin/../lib/gcc/arm-none-eabi/13.3.1/thumb/v7e-m+fp/hard\libc.a(libc_a-memset.o)
 .ARM.attributes
                0x00000383       0x34 C:/Program Files (x86)/Arm GNU Toolchain arm-none-eabi/13.3 rel1/bin/../lib/gcc/arm-none-eabi/13.3.1/thumb/v7e-m+fp/hard\libc.a(libc_a-closer.o)
 .ARM.attributes
                0x000003b7       0x34 C:/Program Files (x86)/Arm GNU Toolchain arm-none-eabi/13.3 rel1/bin/../lib/gcc/arm-none-eabi/13.3.1/thumb/v7e-m+fp/hard\libc.a(libc_a-reent.o)
 .ARM.attributes
                0x000003eb       0x34 C:/Program Files (x86)/Arm GNU Toolchain arm-none-eabi/13.3 rel1/bin/../lib/gcc/arm-none-eabi/13.3.1/thumb/v7e-m+fp/hard\libc.a(libc_a-impure.o)
 .ARM.attributes
                0x0000041f       0x34 C:/Program Files (x86)/Arm GNU Toolchain arm-none-eabi/13.3 rel1/bin/../lib/gcc/arm-none-eabi/13.3.1/thumb/v7e-m+fp/hard\libc.a(libc_a-lseekr.o)
 .ARM.attributes
                0x00000453       0x34 C:/Program Files (x86)/Arm GNU Toolchain arm-none-eabi/13.3 rel1/bin/../lib/gcc/arm-none-eabi/13.3.1/thumb/v7e-m+fp/hard\libc.a(libc_a-readr.o)
 .ARM.attributes
                0x00000487       0x34 C:/Program Files (x86)/Arm GNU Toolchain arm-none-eabi/13.3 rel1/bin/../lib/gcc/arm-none-eabi/13.3.1/thumb/v7e-m+fp/hard\libc.a(libc_a-writer.o)
 .ARM.attributes
                0x000004bb       0x34 C:/Program Files (x86)/Arm GNU Toolchain arm-none-eabi/13.3 rel1/bin/../lib/gcc/arm-none-eabi/13.3.1/thumb/v7e-m+fp/hard\libc.a(libc_a-init.o)
 .ARM.attributes
                0x000004ef       0x34 C:/Program Files (x86)/Arm GNU Toolchain arm-none-eabi/13.3 rel1/bin/../lib/gcc/arm-none-eabi/13.3.1/thumb/v7e-m+fp/hard\libc.a(libc_a-lock.o)
 .ARM.attributes
                0x00000523       0x34 C:/Program Files (x86)/Arm GNU Toolchain arm-none-eabi/13.3 rel1/bin/../lib/gcc/arm-none-eabi/13.3.1/thumb/v7e-m+fp/hard\libc.a(libc_a-__call_atexit.o)
 .ARM.attributes
                0x00000557       0x34 C:/Program Files (x86)/Arm GNU Toolchain arm-none-eabi/13.3 rel1/bin/../lib/gcc/arm-none-eabi/13.3.1/thumb/v7e-m+fp/hard\libc.a(libc_a-atexit.o)
 .ARM.attributes
                0x0000058b       0x34 C:/Program Files (x86)/Arm GNU Toolchain arm-none-eabi/13.3 rel1/bin/../lib/gcc/arm-none-eabi/13.3.1/thumb/v7e-m+fp/hard\libc.a(libc_a-freer.o)
 .ARM.attributes
                0x000005bf       0x34 C:/Program Files (x86)/Arm GNU Toolchain arm-none-eabi/13.3 rel1/bin/../lib/gcc/arm-none-eabi/13.3.1/thumb/v7e-m+fp/hard\libc.a(libc_a-mallocr.o)
 .ARM.attributes
                0x000005f3       0x34 C:/Program Files (x86)/Arm GNU Toolchain arm-none-eabi/13.3 rel1/bin/../lib/gcc/arm-none-eabi/13.3.1/thumb/v7e-m+fp/hard\libc.a(libc_a-mlock.o)
 .ARM.attributes
                0x00000627       0x34 C:/Program Files (x86)/Arm GNU Toolchain arm-none-eabi/13.3 rel1/bin/../lib/gcc/arm-none-eabi/13.3.1/thumb/v7e-m+fp/hard\libc.a(libc_a-svfprintf.o)
 .ARM.attributes
                0x0000065b       0x34 C:/Program Files (x86)/Arm GNU Toolchain arm-none-eabi/13.3 rel1/bin/../lib/gcc/arm-none-eabi/13.3.1/thumb/v7e-m+fp/hard\libc.a(libc_a-ssprint_r.o)
 .ARM.attributes
                0x0000068f       0x34 C:/Program Files (x86)/Arm GNU Toolchain arm-none-eabi/13.3 rel1/bin/../lib/gcc/arm-none-eabi/13.3.1/thumb/v7e-m+fp/hard\libc.a(libc_a-fclose.o)
 .ARM.attributes
                0x000006c3       0x34 C:/Program Files (x86)/Arm GNU Toolchain arm-none-eabi/13.3 rel1/bin/../lib/gcc/arm-none-eabi/13.3.1/thumb/v7e-m+fp/hard\libc.a(libc_a-fflush.o)
 .ARM.attributes
                0x000006f7       0x34 C:/Program Files (x86)/Arm GNU Toolchain arm-none-eabi/13.3 rel1/bin/../lib/gcc/arm-none-eabi/13.3.1/thumb/v7e-m+fp/hard\libc.a(libc_a-strncpy.o)
 .ARM.attributes
                0x0000072b       0x34 C:/Program Files (x86)/Arm GNU Toolchain arm-none-eabi/13.3 rel1/bin/../lib/gcc/arm-none-eabi/13.3.1/thumb/v7e-m+fp/hard\libc.a(libc_a-locale.o)
 .ARM.attributes
                0x0000075f       0x34 C:/Program Files (x86)/Arm GNU Toolchain arm-none-eabi/13.3 rel1/bin/../lib/gcc/arm-none-eabi/13.3.1/thumb/v7e-m+fp/hard\libc.a(libc_a-localeconv.o)
 .ARM.attributes
                0x00000793       0x34 C:/Program Files (x86)/Arm GNU Toolchain arm-none-eabi/13.3 rel1/bin/../lib/gcc/arm-none-eabi/13.3.1/thumb/v7e-m+fp/hard\libc.a(libc_a-sbrkr.o)
 .ARM.attributes
                0x000007c7       0x34 C:/Program Files (x86)/Arm GNU Toolchain arm-none-eabi/13.3 rel1/bin/../lib/gcc/arm-none-eabi/13.3.1/thumb/v7e-m+fp/hard\libc.a(libc_a-fini.o)
 .ARM.attributes
                0x000007fb       0x34 C:/Program Files (x86)/Arm GNU Toolchain arm-none-eabi/13.3 rel1/bin/../lib/gcc/arm-none-eabi/13.3.1/thumb/v7e-m+fp/hard\libc.a(libc_a-sysconf.o)
 .ARM.attributes
                0x0000082f       0x1c C:/Program Files (x86)/Arm GNU Toolchain arm-none-eabi/13.3 rel1/bin/../lib/gcc/arm-none-eabi/13.3.1/thumb/v7e-m+fp/hard\libc.a(libc_a-memchr.o)
 .ARM.attributes
                0x0000084b       0x1c C:/Program Files (x86)/Arm GNU Toolchain arm-none-eabi/13.3 rel1/bin/../lib/gcc/arm-none-eabi/13.3.1/thumb/v7e-m+fp/hard\libc.a(libc_a-strlen.o)
 .ARM.attributes
                0x00000867       0x34 C:/Program Files (x86)/Arm GNU Toolchain arm-none-eabi/13.3 rel1/bin/../lib/gcc/arm-none-eabi/13.3.1/thumb/v7e-m+fp/hard\libc.a(libm_a-s_frexp.o)
 .ARM.attributes
                0x0000089b       0x34 C:/Program Files (x86)/Arm GNU Toolchain arm-none-eabi/13.3 rel1/bin/../lib/gcc/arm-none-eabi/13.3.1/thumb/v7e-m+fp/hard\libc.a(libc_a-__atexit.o)
 .ARM.attributes
                0x000008cf       0x34 C:/Program Files (x86)/Arm GNU Toolchain arm-none-eabi/13.3 rel1/bin/../lib/gcc/arm-none-eabi/13.3.1/thumb/v7e-m+fp/hard\libc.a(libc_a-dtoa.o)
 .ARM.attributes
                0x00000903       0x34 C:/Program Files (x86)/Arm GNU Toolchain arm-none-eabi/13.3 rel1/bin/../lib/gcc/arm-none-eabi/13.3.1/thumb/v7e-m+fp/hard\libc.a(libc_a-mbtowc_r.o)
 .ARM.attributes
                0x00000937       0x34 C:/Program Files (x86)/Arm GNU Toolchain arm-none-eabi/13.3 rel1/bin/../lib/gcc/arm-none-eabi/13.3.1/thumb/v7e-m+fp/hard\libc.a(libc_a-mprec.o)
 .ARM.attributes
                0x0000096b       0x34 C:/Program Files (x86)/Arm GNU Toolchain arm-none-eabi/13.3 rel1/bin/../lib/gcc/arm-none-eabi/13.3.1/thumb/v7e-m+fp/hard\libc.a(libc_a-wctomb_r.o)
 .ARM.attributes
                0x0000099f       0x34 C:/Program Files (x86)/Arm GNU Toolchain arm-none-eabi/13.3 rel1/bin/../lib/gcc/arm-none-eabi/13.3.1/thumb/v7e-m+fp/hard\libc.a(libc_a-wcrtomb.o)
 .ARM.attributes
                0x000009d3       0x34 C:/Program Files (x86)/Arm GNU Toolchain arm-none-eabi/13.3 rel1/bin/../lib/gcc/arm-none-eabi/13.3.1/thumb/v7e-m+fp/hard\libc.a(libc_a-wcsrtombs.o)
 .ARM.attributes
                0x00000a07       0x34 C:/Program Files (x86)/Arm GNU Toolchain arm-none-eabi/13.3 rel1/bin/../lib/gcc/arm-none-eabi/13.3.1/thumb/v7e-m+fp/hard\libc.a(libc_a-ctype_.o)
 .ARM.attributes
                0x00000a3b       0x34 C:/Program Files (x86)/Arm GNU Toolchain arm-none-eabi/13.3 rel1/bin/../lib/gcc/arm-none-eabi/13.3.1/thumb/v7e-m+fp/hard\libc.a(libc_a-ssputs_r.o)
 .ARM.attributes
                0x00000a6f       0x34 C:/Program Files (x86)/Arm GNU Toolchain arm-none-eabi/13.3 rel1/bin/../lib/gcc/arm-none-eabi/13.3.1/thumb/v7e-m+fp/hard\libc.a(libc_a-memmove.o)
 .ARM.attributes
                0x00000aa3       0x34 C:/Program Files (x86)/Arm GNU Toolchain arm-none-eabi/13.3 rel1/bin/../lib/gcc/arm-none-eabi/13.3.1/thumb/v7e-m+fp/hard\libc.a(libc_a-errno.o)
 .ARM.attributes
                0x00000ad7       0x20 C:/Program Files (x86)/Arm GNU Toolchain arm-none-eabi/13.3 rel1/bin/../lib/gcc/arm-none-eabi/13.3.1/thumb/v7e-m+fp/hard\libc.a(libc_a-memcpy.o)
 .ARM.attributes
                0x00000af7       0x34 C:/Program Files (x86)/Arm GNU Toolchain arm-none-eabi/13.3 rel1/bin/../lib/gcc/arm-none-eabi/13.3.1/thumb/v7e-m+fp/hard\libc.a(libc_a-assert.o)
 .ARM.attributes
                0x00000b2b       0x34 C:/Program Files (x86)/Arm GNU Toolchain arm-none-eabi/13.3 rel1/bin/../lib/gcc/arm-none-eabi/13.3.1/thumb/v7e-m+fp/hard\libc.a(libc_a-callocr.o)
 .ARM.attributes
                0x00000b5f       0x34 C:/Program Files (x86)/Arm GNU Toolchain arm-none-eabi/13.3 rel1/bin/../lib/gcc/arm-none-eabi/13.3.1/thumb/v7e-m+fp/hard\libc.a(libc_a-reallocr.o)
 .ARM.attributes
                0x00000b93       0x34 C:/Program Files (x86)/Arm GNU Toolchain arm-none-eabi/13.3 rel1/bin/../lib/gcc/arm-none-eabi/13.3.1/thumb/v7e-m+fp/hard\libc.a(libc_a-wcsnrtombs.o)
 .ARM.attributes
                0x00000bc7       0x34 C:/Program Files (x86)/Arm GNU Toolchain arm-none-eabi/13.3 rel1/bin/../lib/gcc/arm-none-eabi/13.3.1/thumb/v7e-m+fp/hard\libc.a(libc_a-fiprintf.o)
 .ARM.attributes
                0x00000bfb       0x34 C:/Program Files (x86)/Arm GNU Toolchain arm-none-eabi/13.3 rel1/bin/../lib/gcc/arm-none-eabi/13.3.1/thumb/v7e-m+fp/hard\libc.a(libc_a-vfiprintf.o)
 .ARM.attributes
                0x00000c2f       0x34 C:/Program Files (x86)/Arm GNU Toolchain arm-none-eabi/13.3 rel1/bin/../lib/gcc/arm-none-eabi/13.3.1/thumb/v7e-m+fp/hard\libc.a(libc_a-sprint_r.o)
 .ARM.attributes
                0x00000c63       0x34 C:/Program Files (x86)/Arm GNU Toolchain arm-none-eabi/13.3 rel1/bin/../lib/gcc/arm-none-eabi/13.3.1/thumb/v7e-m+fp/hard\libc.a(libc_a-fvwrite.o)
 .ARM.attributes
                0x00000c97       0x34 C:/Program Files (x86)/Arm GNU Toolchain arm-none-eabi/13.3 rel1/bin/../lib/gcc/arm-none-eabi/13.3.1/thumb/v7e-m+fp/hard\libc.a(libc_a-wsetup.o)
 .ARM.attributes
                0x00000ccb       0x34 C:/Program Files (x86)/Arm GNU Toolchain arm-none-eabi/13.3 rel1/bin/../lib/gcc/arm-none-eabi/13.3.1/thumb/v7e-m+fp/hard\libc.a(libc_a-abort.o)
 .ARM.attributes
                0x00000cff       0x34 C:/Program Files (x86)/Arm GNU Toolchain arm-none-eabi/13.3 rel1/bin/../lib/gcc/arm-none-eabi/13.3.1/thumb/v7e-m+fp/hard\libc.a(libc_a-makebuf.o)
 .ARM.attributes
                0x00000d33       0x34 C:/Program Files (x86)/Arm GNU Toolchain arm-none-eabi/13.3 rel1/bin/../lib/gcc/arm-none-eabi/13.3.1/thumb/v7e-m+fp/hard\libc.a(libc_a-signal.o)
 .ARM.attributes
                0x00000d67       0x34 C:/Program Files (x86)/Arm GNU Toolchain arm-none-eabi/13.3 rel1/bin/../lib/gcc/arm-none-eabi/13.3.1/thumb/v7e-m+fp/hard\libc.a(libc_a-fstatr.o)
 .ARM.attributes
                0x00000d9b       0x34 C:/Program Files (x86)/Arm GNU Toolchain arm-none-eabi/13.3 rel1/bin/../lib/gcc/arm-none-eabi/13.3.1/thumb/v7e-m+fp/hard\libc.a(libc_a-isattyr.o)
 .ARM.attributes
                0x00000dcf       0x34 C:/Program Files (x86)/Arm GNU Toolchain arm-none-eabi/13.3 rel1/bin/../lib/gcc/arm-none-eabi/13.3.1/thumb/v7e-m+fp/hard\libc.a(libc_a-signalr.o)
 .ARM.attributes
                0x00000e03       0x22 C:/Program Files (x86)/Arm GNU Toolchain arm-none-eabi/13.3 rel1/bin/../lib/gcc/arm-none-eabi/13.3.1/thumb/v7e-m+fp/hard\libgcc.a(_arm_addsubdf3.o)
 .ARM.attributes
                0x00000e25       0x22 C:/Program Files (x86)/Arm GNU Toolchain arm-none-eabi/13.3 rel1/bin/../lib/gcc/arm-none-eabi/13.3.1/thumb/v7e-m+fp/hard\libgcc.a(_arm_muldivdf3.o)
 .ARM.attributes
                0x00000e47       0x22 C:/Program Files (x86)/Arm GNU Toolchain arm-none-eabi/13.3 rel1/bin/../lib/gcc/arm-none-eabi/13.3.1/thumb/v7e-m+fp/hard\libgcc.a(_arm_cmpdf2.o)
 .ARM.attributes
                0x00000e69       0x22 C:/Program Files (x86)/Arm GNU Toolchain arm-none-eabi/13.3 rel1/bin/../lib/gcc/arm-none-eabi/13.3.1/thumb/v7e-m+fp/hard\libgcc.a(_arm_unorddf2.o)
 .ARM.attributes
                0x00000e8b       0x22 C:/Program Files (x86)/Arm GNU Toolchain arm-none-eabi/13.3 rel1/bin/../lib/gcc/arm-none-eabi/13.3.1/thumb/v7e-m+fp/hard\libgcc.a(_arm_fixdfsi.o)
 .ARM.attributes
                0x00000ead       0x34 C:/Program Files (x86)/Arm GNU Toolchain arm-none-eabi/13.3 rel1/bin/../lib/gcc/arm-none-eabi/13.3.1/thumb/v7e-m+fp/hard\libgcc.a(unwind-arm.o)
 .ARM.attributes
                0x00000ee1       0x22 C:/Program Files (x86)/Arm GNU Toolchain arm-none-eabi/13.3 rel1/bin/../lib/gcc/arm-none-eabi/13.3.1/thumb/v7e-m+fp/hard\libgcc.a(libunwind.o)
 .ARM.attributes
                0x00000f03       0x34 C:/Program Files (x86)/Arm GNU Toolchain arm-none-eabi/13.3 rel1/bin/../lib/gcc/arm-none-eabi/13.3.1/thumb/v7e-m+fp/hard\libgcc.a(pr-support.o)
 .ARM.attributes
                0x00000f37       0x34 C:/Program Files (x86)/Arm GNU Toolchain arm-none-eabi/13.3 rel1/bin/../lib/gcc/arm-none-eabi/13.3.1/thumb/v7e-m+fp/hard\libnosys.a(close.o)
 .ARM.attributes
                0x00000f6b       0x34 C:/Program Files (x86)/Arm GNU Toolchain arm-none-eabi/13.3 rel1/bin/../lib/gcc/arm-none-eabi/13.3.1/thumb/v7e-m+fp/hard\libnosys.a(fstat.o)
 .ARM.attributes
                0x00000f9f       0x34 C:/Program Files (x86)/Arm GNU Toolchain arm-none-eabi/13.3 rel1/bin/../lib/gcc/arm-none-eabi/13.3.1/thumb/v7e-m+fp/hard\libnosys.a(getpid.o)
 .ARM.attributes
                0x00000fd3       0x34 C:/Program Files (x86)/Arm GNU Toolchain arm-none-eabi/13.3 rel1/bin/../lib/gcc/arm-none-eabi/13.3.1/thumb/v7e-m+fp/hard\libnosys.a(isatty.o)
 .ARM.attributes
                0x00001007       0x34 C:/Program Files (x86)/Arm GNU Toolchain arm-none-eabi/13.3 rel1/bin/../lib/gcc/arm-none-eabi/13.3.1/thumb/v7e-m+fp/hard\libnosys.a(kill.o)
 .ARM.attributes
                0x0000103b       0x34 C:/Program Files (x86)/Arm GNU Toolchain arm-none-eabi/13.3 rel1/bin/../lib/gcc/arm-none-eabi/13.3.1/thumb/v7e-m+fp/hard\libnosys.a(lseek.o)
 .ARM.attributes
                0x0000106f       0x34 C:/Program Files (x86)/Arm GNU Toolchain arm-none-eabi/13.3 rel1/bin/../lib/gcc/arm-none-eabi/13.3.1/thumb/v7e-m+fp/hard\libnosys.a(read.o)
 .ARM.attributes
                0x000010a3       0x34 C:/Program Files (x86)/Arm GNU Toolchain arm-none-eabi/13.3 rel1/bin/../lib/gcc/arm-none-eabi/13.3.1/thumb/v7e-m+fp/hard\libnosys.a(sbrk.o)
 .ARM.attributes
                0x000010d7       0x34 C:/Program Files (x86)/Arm GNU Toolchain arm-none-eabi/13.3 rel1/bin/../lib/gcc/arm-none-eabi/13.3.1/thumb/v7e-m+fp/hard\libnosys.a(write.o)
 .ARM.attributes
                0x0000110b       0x34 C:/Program Files (x86)/Arm GNU Toolchain arm-none-eabi/13.3 rel1/bin/../lib/gcc/arm-none-eabi/13.3.1/thumb/v7e-m+fp/hard\libnosys.a(_exit.o)
 .ARM.attributes
                0x0000113f       0x34 C:/Program Files (x86)/Arm GNU Toolchain arm-none-eabi/13.3 rel1/bin/../lib/gcc/arm-none-eabi/13.3.1/thumb/v7e-m+fp/hard/crtend.o
 .ARM.attributes
                0x00001173       0x22 C:/Program Files (x86)/Arm GNU Toolchain arm-none-eabi/13.3 rel1/bin/../lib/gcc/arm-none-eabi/13.3.1/thumb/v7e-m+fp/hard/crtn.o
OUTPUT(build/make_obj.elf elf32-littlearm)
LOAD linker stubs
LOAD C:/Program Files (x86)/Arm GNU Toolchain arm-none-eabi/13.3 rel1/bin/../lib/gcc/arm-none-eabi/13.3.1/thumb/v7e-m+fp/hard\libc.a
LOAD C:/Program Files (x86)/Arm GNU Toolchain arm-none-eabi/13.3 rel1/bin/../lib/gcc/arm-none-eabi/13.3.1/thumb/v7e-m+fp/hard\libm.a
LOAD C:/Program Files (x86)/Arm GNU Toolchain arm-none-eabi/13.3 rel1/bin/../lib/gcc/arm-none-eabi/13.3.1/thumb/v7e-m+fp/hard\libgcc.a

.debug_info     0x00000000     0x7768
 .debug_info    0x00000000      0x1f5 build/main.o
 .debug_info    0x000001f5      0x120 build/stm32f4xx_it.o
 .debug_info    0x00000315      0x6fc build/system_stm32f4xx.o
 .debug_info    0x00000a11      0x2ae build/delay.o
 .debug_info    0x00000cbf      0xb1d build/usart.o
 .debug_info    0x000017dc      0x6eb build/bank.o
 .debug_info    0x00001ec7     0x162b build/lcd.o
 .debug_info    0x000034f2     0x14b3 build/ltdc.o
 .debug_info    0x000049a5      0xcb8 build/sdram.o
 .debug_info    0x0000565d     0x20db build/__main.o
 .debug_info    0x00007738       0x30 build/startup_stm32f429xx.o

.debug_abbrev   0x00000000     0x1309
 .debug_abbrev  0x00000000      0x143 build/main.o
 .debug_abbrev  0x00000143       0x46 build/stm32f4xx_it.o
 .debug_abbrev  0x00000189      0x189 build/system_stm32f4xx.o
 .debug_abbrev  0x00000312      0x15b build/delay.o
 .debug_abbrev  0x0000046d      0x26e build/usart.o
 .debug_abbrev  0x000006db      0x195 build/bank.o
 .debug_abbrev  0x00000870      0x3d8 build/lcd.o
 .debug_abbrev  0x00000c48      0x2d3 build/ltdc.o
 .debug_abbrev  0x00000f1b      0x17c build/sdram.o
 .debug_abbrev  0x00001097      0x255 build/__main.o
 .debug_abbrev  0x000012ec       0x1d build/startup_stm32f429xx.o

.debug_loc      0x00000000     0x3441
 .debug_loc     0x00000000       0x20 build/main.o
 .debug_loc     0x00000020      0x1d9 build/system_stm32f4xx.o
 .debug_loc     0x000001f9      0x13a build/delay.o
 .debug_loc     0x00000333      0x3f8 build/usart.o
 .debug_loc     0x0000072b      0x38c build/bank.o
 .debug_loc     0x00000ab7     0x17de build/lcd.o
 .debug_loc     0x00002295      0xe0b build/ltdc.o
 .debug_loc     0x000030a0      0x375 build/sdram.o
 .debug_loc     0x00003415       0x2c build/__main.o

.debug_aranges  0x00000000      0x370
 .debug_aranges
                0x00000000       0x28 build/main.o
 .debug_aranges
                0x00000028       0x58 build/stm32f4xx_it.o
 .debug_aranges
                0x00000080       0x30 build/system_stm32f4xx.o
 .debug_aranges
                0x000000b0       0x38 build/delay.o
 .debug_aranges
                0x000000e8       0x40 build/usart.o
 .debug_aranges
                0x00000128       0x40 build/bank.o
 .debug_aranges
                0x00000168      0x100 build/lcd.o
 .debug_aranges
                0x00000268       0x88 build/ltdc.o
 .debug_aranges
                0x000002f0       0x38 build/sdram.o
 .debug_aranges
                0x00000328       0x20 build/__main.o
 .debug_aranges
                0x00000348       0x28 build/startup_stm32f429xx.o

.debug_ranges   0x00000000      0x2c8
 .debug_ranges  0x00000000       0x18 build/main.o
 .debug_ranges  0x00000018       0x48 build/stm32f4xx_it.o
 .debug_ranges  0x00000060       0x20 build/system_stm32f4xx.o
 .debug_ranges  0x00000080       0x28 build/delay.o
 .debug_ranges  0x000000a8       0x30 build/usart.o
 .debug_ranges  0x000000d8       0x30 build/bank.o
 .debug_ranges  0x00000108       0xf0 build/lcd.o
 .debug_ranges  0x000001f8       0x78 build/ltdc.o
 .debug_ranges  0x00000270       0x28 build/sdram.o
 .debug_ranges  0x00000298       0x10 build/__main.o
 .debug_ranges  0x000002a8       0x20 build/startup_stm32f429xx.o

.debug_line     0x00000000     0x2e3b
 .debug_line    0x00000000      0x1b2 build/main.o
 .debug_line    0x000001b2       0xe2 build/stm32f4xx_it.o
 .debug_line    0x00000294      0x3ff build/system_stm32f4xx.o
 .debug_line    0x00000693      0x272 build/delay.o
 .debug_line    0x00000905      0x445 build/usart.o
 .debug_line    0x00000d4a      0x2e8 build/bank.o
 .debug_line    0x00001032      0xbcd build/lcd.o
 .debug_line    0x00001bff      0xa90 build/ltdc.o
 .debug_line    0x0000268f      0x2c6 build/sdram.o
 .debug_line    0x00002955      0x473 build/__main.o
 .debug_line    0x00002dc8       0x73 build/startup_stm32f429xx.o

.debug_str      0x00000000     0x1f1d
 .debug_str     0x00000000     0x1f1d build/main.o
                                0x206 (size before relaxing)