Archive member included to satisfy reference by file (symbol)

C:/Program Files (x86)/Arm GNU Toolchain arm-none-eabi/13.3 rel1/bin/../lib/gcc/arm-none-eabi/13.3.1/thumb/v7e-m+fp/hard\libc.a(libc_a-exit.o)
                              C:/Program Files (x86)/Arm GNU Toolchain arm-none-eabi/13.3 rel1/bin/../lib/gcc/arm-none-eabi/13.3.1/thumb/v7e-m+fp/hard/crt0.o (exit)
C:/Program Files (x86)/Arm GNU Toolchain arm-none-eabi/13.3 rel1/bin/../lib/gcc/arm-none-eabi/13.3.1/thumb/v7e-m+fp/hard\libc.a(libc_a-findfp.o)
                              C:/Program Files (x86)/Arm GNU Toolchain arm-none-eabi/13.3 rel1/bin/../lib/gcc/arm-none-eabi/13.3.1/thumb/v7e-m+fp/hard\libc.a(libc_a-exit.o) (__stdio_exit_handler)
C:/Program Files (x86)/Arm GNU Toolchain arm-none-eabi/13.3 rel1/bin/../lib/gcc/arm-none-eabi/13.3.1/thumb/v7e-m+fp/hard\libc.a(libc_a-fwalk.o)
                              C:/Program Files (x86)/Arm GNU Toolchain arm-none-eabi/13.3 rel1/bin/../lib/gcc/arm-none-eabi/13.3.1/thumb/v7e-m+fp/hard\libc.a(libc_a-findfp.o) (_fwalk_sglue)
C:/Program Files (x86)/Arm GNU Toolchain arm-none-eabi/13.3 rel1/bin/../lib/gcc/arm-none-eabi/13.3.1/thumb/v7e-m+fp/hard\libc.a(libc_a-stdio.o)
                              C:/Program Files (x86)/Arm GNU Toolchain arm-none-eabi/13.3 rel1/bin/../lib/gcc/arm-none-eabi/13.3.1/thumb/v7e-m+fp/hard\libc.a(libc_a-findfp.o) (__sread)
C:/Program Files (x86)/Arm GNU Toolchain arm-none-eabi/13.3 rel1/bin/../lib/gcc/arm-none-eabi/13.3.1/thumb/v7e-m+fp/hard\libc.a(libc_a-vsprintf.o)
                              build/usart.o (vsprintf)
C:/Program Files (x86)/Arm GNU Toolchain arm-none-eabi/13.3 rel1/bin/../lib/gcc/arm-none-eabi/13.3.1/thumb/v7e-m+fp/hard\libc.a(libc_a-memset.o)
                              C:/Program Files (x86)/Arm GNU Toolchain arm-none-eabi/13.3 rel1/bin/../lib/gcc/arm-none-eabi/13.3.1/thumb/v7e-m+fp/hard/crt0.o (memset)
C:/Program Files (x86)/Arm GNU Toolchain arm-none-eabi/13.3 rel1/bin/../lib/gcc/arm-none-eabi/13.3.1/thumb/v7e-m+fp/hard\libc.a(libc_a-closer.o)
                              C:/Program Files (x86)/Arm GNU Toolchain arm-none-eabi/13.3 rel1/bin/../lib/gcc/arm-none-eabi/13.3.1/thumb/v7e-m+fp/hard\libc.a(libc_a-stdio.o) (_close_r)
C:/Program Files (x86)/Arm GNU Toolchain arm-none-eabi/13.3 rel1/bin/../lib/gcc/arm-none-eabi/13.3.1/thumb/v7e-m+fp/hard\libc.a(libc_a-reent.o)
                              C:/Program Files (x86)/Arm GNU Toolchain arm-none-eabi/13.3 rel1/bin/../lib/gcc/arm-none-eabi/13.3.1/thumb/v7e-m+fp/hard\libc.a(libc_a-closer.o) (errno)
C:/Program Files (x86)/Arm GNU Toolchain arm-none-eabi/13.3 rel1/bin/../lib/gcc/arm-none-eabi/13.3.1/thumb/v7e-m+fp/hard\libc.a(libc_a-impure.o)
                              C:/Program Files (x86)/Arm GNU Toolchain arm-none-eabi/13.3 rel1/bin/../lib/gcc/arm-none-eabi/13.3.1/thumb/v7e-m+fp/hard\libc.a(libc_a-vsprintf.o) (_impure_ptr)
C:/Program Files (x86)/Arm GNU Toolchain arm-none-eabi/13.3 rel1/bin/../lib/gcc/arm-none-eabi/13.3.1/thumb/v7e-m+fp/hard\libc.a(libc_a-lseekr.o)
                              C:/Program Files (x86)/Arm GNU Toolchain arm-none-eabi/13.3 rel1/bin/../lib/gcc/arm-none-eabi/13.3.1/thumb/v7e-m+fp/hard\libc.a(libc_a-stdio.o) (_lseek_r)
C:/Program Files (x86)/Arm GNU Toolchain arm-none-eabi/13.3 rel1/bin/../lib/gcc/arm-none-eabi/13.3.1/thumb/v7e-m+fp/hard\libc.a(libc_a-readr.o)
                              C:/Program Files (x86)/Arm GNU Toolchain arm-none-eabi/13.3 rel1/bin/../lib/gcc/arm-none-eabi/13.3.1/thumb/v7e-m+fp/hard\libc.a(libc_a-stdio.o) (_read_r)
C:/Program Files (x86)/Arm GNU Toolchain arm-none-eabi/13.3 rel1/bin/../lib/gcc/arm-none-eabi/13.3.1/thumb/v7e-m+fp/hard\libc.a(libc_a-writer.o)
                              C:/Program Files (x86)/Arm GNU Toolchain arm-none-eabi/13.3 rel1/bin/../lib/gcc/arm-none-eabi/13.3.1/thumb/v7e-m+fp/hard\libc.a(libc_a-stdio.o) (_write_r)
C:/Program Files (x86)/Arm GNU Toolchain arm-none-eabi/13.3 rel1/bin/../lib/gcc/arm-none-eabi/13.3.1/thumb/v7e-m+fp/hard\libc.a(libc_a-init.o)
                              C:/Program Files (x86)/Arm GNU Toolchain arm-none-eabi/13.3 rel1/bin/../lib/gcc/arm-none-eabi/13.3.1/thumb/v7e-m+fp/hard/crt0.o (__libc_init_array)
C:/Program Files (x86)/Arm GNU Toolchain arm-none-eabi/13.3 rel1/bin/../lib/gcc/arm-none-eabi/13.3.1/thumb/v7e-m+fp/hard\libc.a(libc_a-lock.o)
                              C:/Program Files (x86)/Arm GNU Toolchain arm-none-eabi/13.3 rel1/bin/../lib/gcc/arm-none-eabi/13.3.1/thumb/v7e-m+fp/hard\libc.a(libc_a-findfp.o) (__retarget_lock_init_recursive)
C:/Program Files (x86)/Arm GNU Toolchain arm-none-eabi/13.3 rel1/bin/../lib/gcc/arm-none-eabi/13.3.1/thumb/v7e-m+fp/hard\libc.a(libc_a-strcmp.o)
                              build/gt9xxx.o (strcmp)
C:/Program Files (x86)/Arm GNU Toolchain arm-none-eabi/13.3 rel1/bin/../lib/gcc/arm-none-eabi/13.3.1/thumb/v7e-m+fp/hard\libc.a(libc_a-__call_atexit.o)
[...]
Memory Configuration

Name             Origin             Length             Attributes
RAM              0x20000000         0x00030000         xrw
CCMRAM           0x10000000         0x00010000         xrw
FLASH            0x08000000         0x00100000         xr
EXTSRAM          0xc0000000         0x02000000         xrw
*default*        0x00000000         0xffffffff

Linker script and memory map

LOAD C:/Program Files (x86)/Arm GNU Toolchain arm-none-eabi/13.3 rel1/bin/../lib/gcc/arm-none-eabi/13.3.1/thumb/v7e-m+fp/hard/crti.o
LOAD C:/Program Files (x86)/Arm GNU Toolchain arm-none-eabi/13.3 rel1/bin/../lib/gcc/arm-none-eabi/13.3.1/thumb/v7e-m+fp/hard/crtbegin.o
LOAD C:/Program Files (x86)/Arm GNU Toolchain arm-none-eabi/13.3 rel1/bin/../lib/gcc/arm-none-eabi/13.3.1/thumb/v7e-m+fp/hard/crt0.o
LOAD build/system_stm32f4xx.o
LOAD build/stm32f4xx_it.o
LOAD build/main.o
LOAD build/delay.o
LOAD build/sys.o
LOAD build/usart.o
LOAD build/bank.o
LOAD build/lcd.o
LOAD build/ltdc.o
LOAD build/sdram.o
LOAD build/ft5206.o
LOAD build/gt9xxx.o
LOAD build/ctiic.o
LOAD build/touch.o
LOAD build/GUILib.o
LOAD build/__main.o
LOAD build/startup_stm32f429xx.o
LOAD C:/Program Files (x86)/Arm GNU Toolchain arm-none-eabi/13.3 rel1/bin/../lib/gcc/arm-none-eabi/13.3.1/thumb/v7e-m+fp/hard\libnosys.a
LOAD C:/Program Files (x86)/Arm GNU Toolchain arm-none-eabi/13.3 rel1/bin/../lib/gcc/arm-none-eabi/13.3.1/thumb/v7e-m+fp/hard\libstdc++.a
LOAD C:/Program Files (x86)/Arm GNU Toolchain arm-none-eabi/13.3 rel1/bin/../lib/gcc/arm-none-eabi/13.3.1/thumb/v7e-m+fp/hard\libm.a
LOAD C:/Program Files (x86)/Arm GNU Toolchain arm-none-eabi/13.3 rel1/bin/../lib/gcc/arm-none-eabi/13.3.1/thumb/v7e-m+fp/hard\libc.a
START GROUP
LOAD C:/Program Files (x86)/Arm GNU Toolchain arm-none-eabi/13.3 rel1/bin/../lib/gcc/arm-none-eabi/13.3.1/thumb/v7e-m+fp/hard\libgcc.a
LOAD C:/Program Files (x86)/Arm GNU Toolchain arm-none-eabi/13.3 rel1/bin/../lib/gcc/arm-none-eabi/13.3.1/thumb/v7e-m+fp/hard\libc.a
END GROUP
START GROUP
LOAD C:/Program Files (x86)/Arm GNU Toolchain arm-none-eabi/13.3 rel1/bin/../lib/gcc/arm-none-eabi/13.3.1/thumb/v7e-m+fp/hard\libgcc.a
LOAD C:/Program Files (x86)/Arm GNU Toolchain arm-none-eabi/13.3 rel1/bin/../lib/gcc/arm-none-eabi/13.3.1/thumb/v7e-m+fp/hard\libc.a
LOAD C:/Program Files (x86)/Arm GNU Toolchain arm-none-eabi/13.3 rel1/bin/../lib/gcc/arm-none-eabi/13.3.1/thumb/v7e-m+fp/hard\libnosys.a
END GROUP
LOAD C:/Program Files (x86)/Arm GNU Toolchain arm-none-eabi/13.3 rel1/bin/../lib/gcc/arm-none-eabi/13.3.1/thumb/v7e-m+fp/hard/crtend.o
LOAD C:/Program Files (x86)/Arm GNU Toolchain arm-none-eabi/13.3 rel1/bin/../lib/gcc/arm-none-eabi/13.3.1/thumb/v7e-m+fp/hard/crtn.o
                0x20030000                        _estack = (ORIGIN (RAM) + LENGTH (RAM))
                0x00000200                        _Min_Heap_Size = 0x200
                0x00000400                        _Min_Stack_Size = 0x400

.isr_vector     0x08000000      0x1ac
                0x08000000                        . = ALIGN (0x4)
 *(.isr_vector)
 .isr_vector    0x08000000      0x1ac build/startup_stm32f429xx.o
                0x08000000                g_pfnVectors
                0x080001ac                        . = ALIGN (0x4)

.text           0x080001c0     0x9ea4
                0x080001c0                        . = ALIGN (0x4)
 *(.text)
 .text          0x080001c0      0x2e0 C:/Program Files (x86)/Arm GNU Toolchain arm-none-eabi/13.3 rel1/bin/../lib/gcc/arm-none-eabi/13.3.1/thumb/v7e-m+fp/hard\libc.a(libc_a-strcmp.o)
                0x080001c0                strcmp
 .text          0x080004a0       0xa0 C:/Program Files (x86)/Arm GNU Toolchain arm-none-eabi/13.3 rel1/bin/../lib/gcc/arm-none-eabi/13.3.1/thumb/v7e-m+fp/hard\libc.a(libc_a-memchr.o)
                0x080004a0                memchr
 .text          0x08000540       0xd8 C:/Program Files (x86)/Arm GNU Toolchain arm-none-eabi/13.3 rel1/bin/../lib/gcc/arm-none-eabi/13.3.1/thumb/v7e-m+fp/hard\libc.a(libc_a-strlen.o)
                0x08000540                strlen
 .text          0x08000618      0x134 C:/Program Files (x86)/Arm GNU Toolchain arm-none-eabi/13.3 rel1/bin/../lib/gcc/arm-none-eabi/13.3.1/thumb/v7e-m+fp/hard\libc.a(libc_a-memcpy.o)
                0x08000618                memcpy
 .text          0x0800074c      0x378 C:/Program Files (x86)/Arm GNU Toolchain arm-none-eabi/13.3 rel1/bin/../lib/gcc/arm-none-eabi/13.3.1/thumb/v7e-m+fp/hard\libgcc.a(_arm_addsubdf3.o)
                0x0800074c                __aeabi_drsub
                0x08000754                __aeabi_dsub
                0x08000754                __subdf3
                0x08000758                __aeabi_dadd
                0x08000758                __adddf3
                0x080009d0                __floatunsidf
                0x080009d0                __aeabi_ui2d
                0x080009f0                __floatsidf
                0x080009f0                __aeabi_i2d
                0x08000a14                __aeabi_f2d
                0x08000a14                __extendsfdf2
                0x08000a58                __floatundidf
                0x08000a58                __aeabi_ul2d
                0x08000a68                __floatdidf
                0x08000a68                __aeabi_l2d
 .text          0x08000ac4      0x424 C:/Program Files (x86)/Arm GNU Toolchain arm-none-eabi/13.3 rel1/bin/../lib/gcc/arm-none-eabi/13.3.1/thumb/v7e-m+fp/hard\libgcc.a(_arm_muldivdf3.o)
                0x08000ac4                __aeabi_dmul
                0x08000ac4                __muldf3
                0x08000d18                __divdf3
                0x08000d18                __aeabi_ddiv
 .text          0x08000ee8      0x110 C:/Program Files (x86)/Arm GNU Toolchain arm-none-eabi/13.3 rel1/bin/../lib/gcc/arm-none-eabi/13.3.1/thumb/v7e-m+fp/hard\libgcc.a(_arm_cmpdf2.o)
                0x08000ee8                __gtdf2
                0x08000ee8                __gedf2
                0x08000ef0                __ltdf2
                0x08000ef0                __ledf2
                0x08000ef8                __nedf2
                0x08000ef8                __eqdf2
                0x08000ef8                __cmpdf2
                0x08000f74                __aeabi_cdrcmple
                0x08000f84                __aeabi_cdcmpeq
                0x08000f84                __aeabi_cdcmple
                0x08000f94                __aeabi_dcmpeq
                0x08000fa8                __aeabi_dcmplt
                0x08000fbc                __aeabi_dcmple
                0x08000fd0                __aeabi_dcmpge
                0x08000fe4                __aeabi_dcmpgt
 .text          0x08000ff8       0x2c C:/Program Files (x86)/Arm GNU Toolchain arm-none-eabi/13.3 rel1/bin/../lib/gcc/arm-none-eabi/13.3.1/thumb/v7e-m+fp/hard\libgcc.a(_arm_unorddf2.o)
                0x08000ff8                __unorddf2
                0x08000ff8                __aeabi_dcmpun
 .text          0x08001024       0x50 C:/Program Files (x86)/Arm GNU Toolchain arm-none-eabi/13.3 rel1/bin/../lib/gcc/arm-none-eabi/13.3.1/thumb/v7e-m+fp/hard\libgcc.a(_arm_fixdfsi.o)
                0x08001024                __aeabi_d2iz
                0x08001024                __fixdfsi
 .text          0x08001074      0x1ac C:/Program Files (x86)/Arm GNU Toolchain arm-none-eabi/13.3 rel1/bin/../lib/gcc/arm-none-eabi/13.3.1/thumb/v7e-m+fp/hard\libgcc.a(libunwind.o)
                0x08001074                __restore_core_regs
                0x08001074                restore_core_regs
                0x0800108c                __gnu_Unwind_Restore_VFP
                0x08001094                __gnu_Unwind_Save_VFP
                0x0800109c                __gnu_Unwind_Restore_VFP_D
                0x080010a4                __gnu_Unwind_Save_VFP_D
                0x080010ac                __gnu_Unwind_Restore_VFP_D_16_to_31
                0x080010b4                __gnu_Unwind_Save_VFP_D_16_to_31
                0x080010bc                __gnu_Unwind_Restore_WMMXD
                0x08001100                __gnu_Unwind_Save_WMMXD
                0x08001144                __gnu_Unwind_Restore_WMMXC
                0x08001158                __gnu_Unwind_Save_WMMXC
                0x0800116c                ___Unwind_RaiseException
                0x0800116c                _Unwind_RaiseException
                0x08001190                _Unwind_Resume
                0x08001190                ___Unwind_Resume
                0x080011b4                _Unwind_Resume_or_Rethrow
                0x080011b4                ___Unwind_Resume_or_Rethrow
                0x080011d8                _Unwind_ForcedUnwind
                0x080011d8                ___Unwind_ForcedUnwind
                0x080011fc                ___Unwind_Backtrace
                0x080011fc                _Unwind_Backtrace
 *(.text*)
 .text.deregister_tm_clones
                0x08001220       0x1c C:/Program Files (x86)/Arm GNU Toolchain arm-none-eabi/13.3 rel1/bin/../lib/gcc/arm-none-eabi/13.3.1/thumb/v7e-m+fp/hard/crtbegin.o
 .text.register_tm_clones
                0x0800123c       0x24 C:/Program Files (x86)/Arm GNU Toolchain arm-none-eabi/13.3 rel1/bin/../lib/gcc/arm-none-eabi/13.3.1/thumb/v7e-m+fp/hard/crtbegin.o
 .text.__do_global_dtors_aux
                0x08001260       0x28 C:/Program Files (x86)/Arm GNU Toolchain arm-none-eabi/13.3 rel1/bin/../lib/gcc/arm-none-eabi/13.3.1/thumb/v7e-m+fp/hard/crtbegin.o
 .text.frame_dummy
                0x08001288       0x24 C:/Program Files (x86)/Arm GNU Toolchain arm-none-eabi/13.3 rel1/bin/../lib/gcc/arm-none-eabi/13.3.1/thumb/v7e-m+fp/hard/crtbegin.o
 .text.SetSysClock
                0x080012ac       0xec build/system_stm32f4xx.o
 .text.SystemInit
                0x08001398       0x50 build/system_stm32f4xx.o
                0x08001398                SystemInit
 .text.NMI_Handler
                0x080013e8        0x2 build/stm32f4xx_it.o
                0x080013e8                NMI_Handler
 .text.HardFault_Handler
                0x080013ea        0x2 build/stm32f4xx_it.o
                0x080013ea                HardFault_Handler
 .text.MemManage_Handler
                0x080013ec        0x2 build/stm32f4xx_it.o
                0x080013ec                MemManage_Handler
 .text.BusFault_Handler
                0x080013ee        0x2 build/stm32f4xx_it.o
                0x080013ee                BusFault_Handler
 .text.UsageFault_Handler
                0x080013f0        0x2 build/stm32f4xx_it.o
                0x080013f0                UsageFault_Handler
 .text.SVC_Handler
                0x080013f2        0x2 build/stm32f4xx_it.o
                0x080013f2                SVC_Handler
 .text.DebugMon_Handler
                0x080013f4        0x2 build/stm32f4xx_it.o
                0x080013f4                DebugMon_Handler
 .text.PendSV_Handler
                0x080013f6        0x2 build/stm32f4xx_it.o
                0x080013f6                PendSV_Handler
 .text.system_init
                0x080013f8       0xa8 build/main.o
                0x080013f8                system_init
 .text.button_response
                0x080014a0       0x58 build/main.o
                0x080014a0                button_response
 .text.delay_init
                0x080014f8       0x2c build/delay.o
                0x080014f8                delay_init
 .text.delay_us
                0x08001524       0x40 build/delay.o
                0x08001524                delay_us
 .text.delay_xms
                0x08001564       0x40 build/delay.o
                0x08001564                delay_xms
 .text.delay_ms
                0x080015a4       0x38 build/delay.o
                0x080015a4                delay_ms
 .text.sys_gpio_set
                0x080015dc       0x8c build/sys.o
                0x080015dc                sys_gpio_set
 .text.sys_gpio_pin_set
                0x08001668       0x18 build/sys.o
                0x08001668                sys_gpio_pin_set
 .text.sys_gpio_pin_get
                0x08001680        0xe build/sys.o
                0x08001680                sys_gpio_pin_get
 *fill*         0x0800168e        0x2 
 .text.uart_init
                0x08001690       0xe0 build/usart.o
                0x08001690                uart_init
 .text.USART1_IRQHandler
                0x08001770       0x70 build/usart.o
                0x08001770                USART1_IRQHandler
 .text.USART1_SEND_DATA_U8
                0x080017e0       0x14 build/usart.o
                0x080017e0                USART1_SEND_DATA_U8
 .text.printf   0x080017f4       0x32 build/usart.o
                0x080017f4                printf
 *fill*         0x08001826        0x2 
 .text.MY_NVIC_PriorityGroupConfig
                0x08001828       0x28 build/bank.o
                0x08001828                MY_NVIC_PriorityGroupConfig
 .text.GPIO_Set
                0x08001850       0x8e build/bank.o
                0x08001850                GPIO_Set
 .text.GPIO_AF_Set
                0x080018de       0x32 build/bank.o
                0x080018de                GPIO_AF_Set
 .text.MY_NVIC_Init
                0x08001910       0x50 build/bank.o
                0x08001910                MY_NVIC_Init
 .text.LCD_DrawPoint
                0x08001960       0x1c build/lcd.o
                0x08001960                LCD_DrawPoint
 .text.LCD_Display_Dir
                0x0800197c       0x28 build/lcd.o
                0x0800197c                LCD_Display_Dir
 .text.LCD_Clear
                0x080019a4       0x14 build/lcd.o
                0x080019a4                LCD_Clear
 .text.LCD_Init
                0x080019b8       0x7c build/lcd.o
                0x080019b8                LCD_Init
 .text.LCD_DrawLine
                0x08001a34       0x9e build/lcd.o
                0x08001a34                LCD_DrawLine
 .text.LCD_DrawRectangle
                0x08001ad2       0x3e build/lcd.o
                0x08001ad2                LCD_DrawRectangle
 .text.LCD_ShowChar
                0x08001b10      0x170 build/lcd.o
                0x08001b10                LCD_ShowChar
 .text.Printf   0x08001c80       0x6e build/lcd.o
                0x08001c80                Printf
 *fill*         0x08001cee        0x2 
 .text.LTDC_Switch
                0x08001cf0       0x24 build/ltdc.o
                0x08001cf0                LTDC_Switch
 .text.LTDC_Layer_Switch
                0x08001d14       0x54 build/ltdc.o
                0x08001d14                LTDC_Layer_Switch
 .text.LTDC_Select_Layer
                0x08001d68        0xc build/ltdc.o
                0x08001d68                LTDC_Select_Layer
 .text.LTDC_Display_Dir
                0x08001d74       0x28 build/ltdc.o
                0x08001d74                LTDC_Display_Dir
 .text.LTDC_Draw_Point
                0x08001d9c       0x4c build/ltdc.o
                0x08001d9c                LTDC_Draw_Point
 .text.LTDC_Fill
                0x08001de8       0xb8 build/ltdc.o
                0x08001de8                LTDC_Fill
 .text.LTDC_Clear
                0x08001ea0       0x28 build/ltdc.o
                0x08001ea0                LTDC_Clear
 .text.LTDC_Clk_Set
                0x08001ec8       0x90 build/ltdc.o
                0x08001ec8                LTDC_Clk_Set
 .text.LTDC_Layer_Window_Config
                0x08001f58      0x104 build/ltdc.o
                0x08001f58                LTDC_Layer_Window_Config
 .text.LTDC_Layer_Parameter_Config
                0x0800205c       0x54 build/ltdc.o
                0x0800205c                LTDC_Layer_Parameter_Config
 .text.LTDC_PanelID_Read
                0x080020b0       0x98 build/ltdc.o
                0x080020b0                LTDC_PanelID_Read
 .text.LTDC_Init
                0x08002148      0x278 build/ltdc.o
                0x08002148                LTDC_Init
 .text.SDRAM_Send_Cmd
                0x080023c0       0x38 build/sdram.o
                0x080023c0                SDRAM_Send_Cmd
 .text.SDRAM_Init
                0x080023f8      0x27c build/sdram.o
                0x080023f8                SDRAM_Init
 .text.gt9xxx_wr_reg
                0x08002674       0x50 build/gt9xxx.o
                0x08002674                gt9xxx_wr_reg
 .text.gt9xxx_rd_reg
                0x080026c4       0x58 build/gt9xxx.o
                0x080026c4                gt9xxx_rd_reg
 .text.gt9xxx_scan
                0x0800271c      0x2a4 build/gt9xxx.o
                0x0800271c                gt9xxx_scan
 .text.gt9xxx_init
                0x080029c0      0x154 build/gt9xxx.o
                0x080029c0                gt9xxx_init
 .text.ct_iic_delay
                0x08002b14        0xa build/ctiic.o
 *fill*         0x08002b1e        0x2 
 .text.ct_iic_start
                0x08002b20       0x44 build/ctiic.o
                0x08002b20                ct_iic_start
 .text.ct_iic_stop
                0x08002b64       0x38 build/ctiic.o
                0x08002b64                ct_iic_stop
 .text.ct_iic_init
                0x08002b9c       0x4c build/ctiic.o
                0x08002b9c                ct_iic_init
 .text.ct_iic_wait_ack
                0x08002be8       0x5c build/ctiic.o
                0x08002be8                ct_iic_wait_ack
 .text.ct_iic_ack
                0x08002c44       0x48 build/ctiic.o
                0x08002c44                ct_iic_ack
 .text.ct_iic_nack
                0x08002c8c       0x38 build/ctiic.o
                0x08002c8c                ct_iic_nack
 .text.ct_iic_send_byte
                0x08002cc4       0x50 build/ctiic.o
                0x08002cc4                ct_iic_send_byte
 .text.ct_iic_read_byte
                0x08002d14       0x5c build/ctiic.o
                0x08002d14                ct_iic_read_byte
 .text.tp_write_byte
                0x08002d70       0x58 build/touch.o
 .text.tp_read_ad
                0x08002dc8       0xbc build/touch.o
 .text.tp_read_xoy
                0x08002e84       0x98 build/touch.o
 .text.tp_init  0x08002f1c       0x3c build/touch.o
                0x08002f1c                tp_init
 .text.tp_read_xy
                0x08002f58       0x40 build/touch.o
                0x08002f58                tp_read_xy
 .text.tp_read_xy2
                0x08002f98       0x84 build/touch.o
 .text.tp_scan  0x0800301c       0xf0 build/touch.o
                0x0800301c                tp_scan
 .text.Button_check
                0x0800310c      0x100 build/GUILib.o
                0x0800310c                Button_check
 .text.Reset_Handler
                0x0800320c       0x50 build/startup_stm32f429xx.o
                0x0800320c                Reset_Handler
 .text.Default_Handler
                0x0800325c        0x2 build/startup_stm32f429xx.o
                0x0800325c                RTC_Alarm_IRQHandler
                0x0800325c                HASH_RNG_IRQHandler
                0x0800325c                EXTI2_IRQHandler
                0x0800325c                TIM8_CC_IRQHandler
                0x0800325c                UART8_IRQHandler
                0x0800325c                SPI4_IRQHandler
                0x0800325c                TIM1_CC_IRQHandler
                0x0800325c                DMA2_Stream5_IRQHandler
                0x0800325c                DMA1_Stream5_IRQHandler
                0x0800325c                SysTick_Handler
                0x0800325c                PVD_IRQHandler
                0x0800325c                SDIO_IRQHandler
                0x0800325c                TAMP_STAMP_IRQHandler
                0x0800325c                CAN2_RX1_IRQHandler
                0x0800325c                EXTI3_IRQHandler
                0x0800325c                TIM8_TRG_COM_TIM14_IRQHandler
                0x0800325c                TIM1_UP_TIM10_IRQHandler
                0x0800325c                TIM8_UP_TIM13_IRQHandler
                0x0800325c                I2C3_ER_IRQHandler
                0x0800325c                EXTI0_IRQHandler
                0x0800325c                I2C2_EV_IRQHandler
                0x0800325c                DMA1_Stream2_IRQHandler
                0x0800325c                CAN1_RX0_IRQHandler
                0x0800325c                FPU_IRQHandler
                0x0800325c                OTG_HS_WKUP_IRQHandler
                0x0800325c                LTDC_ER_IRQHandler
                0x0800325c                CAN2_SCE_IRQHandler
                0x0800325c                DMA2_Stream2_IRQHandler
                0x0800325c                SPI1_IRQHandler
                0x0800325c                TIM6_DAC_IRQHandler
                0x0800325c                TIM1_BRK_TIM9_IRQHandler
                0x0800325c                DCMI_IRQHandler
                0x0800325c                CAN2_RX0_IRQHandler
                0x0800325c                DMA2_Stream3_IRQHandler
                0x0800325c                USART6_IRQHandler
                0x0800325c                USART3_IRQHandler
                0x0800325c                CAN1_RX1_IRQHandler
                0x0800325c                UART5_IRQHandler
                0x0800325c                DMA2_Stream0_IRQHandler
                0x0800325c                TIM4_IRQHandler
                0x0800325c                I2C1_EV_IRQHandler
                0x0800325c                DMA1_Stream6_IRQHandler
                0x0800325c                DMA1_Stream1_IRQHandler
                0x0800325c                UART4_IRQHandler
                0x0800325c                TIM3_IRQHandler
                0x0800325c                RCC_IRQHandler
                0x0800325c                TIM8_BRK_TIM12_IRQHandler
                0x0800325c                Default_Handler
                0x0800325c                EXTI15_10_IRQHandler
                0x0800325c                ADC_IRQHandler
                0x0800325c                DMA1_Stream7_IRQHandler
                0x0800325c                SPI5_IRQHandler
                0x0800325c                TIM7_IRQHandler
                0x0800325c                CAN2_TX_IRQHandler
                0x0800325c                TIM5_IRQHandler
                0x0800325c                DMA2_Stream7_IRQHandler
                0x0800325c                I2C3_EV_IRQHandler
                0x0800325c                EXTI9_5_IRQHandler
                0x0800325c                RTC_WKUP_IRQHandler
                0x0800325c                LTDC_IRQHandler
                0x0800325c                ETH_WKUP_IRQHandler
                0x0800325c                SPI2_IRQHandler
                0x0800325c                OTG_HS_EP1_IN_IRQHandler
                0x0800325c                DMA1_Stream0_IRQHandler
                0x0800325c                CAN1_TX_IRQHandler
                0x0800325c                EXTI4_IRQHandler
                0x0800325c                ETH_IRQHandler
                0x0800325c                OTG_HS_EP1_OUT_IRQHandler
                0x0800325c                WWDG_IRQHandler
                0x0800325c                SPI6_IRQHandler
                0x0800325c                TIM2_IRQHandler
                0x0800325c                OTG_FS_WKUP_IRQHandler
                0x0800325c                TIM1_TRG_COM_TIM11_IRQHandler
                0x0800325c                OTG_HS_IRQHandler
                0x0800325c                DMA2D_IRQHandler
                0x0800325c                EXTI1_IRQHandler
                0x0800325c                UART7_IRQHandler
                0x0800325c                USART2_IRQHandler
                0x0800325c                I2C2_ER_IRQHandler
                0x0800325c                DMA2_Stream1_IRQHandler
                0x0800325c                CAN1_SCE_IRQHandler
                0x0800325c                FLASH_IRQHandler
                0x0800325c                DMA2_Stream4_IRQHandler
                0x0800325c                OTG_FS_IRQHandler
                0x0800325c                SPI3_IRQHandler
                0x0800325c                DMA1_Stream4_IRQHandler
                0x0800325c                I2C1_ER_IRQHandler
                0x0800325c                FMC_IRQHandler
                0x0800325c                DMA2_Stream6_IRQHandler
                0x0800325c                SAI1_IRQHandler
                0x0800325c                DMA1_Stream3_IRQHandler
 *fill*         0x0800325e        0x2 
 .text.stdio_exit_handler
                0x08003260       0x18 C:/Program Files (x86)/Arm GNU Toolchain arm-none-eabi/13.3 rel1/bin/../lib/gcc/arm-none-eabi/13.3.1/thumb/v7e-m+fp/hard\libc.a(libc_a-findfp.o)
 .text.cleanup_stdio
                0x08003278       0x40 C:/Program Files (x86)/Arm GNU Toolchain arm-none-eabi/13.3 rel1/bin/../lib/gcc/arm-none-eabi/13.3.1/thumb/v7e-m+fp/hard\libc.a(libc_a-findfp.o)
 .text.global_stdio_init.part.0
                0x080032b8       0xf0 C:/Program Files (x86)/Arm GNU Toolchain arm-none-eabi/13.3 rel1/bin/../lib/gcc/arm-none-eabi/13.3.1/thumb/v7e-m+fp/hard\libc.a(libc_a-findfp.o)
 .text.__sinit  0x080033a8       0x3c C:/Program Files (x86)/Arm GNU Toolchain arm-none-eabi/13.3 rel1/bin/../lib/gcc/arm-none-eabi/13.3.1/thumb/v7e-m+fp/hard\libc.a(libc_a-findfp.o)
                0x080033a8                __sinit
 .text.__sfp_lock_acquire
                0x080033e4        0xc C:/Program Files (x86)/Arm GNU Toolchain arm-none-eabi/13.3 rel1/bin/../lib/gcc/arm-none-eabi/13.3.1/thumb/v7e-m+fp/hard\libc.a(libc_a-findfp.o)
                0x080033e4                __sfp_lock_acquire
 .text.__sfp_lock_release
                0x080033f0        0xc C:/Program Files (x86)/Arm GNU Toolchain arm-none-eabi/13.3 rel1/bin/../lib/gcc/arm-none-eabi/13.3.1/thumb/v7e-m+fp/hard\libc.a(libc_a-findfp.o)
                0x080033f0                __sfp_lock_release
 .text._fwalk_sglue
                0x080033fc       0x44 C:/Program Files (x86)/Arm GNU Toolchain arm-none-eabi/13.3 rel1/bin/../lib/gcc/arm-none-eabi/13.3.1/thumb/v7e-m+fp/hard\libc.a(libc_a-fwalk.o)
                0x080033fc                _fwalk_sglue
 .text.__sread  0x08003440       0x24 C:/Program Files (x86)/Arm GNU Toolchain arm-none-eabi/13.3 rel1/bin/../lib/gcc/arm-none-eabi/13.3.1/thumb/v7e-m+fp/hard\libc.a(libc_a-stdio.o)
                0x08003440                __sread
 .text.__swrite
                0x08003464       0x40 C:/Program Files (x86)/Arm GNU Toolchain arm-none-eabi/13.3 rel1/bin/../lib/gcc/arm-none-eabi/13.3.1/thumb/v7e-m+fp/hard\libc.a(libc_a-stdio.o)
                0x08003464                __swrite
 .text.__sseek  0x080034a4       0x24 C:/Program Files (x86)/Arm GNU Toolchain arm-none-eabi/13.3 rel1/bin/../lib/gcc/arm-none-eabi/13.3.1/thumb/v7e-m+fp/hard\libc.a(libc_a-stdio.o)
                0x080034a4                __sseek
 .text.__sclose
                0x080034c8        0x8 C:/Program Files (x86)/Arm GNU Toolchain arm-none-eabi/13.3 rel1/bin/../lib/gcc/arm-none-eabi/13.3.1/thumb/v7e-m+fp/hard\libc.a(libc_a-stdio.o)
                0x080034c8                __sclose
 .text.vsprintf
                0x080034d0       0x38 C:/Program Files (x86)/Arm GNU Toolchain arm-none-eabi/13.3 rel1/bin/../lib/gcc/arm-none-eabi/13.3.1/thumb/v7e-m+fp/hard\libc.a(libc_a-vsprintf.o)
                0x080034d0                vsprintf
 .text.memset   0x08003508       0xa4 C:/Program Files (x86)/Arm GNU Toolchain arm-none-eabi/13.3 rel1/bin/../lib/gcc/arm-none-eabi/13.3.1/thumb/v7e-m+fp/hard\libc.a(libc_a-memset.o)
                0x08003508                memset
 .text._close_r
                0x080035ac       0x24 C:/Program Files (x86)/Arm GNU Toolchain arm-none-eabi/13.3 rel1/bin/../lib/gcc/arm-none-eabi/13.3.1/thumb/v7e-m+fp/hard\libc.a(libc_a-closer.o)
                0x080035ac                _close_r
 .text._lseek_r
                0x080035d0       0x2c C:/Program Files (x86)/Arm GNU Toolchain arm-none-eabi/13.3 rel1/bin/../lib/gcc/arm-none-eabi/13.3.1/thumb/v7e-m+fp/hard\libc.a(libc_a-lseekr.o)
                0x080035d0                _lseek_r
 .text._read_r  0x080035fc       0x2c C:/Program Files (x86)/Arm GNU Toolchain arm-none-eabi/13.3 rel1/bin/../lib/gcc/arm-none-eabi/13.3.1/thumb/v7e-m+fp/hard\libc.a(libc_a-readr.o)
                0x080035fc                _read_r
 .text._write_r
                0x08003628       0x2c C:/Program Files (x86)/Arm GNU Toolchain arm-none-eabi/13.3 rel1/bin/../lib/gcc/arm-none-eabi/13.3.1/thumb/v7e-m+fp/hard\libc.a(libc_a-writer.o)
                0x08003628                _write_r
 .text.__libc_init_array
                0x08003654       0x50 C:/Program Files (x86)/Arm GNU Toolchain arm-none-eabi/13.3 rel1/bin/../lib/gcc/arm-none-eabi/13.3.1/thumb/v7e-m+fp/hard\libc.a(libc_a-init.o)
                0x08003654                __libc_init_array
 .text.__retarget_lock_init_recursive
                0x080036a4        0x4 C:/Program Files (x86)/Arm GNU Toolchain arm-none-eabi/13.3 rel1/bin/../lib/gcc/arm-none-eabi/13.3.1/thumb/v7e-m+fp/hard\libc.a(libc_a-lock.o)
                0x080036a4                __retarget_lock_init_recursive
 .text.__retarget_lock_close_recursive
                0x080036a8        0x4 C:/Program Files (x86)/Arm GNU Toolchain arm-none-eabi/13.3 rel1/bin/../lib/gcc/arm-none-eabi/13.3.1/thumb/v7e-m+fp/hard\libc.a(libc_a-lock.o)
                0x080036a8                __retarget_lock_close_recursive
 .text.__retarget_lock_acquire_recursive
                0x080036ac        0x4 C:/Program Files (x86)/Arm GNU Toolchain arm-none-eabi/13.3 rel1/bin/../lib/gcc/arm-none-eabi/13.3.1/thumb/v7e-m+fp/hard\libc.a(libc_a-lock.o)
                0x080036ac                __retarget_lock_acquire_recursive
 .text.__retarget_lock_release_recursive
                0x080036b0        0x4 C:/Program Files (x86)/Arm GNU Toolchain arm-none-eabi/13.3 rel1/bin/../lib/gcc/arm-none-eabi/13.3.1/thumb/v7e-m+fp/hard\libc.a(libc_a-lock.o)
                0x080036b0                __retarget_lock_release_recursive
 .text.startup.register_fini
                0x080036b4       0x14 C:/Program Files (x86)/Arm GNU Toolchain arm-none-eabi/13.3 rel1/bin/../lib/gcc/arm-none-eabi/13.3.1/thumb/v7e-m+fp/hard\libc.a(libc_a-__call_atexit.o)
 .text.atexit   0x080036c8        0xc C:/Program Files (x86)/Arm GNU Toolchain arm-none-eabi/13.3 rel1/bin/../lib/gcc/arm-none-eabi/13.3.1/thumb/v7e-m+fp/hard\libc.a(libc_a-atexit.o)
                0x080036c8                atexit
 .text._malloc_trim_r
                0x080036d4       0xb8 C:/Program Files (x86)/Arm GNU Toolchain arm-none-eabi/13.3 rel1/bin/../lib/gcc/arm-none-eabi/13.3.1/thumb/v7e-m+fp/hard\libc.a(libc_a-freer.o)
                0x080036d4                _malloc_trim_r
 .text._free_r  0x0800378c      0x1f8 C:/Program Files (x86)/Arm GNU Toolchain arm-none-eabi/13.3 rel1/bin/../lib/gcc/arm-none-eabi/13.3.1/thumb/v7e-m+fp/hard\libc.a(libc_a-freer.o)
                0x0800378c                _free_r
 .text._malloc_r
                0x08003984      0x564 C:/Program Files (x86)/Arm GNU Toolchain arm-none-eabi/13.3 rel1/bin/../lib/gcc/arm-none-eabi/13.3.1/thumb/v7e-m+fp/hard\libc.a(libc_a-mallocr.o)
                0x08003984                _malloc_r
 .text.__malloc_lock
                0x08003ee8        0xc C:/Program Files (x86)/Arm GNU Toolchain arm-none-eabi/13.3 rel1/bin/../lib/gcc/arm-none-eabi/13.3.1/thumb/v7e-m+fp/hard\libc.a(libc_a-mlock.o)
                0x08003ee8                __malloc_lock
 .text.__malloc_unlock
                0x08003ef4        0xc C:/Program Files (x86)/Arm GNU Toolchain arm-none-eabi/13.3 rel1/bin/../lib/gcc/arm-none-eabi/13.3.1/thumb/v7e-m+fp/hard\libc.a(libc_a-mlock.o)
                0x08003ef4                __malloc_unlock
 .text._svfprintf_r
                0x08003f00     0x1b3c C:/Program Files (x86)/Arm GNU Toolchain arm-none-eabi/13.3 rel1/bin/../lib/gcc/arm-none-eabi/13.3.1/thumb/v7e-m+fp/hard\libc.a(libc_a-svfprintf.o)
                0x08003f00                _svfprintf_r
 .text.__ssprint_r
                0x08005a3c       0x58 C:/Program Files (x86)/Arm GNU Toolchain arm-none-eabi/13.3 rel1/bin/../lib/gcc/arm-none-eabi/13.3.1/thumb/v7e-m+fp/hard\libc.a(libc_a-ssprint_r.o)
                0x08005a3c                __ssprint_r
 .text._fclose_r
                0x08005a94       0xc0 C:/Program Files (x86)/Arm GNU Toolchain arm-none-eabi/13.3 rel1/bin/../lib/gcc/arm-none-eabi/13.3.1/thumb/v7e-m+fp/hard\libc.a(libc_a-fclose.o)
                0x08005a94                _fclose_r
 .text.__sflush_r
                0x08005b54      0x138 C:/Program Files (x86)/Arm GNU Toolchain arm-none-eabi/13.3 rel1/bin/../lib/gcc/arm-none-eabi/13.3.1/thumb/v7e-m+fp/hard\libc.a(libc_a-fflush.o)
                0x08005b54                __sflush_r
 .text._fflush_r
                0x08005c8c       0x54 C:/Program Files (x86)/Arm GNU Toolchain arm-none-eabi/13.3 rel1/bin/../lib/gcc/arm-none-eabi/13.3.1/thumb/v7e-m+fp/hard\libc.a(libc_a-fflush.o)
                0x08005c8c                _fflush_r
 .text.strncpy  0x08005ce0       0x68 C:/Program Files (x86)/Arm GNU Toolchain arm-none-eabi/13.3 rel1/bin/../lib/gcc/arm-none-eabi/13.3.1/thumb/v7e-m+fp/hard\libc.a(libc_a-strncpy.o)
                0x08005ce0                strncpy
 .text.__locale_mb_cur_max
                0x08005d48        0xc C:/Program Files (x86)/Arm GNU Toolchain arm-none-eabi/13.3 rel1/bin/../lib/gcc/arm-none-eabi/13.3.1/thumb/v7e-m+fp/hard\libc.a(libc_a-locale.o)
                0x08005d48                __locale_mb_cur_max
 .text._localeconv_r
                0x08005d54        0x8 C:/Program Files (x86)/Arm GNU Toolchain arm-none-eabi/13.3 rel1/bin/../lib/gcc/arm-none-eabi/13.3.1/thumb/v7e-m+fp/hard\libc.a(libc_a-localeconv.o)
                0x08005d54                _localeconv_r
 .text._sbrk_r  0x08005d5c       0x24 C:/Program Files (x86)/Arm GNU Toolchain arm-none-eabi/13.3 rel1/bin/../lib/gcc/arm-none-eabi/13.3.1/thumb/v7e-m+fp/hard\libc.a(libc_a-sbrkr.o)
                0x08005d5c                _sbrk_r
 .text.__libc_fini_array
                0x08005d80       0x28 C:/Program Files (x86)/Arm GNU Toolchain arm-none-eabi/13.3 rel1/bin/../lib/gcc/arm-none-eabi/13.3.1/thumb/v7e-m+fp/hard\libc.a(libc_a-fini.o)
                0x08005d80                __libc_fini_array
 .text.sysconf  0x08005da8       0x1c C:/Program Files (x86)/Arm GNU Toolchain arm-none-eabi/13.3 rel1/bin/../lib/gcc/arm-none-eabi/13.3.1/thumb/v7e-m+fp/hard\libc.a(libc_a-sysconf.o)
                0x08005da8                sysconf
 .text.frexp    0x08005dc4       0x64 C:/Program Files (x86)/Arm GNU Toolchain arm-none-eabi/13.3 rel1/bin/../lib/gcc/arm-none-eabi/13.3.1/thumb/v7e-m+fp/hard\libc.a(libm_a-s_frexp.o)
                0x08005dc4                frexp
 .text.__register_exitproc
                0x08005e28       0x80 C:/Program Files (x86)/Arm GNU Toolchain arm-none-eabi/13.3 rel1/bin/../lib/gcc/arm-none-eabi/13.3.1/thumb/v7e-m+fp/hard\libc.a(libc_a-__atexit.o)
                0x08005e28                __register_exitproc
 .text.quorem   0x08005ea8      0x12c C:/Program Files (x86)/Arm GNU Toolchain arm-none-eabi/13.3 rel1/bin/../lib/gcc/arm-none-eabi/13.3.1/thumb/v7e-m+fp/hard\libc.a(libc_a-dtoa.o)
 *fill*         0x08005fd4        0x4 
 .text._dtoa_r  0x08005fd8      0xe80 C:/Program Files (x86)/Arm GNU Toolchain arm-none-eabi/13.3 rel1/bin/../lib/gcc/arm-none-eabi/13.3.1/thumb/v7e-m+fp/hard\libc.a(libc_a-dtoa.o)
                0x08005fd8                _dtoa_r
 .text.__ascii_mbtowc
                0x08006e58       0x2c C:/Program Files (x86)/Arm GNU Toolchain arm-none-eabi/13.3 rel1/bin/../lib/gcc/arm-none-eabi/13.3.1/thumb/v7e-m+fp/hard\libc.a(libc_a-mbtowc_r.o)
                0x08006e58                __ascii_mbtowc
 .text._Balloc  0x08006e84       0x4c C:/Program Files (x86)/Arm GNU Toolchain arm-none-eabi/13.3 rel1/bin/../lib/gcc/arm-none-eabi/13.3.1/thumb/v7e-m+fp/hard\libc.a(libc_a-mprec.o)
                0x08006e84                _Balloc
 .text._Bfree   0x08006ed0       0x14 C:/Program Files (x86)/Arm GNU Toolchain arm-none-eabi/13.3 rel1/bin/../lib/gcc/arm-none-eabi/13.3.1/thumb/v7e-m+fp/hard\libc.a(libc_a-mprec.o)
                0x08006ed0                _Bfree
 .text.__multadd
                0x08006ee4       0xa0 C:/Program Files (x86)/Arm GNU Toolchain arm-none-eabi/13.3 rel1/bin/../lib/gcc/arm-none-eabi/13.3.1/thumb/v7e-m+fp/hard\libc.a(libc_a-mprec.o)
                0x08006ee4                __multadd
 .text.__hi0bits
                0x08006f84       0x44 C:/Program Files (x86)/Arm GNU Toolchain arm-none-eabi/13.3 rel1/bin/../lib/gcc/arm-none-eabi/13.3.1/thumb/v7e-m+fp/hard\libc.a(libc_a-mprec.o)
                0x08006f84                __hi0bits
 .text.__lo0bits
                0x08006fc8       0x60 C:/Program Files (x86)/Arm GNU Toolchain arm-none-eabi/13.3 rel1/bin/../lib/gcc/arm-none-eabi/13.3.1/thumb/v7e-m+fp/hard\libc.a(libc_a-mprec.o)
                0x08006fc8                __lo0bits
 .text.__i2b    0x08007028       0x5c C:/Program Files (x86)/Arm GNU Toolchain arm-none-eabi/13.3 rel1/bin/../lib/gcc/arm-none-eabi/13.3.1/thumb/v7e-m+fp/hard\libc.a(libc_a-mprec.o)
                0x08007028                __i2b
 .text.__multiply
                0x08007084      0x16c C:/Program Files (x86)/Arm GNU Toolchain arm-none-eabi/13.3 rel1/bin/../lib/gcc/arm-none-eabi/13.3.1/thumb/v7e-m+fp/hard\libc.a(libc_a-mprec.o)
                0x08007084                __multiply
 .text.__pow5mult
                0x080071f0       0xb4 C:/Program Files (x86)/Arm GNU Toolchain arm-none-eabi/13.3 rel1/bin/../lib/gcc/arm-none-eabi/13.3.1/thumb/v7e-m+fp/hard\libc.a(libc_a-mprec.o)
                0x080071f0                __pow5mult
 .text.__lshift
                0x080072a4       0xf0 C:/Program Files (x86)/Arm GNU Toolchain arm-none-eabi/13.3 rel1/bin/../lib/gcc/arm-none-eabi/13.3.1/thumb/v7e-m+fp/hard\libc.a(libc_a-mprec.o)
                0x080072a4                __lshift
 .text.__mcmp   0x08007394       0x44 C:/Program Files (x86)/Arm GNU Toolchain arm-none-eabi/13.3 rel1/bin/../lib/gcc/arm-none-eabi/13.3.1/thumb/v7e-m+fp/hard\libc.a(libc_a-mprec.o)
                0x08007394                __mcmp
 .text.__mdiff  0x080073d8      0x178 C:/Program Files (x86)/Arm GNU Toolchain arm-none-eabi/13.3 rel1/bin/../lib/gcc/arm-none-eabi/13.3.1/thumb/v7e-m+fp/hard\libc.a(libc_a-mprec.o)
                0x080073d8                __mdiff
 .text.__d2b    0x08007550       0xc0 C:/Program Files (x86)/Arm GNU Toolchain arm-none-eabi/13.3 rel1/bin/../lib/gcc/arm-none-eabi/13.3.1/thumb/v7e-m+fp/hard\libc.a(libc_a-mprec.o)
                0x08007550                __d2b
 .text.__ascii_wctomb
                0x08007610       0x1c C:/Program Files (x86)/Arm GNU Toolchain arm-none-eabi/13.3 rel1/bin/../lib/gcc/arm-none-eabi/13.3.1/thumb/v7e-m+fp/hard\libc.a(libc_a-wctomb_r.o)
                0x08007610                __ascii_wctomb
 .text._wcrtomb_r
                0x0800762c       0x4c C:/Program Files (x86)/Arm GNU Toolchain arm-none-eabi/13.3 rel1/bin/../lib/gcc/arm-none-eabi/13.3.1/thumb/v7e-m+fp/hard\libc.a(libc_a-wcrtomb.o)
                0x0800762c                _wcrtomb_r
 .text._wcsrtombs_r
                0x08007678       0x18 C:/Program Files (x86)/Arm GNU Toolchain arm-none-eabi/13.3 rel1/bin/../lib/gcc/arm-none-eabi/13.3.1/thumb/v7e-m+fp/hard\libc.a(libc_a-wcsrtombs.o)
                0x08007678                _wcsrtombs_r
 .text.__ssputs_r
                0x08007690       0xc0 C:/Program Files (x86)/Arm GNU Toolchain arm-none-eabi/13.3 rel1/bin/../lib/gcc/arm-none-eabi/13.3.1/thumb/v7e-m+fp/hard\libc.a(libc_a-ssputs_r.o)
                0x08007690                __ssputs_r
 .text.memmove  0x08007750      0x100 C:/Program Files (x86)/Arm GNU Toolchain arm-none-eabi/13.3 rel1/bin/../lib/gcc/arm-none-eabi/13.3.1/thumb/v7e-m+fp/hard\libc.a(libc_a-memmove.o)
                0x08007750                memmove
 .text.__errno  0x08007850        0xc C:/Program Files (x86)/Arm GNU Toolchain arm-none-eabi/13.3 rel1/bin/../lib/gcc/arm-none-eabi/13.3.1/thumb/v7e-m+fp/hard\libc.a(libc_a-errno.o)
                0x08007850                __errno
 .text.__assert_func
                0x0800785c       0x40 C:/Program Files (x86)/Arm GNU Toolchain arm-none-eabi/13.3 rel1/bin/../lib/gcc/arm-none-eabi/13.3.1/thumb/v7e-m+fp/hard\libc.a(libc_a-assert.o)
                0x0800785c                __assert_func
 .text._calloc_r
                0x0800789c       0x6c C:/Program Files (x86)/Arm GNU Toolchain arm-none-eabi/13.3 rel1/bin/../lib/gcc/arm-none-eabi/13.3.1/thumb/v7e-m+fp/hard\libc.a(libc_a-callocr.o)
                0x0800789c                _calloc_r
 .text._realloc_r
                0x08007908      0x344 C:/Program Files (x86)/Arm GNU Toolchain arm-none-eabi/13.3 rel1/bin/../lib/gcc/arm-none-eabi/13.3.1/thumb/v7e-m+fp/hard\libc.a(libc_a-reallocr.o)
                0x08007908                _realloc_r
 .text._wcsnrtombs_l
                0x08007c4c       0xfc C:/Program Files (x86)/Arm GNU Toolchain arm-none-eabi/13.3 rel1/bin/../lib/gcc/arm-none-eabi/13.3.1/thumb/v7e-m+fp/hard\libc.a(libc_a-wcsnrtombs.o)
                0x08007c4c                _wcsnrtombs_l
 .text._wcsnrtombs_r
                0x08007d48       0x24 C:/Program Files (x86)/Arm GNU Toolchain arm-none-eabi/13.3 rel1/bin/../lib/gcc/arm-none-eabi/13.3.1/thumb/v7e-m+fp/hard\libc.a(libc_a-wcsnrtombs.o)
                0x08007d48                _wcsnrtombs_r
 .text.fiprintf
                0x08007d6c       0x28 C:/Program Files (x86)/Arm GNU Toolchain arm-none-eabi/13.3 rel1/bin/../lib/gcc/arm-none-eabi/13.3.1/thumb/v7e-m+fp/hard\libc.a(libc_a-fiprintf.o)
                0x08007d6c                fiprintf
 .text._vfiprintf_r
                0x08007d94      0xe68 C:/Program Files (x86)/Arm GNU Toolchain arm-none-eabi/13.3 rel1/bin/../lib/gcc/arm-none-eabi/13.3.1/thumb/v7e-m+fp/hard\libc.a(libc_a-vfiprintf.o)
                0x08007d94                _vfiprintf_r
 .text.__sbprintf
                0x08008bfc       0x80 C:/Program Files (x86)/Arm GNU Toolchain arm-none-eabi/13.3 rel1/bin/../lib/gcc/arm-none-eabi/13.3.1/thumb/v7e-m+fp/hard\libc.a(libc_a-vfiprintf.o)
 .text.__sprint_r
                0x08008c7c       0x20 C:/Program Files (x86)/Arm GNU Toolchain arm-none-eabi/13.3 rel1/bin/../lib/gcc/arm-none-eabi/13.3.1/thumb/v7e-m+fp/hard\libc.a(libc_a-sprint_r.o)
                0x08008c7c                __sprint_r
 .text.__sfvwrite_r
                0x08008c9c      0x300 C:/Program Files (x86)/Arm GNU Toolchain arm-none-eabi/13.3 rel1/bin/../lib/gcc/arm-none-eabi/13.3.1/thumb/v7e-m+fp/hard\libc.a(libc_a-fvwrite.o)
                0x08008c9c                __sfvwrite_r
 .text.__swsetup_r
                0x08008f9c       0xc4 C:/Program Files (x86)/Arm GNU Toolchain arm-none-eabi/13.3 rel1/bin/../lib/gcc/arm-none-eabi/13.3.1/thumb/v7e-m+fp/hard\libc.a(libc_a-wsetup.o)
                0x08008f9c                __swsetup_r
 .text.abort    0x08009060       0x10 C:/Program Files (x86)/Arm GNU Toolchain arm-none-eabi/13.3 rel1/bin/../lib/gcc/arm-none-eabi/13.3.1/thumb/v7e-m+fp/hard\libc.a(libc_a-abort.o)
                0x08009060                abort
 .text.__smakebuf_r
                0x08009070       0xdc C:/Program Files (x86)/Arm GNU Toolchain arm-none-eabi/13.3 rel1/bin/../lib/gcc/arm-none-eabi/13.3.1/thumb/v7e-m+fp/hard\libc.a(libc_a-makebuf.o)
                0x08009070                __smakebuf_r
 .text.raise    0x0800914c       0x58 C:/Program Files (x86)/Arm GNU Toolchain arm-none-eabi/13.3 rel1/bin/../lib/gcc/arm-none-eabi/13.3.1/thumb/v7e-m+fp/hard\libc.a(libc_a-signal.o)
                0x0800914c                raise
 .text._fstat_r
                0x080091a4       0x2c C:/Program Files (x86)/Arm GNU Toolchain arm-none-eabi/13.3 rel1/bin/../lib/gcc/arm-none-eabi/13.3.1/thumb/v7e-m+fp/hard\libc.a(libc_a-fstatr.o)
                0x080091a4                _fstat_r
 .text._isatty_r
                0x080091d0       0x24 C:/Program Files (x86)/Arm GNU Toolchain arm-none-eabi/13.3 rel1/bin/../lib/gcc/arm-none-eabi/13.3.1/thumb/v7e-m+fp/hard\libc.a(libc_a-isattyr.o)
                0x080091d0                _isatty_r
 .text._kill_r  0x080091f4       0x2c C:/Program Files (x86)/Arm GNU Toolchain arm-none-eabi/13.3 rel1/bin/../lib/gcc/arm-none-eabi/13.3.1/thumb/v7e-m+fp/hard\libc.a(libc_a-signalr.o)
                0x080091f4                _kill_r
 .text._getpid_r
                0x08009220        0x4 C:/Program Files (x86)/Arm GNU Toolchain arm-none-eabi/13.3 rel1/bin/../lib/gcc/arm-none-eabi/13.3.1/thumb/v7e-m+fp/hard\libc.a(libc_a-signalr.o)
                0x08009220                _getpid_r
 .text.selfrel_offset31
                0x08009224       0x14 C:/Program Files (x86)/Arm GNU Toolchain arm-none-eabi/13.3 rel1/bin/../lib/gcc/arm-none-eabi/13.3.1/thumb/v7e-m+fp/hard\libgcc.a(unwind-arm.o)
 .text.search_EIT_table
                0x08009238       0x68 C:/Program Files (x86)/Arm GNU Toolchain arm-none-eabi/13.3 rel1/bin/../lib/gcc/arm-none-eabi/13.3.1/thumb/v7e-m+fp/hard\libgcc.a(unwind-arm.o)
 .text.__gnu_unwind_get_pr_addr
                0x080092a0       0x28 C:/Program Files (x86)/Arm GNU Toolchain arm-none-eabi/13.3 rel1/bin/../lib/gcc/arm-none-eabi/13.3.1/thumb/v7e-m+fp/hard\libgcc.a(unwind-arm.o)
 .text.get_eit_entry
                0x080092c8       0x98 C:/Program Files (x86)/Arm GNU Toolchain arm-none-eabi/13.3 rel1/bin/../lib/gcc/arm-none-eabi/13.3.1/thumb/v7e-m+fp/hard\libgcc.a(unwind-arm.o)
 .text.restore_non_core_regs
                0x08009360       0x58 C:/Program Files (x86)/Arm GNU Toolchain arm-none-eabi/13.3 rel1/bin/../lib/gcc/arm-none-eabi/13.3.1/thumb/v7e-m+fp/hard\libgcc.a(unwind-arm.o)
 .text._Unwind_decode_typeinfo_ptr.constprop.0
                0x080093b8        0xc C:/Program Files (x86)/Arm GNU Toolchain arm-none-eabi/13.3 rel1/bin/../lib/gcc/arm-none-eabi/13.3.1/thumb/v7e-m+fp/hard\libgcc.a(unwind-arm.o)
 .text._Unwind_DebugHook
                0x080093c4        0x4 C:/Program Files (x86)/Arm GNU Toolchain arm-none-eabi/13.3 rel1/bin/../lib/gcc/arm-none-eabi/13.3.1/thumb/v7e-m+fp/hard\libgcc.a(unwind-arm.o)
 .text.unwind_phase2
                0x080093c8       0x3c C:/Program Files (x86)/Arm GNU Toolchain arm-none-eabi/13.3 rel1/bin/../lib/gcc/arm-none-eabi/13.3.1/thumb/v7e-m+fp/hard\libgcc.a(unwind-arm.o)
 .text.unwind_phase2_forced
                0x08009404       0xd8 C:/Program Files (x86)/Arm GNU Toolchain arm-none-eabi/13.3 rel1/bin/../lib/gcc/arm-none-eabi/13.3.1/thumb/v7e-m+fp/hard\libgcc.a(unwind-arm.o)
 .text.__gnu_Unwind_RaiseException
                0x080094dc       0x68 C:/Program Files (x86)/Arm GNU Toolchain arm-none-eabi/13.3 rel1/bin/../lib/gcc/arm-none-eabi/13.3.1/thumb/v7e-m+fp/hard\libgcc.a(unwind-arm.o)
                0x080094dc                __gnu_Unwind_RaiseException
 .text.__gnu_Unwind_ForcedUnwind
                0x08009544       0x10 C:/Program Files (x86)/Arm GNU Toolchain arm-none-eabi/13.3 rel1/bin/../lib/gcc/arm-none-eabi/13.3.1/thumb/v7e-m+fp/hard\libgcc.a(unwind-arm.o)
                0x08009544                __gnu_Unwind_ForcedUnwind
 .text.__gnu_Unwind_Resume
                0x08009554       0x44 C:/Program Files (x86)/Arm GNU Toolchain arm-none-eabi/13.3 rel1/bin/../lib/gcc/arm-none-eabi/13.3.1/thumb/v7e-m+fp/hard\libgcc.a(unwind-arm.o)
                0x08009554                __gnu_Unwind_Resume
 .text.__gnu_Unwind_Resume_or_Rethrow
                0x08009598       0x14 C:/Program Files (x86)/Arm GNU Toolchain arm-none-eabi/13.3 rel1/bin/../lib/gcc/arm-none-eabi/13.3.1/thumb/v7e-m+fp/hard\libgcc.a(unwind-arm.o)
                0x08009598                __gnu_Unwind_Resume_or_Rethrow
 .text._Unwind_VRS_Get
                0x080095ac       0x34 C:/Program Files (x86)/Arm GNU Toolchain arm-none-eabi/13.3 rel1/bin/../lib/gcc/arm-none-eabi/13.3.1/thumb/v7e-m+fp/hard\libgcc.a(unwind-arm.o)
                0x080095ac                _Unwind_VRS_Get
 .text._Unwind_GetGR
                0x080095e0       0x1c C:/Program Files (x86)/Arm GNU Toolchain arm-none-eabi/13.3 rel1/bin/../lib/gcc/arm-none-eabi/13.3.1/thumb/v7e-m+fp/hard\libgcc.a(unwind-arm.o)
 .text._Unwind_VRS_Set
                0x080095fc       0x34 C:/Program Files (x86)/Arm GNU Toolchain arm-none-eabi/13.3 rel1/bin/../lib/gcc/arm-none-eabi/13.3.1/thumb/v7e-m+fp/hard\libgcc.a(unwind-arm.o)
                0x080095fc                _Unwind_VRS_Set
 .text._Unwind_SetGR
                0x08009630       0x18 C:/Program Files (x86)/Arm GNU Toolchain arm-none-eabi/13.3 rel1/bin/../lib/gcc/arm-none-eabi/13.3.1/thumb/v7e-m+fp/hard\libgcc.a(unwind-arm.o)
 .text.__gnu_Unwind_Backtrace
                0x08009648       0x84 C:/Program Files (x86)/Arm GNU Toolchain arm-none-eabi/13.3 rel1/bin/../lib/gcc/arm-none-eabi/13.3.1/thumb/v7e-m+fp/hard\libgcc.a(unwind-arm.o)
                0x08009648                __gnu_Unwind_Backtrace
 .text.__gnu_unwind_pr_common
                0x080096cc      0x2a4 C:/Program Files (x86)/Arm GNU Toolchain arm-none-eabi/13.3 rel1/bin/../lib/gcc/arm-none-eabi/13.3.1/thumb/v7e-m+fp/hard\libgcc.a(unwind-arm.o)
 .text.__aeabi_unwind_cpp_pr0
                0x08009970        0x8 C:/Program Files (x86)/Arm GNU Toolchain arm-none-eabi/13.3 rel1/bin/../lib/gcc/arm-none-eabi/13.3.1/thumb/v7e-m+fp/hard\libgcc.a(unwind-arm.o)
                0x08009970                __aeabi_unwind_cpp_pr0
 .text.__aeabi_unwind_cpp_pr1
                0x08009978        0x8 C:/Program Files (x86)/Arm GNU Toolchain arm-none-eabi/13.3 rel1/bin/../lib/gcc/arm-none-eabi/13.3.1/thumb/v7e-m+fp/hard\libgcc.a(unwind-arm.o)
                0x08009978                __aeabi_unwind_cpp_pr1
 .text.__aeabi_unwind_cpp_pr2
                0x08009980        0x8 C:/Program Files (x86)/Arm GNU Toolchain arm-none-eabi/13.3 rel1/bin/../lib/gcc/arm-none-eabi/13.3.1/thumb/v7e-m+fp/hard\libgcc.a(unwind-arm.o)
                0x08009980                __aeabi_unwind_cpp_pr2
 .text._Unwind_VRS_Pop
                0x08009988      0x2f0 C:/Program Files (x86)/Arm GNU Toolchain arm-none-eabi/13.3 rel1/bin/../lib/gcc/arm-none-eabi/13.3.1/thumb/v7e-m+fp/hard\libgcc.a(unwind-arm.o)
                0x08009988                _Unwind_VRS_Pop
 .text.next_unwind_byte
                0x08009c78       0x38 C:/Program Files (x86)/Arm GNU Toolchain arm-none-eabi/13.3 rel1/bin/../lib/gcc/arm-none-eabi/13.3.1/thumb/v7e-m+fp/hard\libgcc.a(pr-support.o)
 .text.__gnu_unwind_execute
                0x08009cb0      0x2fc C:/Program Files (x86)/Arm GNU Toolchain arm-none-eabi/13.3 rel1/bin/../lib/gcc/arm-none-eabi/13.3.1/thumb/v7e-m+fp/hard\libgcc.a(pr-support.o)
                0x08009cb0                __gnu_unwind_execute
 .text._close   0x08009fac       0x10 C:/Program Files (x86)/Arm GNU Toolchain arm-none-eabi/13.3 rel1/bin/../lib/gcc/arm-none-eabi/13.3.1/thumb/v7e-m+fp/hard\libnosys.a(close.o)
                0x08009fac                _close
 .text._fstat   0x08009fbc       0x10 C:/Program Files (x86)/Arm GNU Toolchain arm-none-eabi/13.3 rel1/bin/../lib/gcc/arm-none-eabi/13.3.1/thumb/v7e-m+fp/hard\libnosys.a(fstat.o)
                0x08009fbc                _fstat
 .text._getpid  0x08009fcc       0x10 C:/Program Files (x86)/Arm GNU Toolchain arm-none-eabi/13.3 rel1/bin/../lib/gcc/arm-none-eabi/13.3.1/thumb/v7e-m+fp/hard\libnosys.a(getpid.o)
                0x08009fcc                _getpid
 .text._isatty  0x08009fdc       0x10 C:/Program Files (x86)/Arm GNU Toolchain arm-none-eabi/13.3 rel1/bin/../lib/gcc/arm-none-eabi/13.3.1/thumb/v7e-m+fp/hard\libnosys.a(isatty.o)
                0x08009fdc                _isatty
 .text._kill    0x08009fec       0x10 C:/Program Files (x86)/Arm GNU Toolchain arm-none-eabi/13.3 rel1/bin/../lib/gcc/arm-none-eabi/13.3.1/thumb/v7e-m+fp/hard\libnosys.a(kill.o)
                0x08009fec                _kill
 .text._lseek   0x08009ffc       0x10 C:/Program Files (x86)/Arm GNU Toolchain arm-none-eabi/13.3 rel1/bin/../lib/gcc/arm-none-eabi/13.3.1/thumb/v7e-m+fp/hard\libnosys.a(lseek.o)
                0x08009ffc                _lseek
 .text._read    0x0800a00c       0x10 C:/Program Files (x86)/Arm GNU Toolchain arm-none-eabi/13.3 rel1/bin/../lib/gcc/arm-none-eabi/13.3.1/thumb/v7e-m+fp/hard\libnosys.a(read.o)
                0x0800a00c                _read
 .text._sbrk    0x0800a01c       0x1c C:/Program Files (x86)/Arm GNU Toolchain arm-none-eabi/13.3 rel1/bin/../lib/gcc/arm-none-eabi/13.3.1/thumb/v7e-m+fp/hard\libnosys.a(sbrk.o)
                0x0800a01c                _sbrk
 .text._write   0x0800a038       0x10 C:/Program Files (x86)/Arm GNU Toolchain arm-none-eabi/13.3 rel1/bin/../lib/gcc/arm-none-eabi/13.3.1/thumb/v7e-m+fp/hard\libnosys.a(write.o)
                0x0800a038                _write
 .text._exit    0x0800a048        0x4 C:/Program Files (x86)/Arm GNU Toolchain arm-none-eabi/13.3 rel1/bin/../lib/gcc/arm-none-eabi/13.3.1/thumb/v7e-m+fp/hard\libnosys.a(_exit.o)
                0x0800a048                _exit
 *(.glue_7)
 .glue_7        0x0800a04c        0x0 linker stubs
 *(.glue_7t)
 .glue_7t       0x0800a04c        0x0 linker stubs
 *(.eh_frame)
 .eh_frame      0x0800a04c        0x0 C:/Program Files (x86)/Arm GNU Toolchain arm-none-eabi/13.3 rel1/bin/../lib/gcc/arm-none-eabi/13.3.1/thumb/v7e-m+fp/hard/crtbegin.o
 *(.init)
 .init          0x0800a04c        0x4 C:/Program Files (x86)/Arm GNU Toolchain arm-none-eabi/13.3 rel1/bin/../lib/gcc/arm-none-eabi/13.3.1/thumb/v7e-m+fp/hard/crti.o
                0x0800a04c                _init
 .init          0x0800a050        0x8 C:/Program Files (x86)/Arm GNU Toolchain arm-none-eabi/13.3 rel1/bin/../lib/gcc/arm-none-eabi/13.3.1/thumb/v7e-m+fp/hard/crtn.o
 *(.fini)
 .fini          0x0800a058        0x4 C:/Program Files (x86)/Arm GNU Toolchain arm-none-eabi/13.3 rel1/bin/../lib/gcc/arm-none-eabi/13.3.1/thumb/v7e-m+fp/hard/crti.o
                0x0800a058                _fini
 .fini          0x0800a05c        0x8 C:/Program Files (x86)/Arm GNU Toolchain arm-none-eabi/13.3 rel1/bin/../lib/gcc/arm-none-eabi/13.3.1/thumb/v7e-m+fp/hard/crtn.o
                0x0800a064                        . = ALIGN (0x4)
                0x0800a064                        _etext = .

.vfp11_veneer   0x0800a064        0x0
 .vfp11_veneer  0x0800a064        0x0 linker stubs

.v4_bx          0x0800a064        0x0
 .v4_bx         0x0800a064        0x0 linker stubs

.iplt           0x0800a064        0x0
 .iplt          0x0800a064        0x0 C:/Program Files (x86)/Arm GNU Toolchain arm-none-eabi/13.3 rel1/bin/../lib/gcc/arm-none-eabi/13.3.1/thumb/v7e-m+fp/hard/crtbegin.o

.rodata         0x0800a068     0x4b84
                0x0800a068                        . = ALIGN (0x4)
 *(.rodata)
 *(.rodata*)
 .rodata.system_init.str1.4
                0x0800a068      0x1ef build/main.o
                                 0x16 (size before relaxing)
 .rodata.button_response.str1.4
                0x0800a257        0x5 build/main.o
 *fill*         0x0800a257        0x1 
 .rodata.asc2_3216
                0x0800a258     0x2f80 build/lcd.o
                0x0800a258                asc2_3216
 .rodata.asc2_2412
                0x0800d1d8      0xd5c build/lcd.o
                0x0800d1d8                asc2_2412
 .rodata.asc2_1608
                0x0800df34      0x5f0 build/lcd.o
                0x0800df34                asc2_1608
 .rodata.asc2_1206
                0x0800e524      0x474 build/lcd.o
                0x0800e524                asc2_1206
 .rodata.gt9xxx_init.str1.4
                0x0800e998       0x28 build/gt9xxx.o
 .rodata.GT9XXX_TPX_TBL
                0x0800e998       0x14 build/gt9xxx.o
                0x0800e998                GT9XXX_TPX_TBL
 .rodata._svfprintf_r.str1.4
                0x0800e9ac       0x42 C:/Program Files (x86)/Arm GNU Toolchain arm-none-eabi/13.3 rel1/bin/../lib/gcc/arm-none-eabi/13.3.1/thumb/v7e-m+fp/hard\libc.a(libc_a-svfprintf.o)
 .rodata.zeroes.0
                0x0800e9ac       0x10 C:/Program Files (x86)/Arm GNU Toolchain arm-none-eabi/13.3 rel1/bin/../lib/gcc/arm-none-eabi/13.3.1/thumb/v7e-m+fp/hard\libc.a(libc_a-svfprintf.o)
 .rodata.blanks.1
                0x0800e9bc       0x10 C:/Program Files (x86)/Arm GNU Toolchain arm-none-eabi/13.3 rel1/bin/../lib/gcc/arm-none-eabi/13.3.1/thumb/v7e-m+fp/hard\libc.a(libc_a-svfprintf.o)
 .rodata.str1.4
                0x0800e9cc       0x4c C:/Program Files (x86)/Arm GNU Toolchain arm-none-eabi/13.3 rel1/bin/../lib/gcc/arm-none-eabi/13.3.1/thumb/v7e-m+fp/hard\libc.a(libc_a-locale.o)
 .rodata._dtoa_r.str1.4
                0x0800e9cc       0x81 C:/Program Files (x86)/Arm GNU Toolchain arm-none-eabi/13.3 rel1/bin/../lib/gcc/arm-none-eabi/13.3.1/thumb/v7e-m+fp/hard\libc.a(libc_a-dtoa.o)
 .rodata.__multadd.str1.4
                0x0800e9cc       0x6e C:/Program Files (x86)/Arm GNU Toolchain arm-none-eabi/13.3 rel1/bin/../lib/gcc/arm-none-eabi/13.3.1/thumb/v7e-m+fp/hard\libc.a(libc_a-mprec.o)
 .rodata.p05.0  0x0800e9cc        0xc C:/Program Files (x86)/Arm GNU Toolchain arm-none-eabi/13.3 rel1/bin/../lib/gcc/arm-none-eabi/13.3.1/thumb/v7e-m+fp/hard\libc.a(libc_a-mprec.o)
 .rodata.__mprec_bigtens
                0x0800e9d8       0x28 C:/Program Files (x86)/Arm GNU Toolchain arm-none-eabi/13.3 rel1/bin/../lib/gcc/arm-none-eabi/13.3.1/thumb/v7e-m+fp/hard\libc.a(libc_a-mprec.o)
                0x0800e9d8                __mprec_bigtens
 .rodata.__mprec_tens
                0x0800ea00       0xc8 C:/Program Files (x86)/Arm GNU Toolchain arm-none-eabi/13.3 rel1/bin/../lib/gcc/arm-none-eabi/13.3.1/thumb/v7e-m+fp/hard\libc.a(libc_a-mprec.o)
                0x0800ea00                __mprec_tens
 .rodata._ctype_
                0x0800eac8      0x101 C:/Program Files (x86)/Arm GNU Toolchain arm-none-eabi/13.3 rel1/bin/../lib/gcc/arm-none-eabi/13.3.1/thumb/v7e-m+fp/hard\libc.a(libc_a-ctype_.o)
                0x0800eac8                _ctype_
 .rodata.__assert_func.str1.4
                0x0800ebc9       0x43 C:/Program Files (x86)/Arm GNU Toolchain arm-none-eabi/13.3 rel1/bin/../lib/gcc/arm-none-eabi/13.3.1/thumb/v7e-m+fp/hard\libc.a(libc_a-assert.o)
 .rodata._vfiprintf_r.str1.4
                0x0800ebc9       0x2f C:/Program Files (x86)/Arm GNU Toolchain arm-none-eabi/13.3 rel1/bin/../lib/gcc/arm-none-eabi/13.3.1/thumb/v7e-m+fp/hard\libc.a(libc_a-vfiprintf.o)
 *fill*         0x0800ebc9        0x3 
 .rodata.zeroes.0
                0x0800ebcc       0x10 C:/Program Files (x86)/Arm GNU Toolchain arm-none-eabi/13.3 rel1/bin/../lib/gcc/arm-none-eabi/13.3.1/thumb/v7e-m+fp/hard\libc.a(libc_a-vfiprintf.o)
 .rodata.blanks.1
                0x0800ebdc       0x10 C:/Program Files (x86)/Arm GNU Toolchain arm-none-eabi/13.3 rel1/bin/../lib/gcc/arm-none-eabi/13.3.1/thumb/v7e-m+fp/hard\libc.a(libc_a-vfiprintf.o)
                0x0800ebec                        . = ALIGN (0x4)

.ARM.extab
 *(.ARM.extab* .gnu.linkonce.armextab.*)

.ARM            0x0800ebec       0x98
                0x0800ebec                        __exidx_start = .
 *(.ARM.exidx*)
 .ARM.exidx     0x0800ebec        0x8 C:/Program Files (x86)/Arm GNU Toolchain arm-none-eabi/13.3 rel1/bin/../lib/gcc/arm-none-eabi/13.3.1/thumb/v7e-m+fp/hard\libc.a(libc_a-strcmp.o)
 .ARM.exidx     0x0800ebf4        0x0 C:/Program Files (x86)/Arm GNU Toolchain arm-none-eabi/13.3 rel1/bin/../lib/gcc/arm-none-eabi/13.3.1/thumb/v7e-m+fp/hard\libc.a(libc_a-memchr.o)
                                  0x8 (size before relaxing)
 .ARM.exidx     0x0800ebf4        0x0 C:/Program Files (x86)/Arm GNU Toolchain arm-none-eabi/13.3 rel1/bin/../lib/gcc/arm-none-eabi/13.3.1/thumb/v7e-m+fp/hard\libc.a(libc_a-strlen.o)
                                  0x8 (size before relaxing)
 .ARM.exidx     0x0800ebf4        0x0 C:/Program Files (x86)/Arm GNU Toolchain arm-none-eabi/13.3 rel1/bin/../lib/gcc/arm-none-eabi/13.3.1/thumb/v7e-m+fp/hard\libc.a(libc_a-memcpy.o)
                                  0x8 (size before relaxing)
 .ARM.exidx.text.Button_check
                0x0800ebf4       0x10 build/GUILib.o
                                  0x8 (size before relaxing)
 .ARM.exidx.text.selfrel_offset31
                0x0800ec04        0x0 C:/Program Files (x86)/Arm GNU Toolchain arm-none-eabi/13.3 rel1/bin/../lib/gcc/arm-none-eabi/13.3.1/thumb/v7e-m+fp/hard\libgcc.a(unwind-arm.o)
                                  0x8 (size before relaxing)
 .ARM.exidx.text.search_EIT_table
                0x0800ec04        0x0 C:/Program Files (x86)/Arm GNU Toolchain arm-none-eabi/13.3 rel1/bin/../lib/gcc/arm-none-eabi/13.3.1/thumb/v7e-m+fp/hard\libgcc.a(unwind-arm.o)
                                  0x8 (size before relaxing)
 .ARM.exidx.text.__gnu_unwind_get_pr_addr
                0x0800ec04        0x0 C:/Program Files (x86)/Arm GNU Toolchain arm-none-eabi/13.3 rel1/bin/../lib/gcc/arm-none-eabi/13.3.1/thumb/v7e-m+fp/hard\libgcc.a(unwind-arm.o)
                                  0x8 (size before relaxing)
 .ARM.exidx.text.get_eit_entry
                0x0800ec04        0x8 C:/Program Files (x86)/Arm GNU Toolchain arm-none-eabi/13.3 rel1/bin/../lib/gcc/arm-none-eabi/13.3.1/thumb/v7e-m+fp/hard\libgcc.a(unwind-arm.o)
 .ARM.exidx.text.restore_non_core_regs
                0x0800ec0c        0x8 C:/Program Files (x86)/Arm GNU Toolchain arm-none-eabi/13.3 rel1/bin/../lib/gcc/arm-none-eabi/13.3.1/thumb/v7e-m+fp/hard\libgcc.a(unwind-arm.o)
 .ARM.exidx.text._Unwind_decode_typeinfo_ptr.constprop.0
                0x0800ec14        0x8 C:/Program Files (x86)/Arm GNU Toolchain arm-none-eabi/13.3 rel1/bin/../lib/gcc/arm-none-eabi/13.3.1/thumb/v7e-m+fp/hard\libgcc.a(unwind-arm.o)
 .ARM.exidx.text._Unwind_DebugHook
                0x0800ec1c        0x0 C:/Program Files (x86)/Arm GNU Toolchain arm-none-eabi/13.3 rel1/bin/../lib/gcc/arm-none-eabi/13.3.1/thumb/v7e-m+fp/hard\libgcc.a(unwind-arm.o)
                                  0x8 (size before relaxing)
 .ARM.exidx.text.unwind_phase2
                0x0800ec1c        0x8 C:/Program Files (x86)/Arm GNU Toolchain arm-none-eabi/13.3 rel1/bin/../lib/gcc/arm-none-eabi/13.3.1/thumb/v7e-m+fp/hard\libgcc.a(unwind-arm.o)
 .ARM.exidx.text.unwind_phase2_forced
                0x0800ec24        0x8 C:/Program Files (x86)/Arm GNU Toolchain arm-none-eabi/13.3 rel1/bin/../lib/gcc/arm-none-eabi/13.3.1/thumb/v7e-m+fp/hard\libgcc.a(unwind-arm.o)
 .ARM.exidx.text.__gnu_Unwind_RaiseException
                0x0800ec2c        0x8 C:/Program Files (x86)/Arm GNU Toolchain arm-none-eabi/13.3 rel1/bin/../lib/gcc/arm-none-eabi/13.3.1/thumb/v7e-m+fp/hard\libgcc.a(unwind-arm.o)
 .ARM.exidx.text.__gnu_Unwind_ForcedUnwind
                0x0800ec34        0x8 C:/Program Files (x86)/Arm GNU Toolchain arm-none-eabi/13.3 rel1/bin/../lib/gcc/arm-none-eabi/13.3.1/thumb/v7e-m+fp/hard\libgcc.a(unwind-arm.o)
 .ARM.exidx.text.__gnu_Unwind_Resume
                0x0800ec3c        0x8 C:/Program Files (x86)/Arm GNU Toolchain arm-none-eabi/13.3 rel1/bin/../lib/gcc/arm-none-eabi/13.3.1/thumb/v7e-m+fp/hard\libgcc.a(unwind-arm.o)
 .ARM.exidx.text.__gnu_Unwind_Resume_or_Rethrow
                0x0800ec44        0x8 C:/Program Files (x86)/Arm GNU Toolchain arm-none-eabi/13.3 rel1/bin/../lib/gcc/arm-none-eabi/13.3.1/thumb/v7e-m+fp/hard\libgcc.a(unwind-arm.o)
 .ARM.exidx.text._Unwind_VRS_Get
                0x0800ec4c        0x0 C:/Program Files (x86)/Arm GNU Toolchain arm-none-eabi/13.3 rel1/bin/../lib/gcc/arm-none-eabi/13.3.1/thumb/v7e-m+fp/hard\libgcc.a(unwind-arm.o)
                                  0x8 (size before relaxing)
 .ARM.exidx.text._Unwind_GetGR
                0x0800ec4c        0x0 C:/Program Files (x86)/Arm GNU Toolchain arm-none-eabi/13.3 rel1/bin/../lib/gcc/arm-none-eabi/13.3.1/thumb/v7e-m+fp/hard\libgcc.a(unwind-arm.o)
                                  0x8 (size before relaxing)
 .ARM.exidx.text._Unwind_VRS_Set
                0x0800ec4c        0x0 C:/Program Files (x86)/Arm GNU Toolchain arm-none-eabi/13.3 rel1/bin/../lib/gcc/arm-none-eabi/13.3.1/thumb/v7e-m+fp/hard\libgcc.a(unwind-arm.o)
                                  0x8 (size before relaxing)
 .ARM.exidx.text._Unwind_SetGR
                0x0800ec4c        0x0 C:/Program Files (x86)/Arm GNU Toolchain arm-none-eabi/13.3 rel1/bin/../lib/gcc/arm-none-eabi/13.3.1/thumb/v7e-m+fp/hard\libgcc.a(unwind-arm.o)
                                  0x8 (size before relaxing)
 .ARM.exidx.text.__gnu_Unwind_Backtrace
                0x0800ec4c        0x8 C:/Program Files (x86)/Arm GNU Toolchain arm-none-eabi/13.3 rel1/bin/../lib/gcc/arm-none-eabi/13.3.1/thumb/v7e-m+fp/hard\libgcc.a(unwind-arm.o)
 .ARM.exidx.text.__gnu_unwind_pr_common
                0x0800ec54        0x8 C:/Program Files (x86)/Arm GNU Toolchain arm-none-eabi/13.3 rel1/bin/../lib/gcc/arm-none-eabi/13.3.1/thumb/v7e-m+fp/hard\libgcc.a(unwind-arm.o)
 .ARM.exidx.text.__aeabi_unwind_cpp_pr0
                0x0800ec5c        0x8 C:/Program Files (x86)/Arm GNU Toolchain arm-none-eabi/13.3 rel1/bin/../lib/gcc/arm-none-eabi/13.3.1/thumb/v7e-m+fp/hard\libgcc.a(unwind-arm.o)
 .ARM.exidx.text.__aeabi_unwind_cpp_pr1
                0x0800ec64        0x0 C:/Program Files (x86)/Arm GNU Toolchain arm-none-eabi/13.3 rel1/bin/../lib/gcc/arm-none-eabi/13.3.1/thumb/v7e-m+fp/hard\libgcc.a(unwind-arm.o)
                                  0x8 (size before relaxing)
 .ARM.exidx.text.__aeabi_unwind_cpp_pr2
                0x0800ec64        0x0 C:/Program Files (x86)/Arm GNU Toolchain arm-none-eabi/13.3 rel1/bin/../lib/gcc/arm-none-eabi/13.3.1/thumb/v7e-m+fp/hard\libgcc.a(unwind-arm.o)
                                  0x8 (size before relaxing)
 .ARM.exidx.text._Unwind_VRS_Pop
                0x0800ec64        0x8 C:/Program Files (x86)/Arm GNU Toolchain arm-none-eabi/13.3 rel1/bin/../lib/gcc/arm-none-eabi/13.3.1/thumb/v7e-m+fp/hard\libgcc.a(unwind-arm.o)
 .ARM.exidx.text.next_unwind_byte
                0x0800ec6c        0x8 C:/Program Files (x86)/Arm GNU Toolchain arm-none-eabi/13.3 rel1/bin/../lib/gcc/arm-none-eabi/13.3.1/thumb/v7e-m+fp/hard\libgcc.a(pr-support.o)
 .ARM.exidx.text.__gnu_unwind_execute
                0x0800ec74       0x10 C:/Program Files (x86)/Arm GNU Toolchain arm-none-eabi/13.3 rel1/bin/../lib/gcc/arm-none-eabi/13.3.1/thumb/v7e-m+fp/hard\libgcc.a(pr-support.o)
                                  0x8 (size before relaxing)
                0x0800ec84                        __exidx_end = .

.rel.dyn        0x0800ec84        0x0
 .rel.iplt      0x0800ec84        0x0 C:/Program Files (x86)/Arm GNU Toolchain arm-none-eabi/13.3 rel1/bin/../lib/gcc/arm-none-eabi/13.3.1/thumb/v7e-m+fp/hard/crtbegin.o

.preinit_array  0x0800ec84        0x0
                0x0800ec84                        PROVIDE (__preinit_array_start = .)
 *(.preinit_array*)
                0x0800ec84                        PROVIDE (__preinit_array_end = .)

.init_array     0x0800ec84        0x8
                0x0800ec84                        PROVIDE (__init_array_start = .)
 *(SORT_BY_NAME(.init_array.*))
 .init_array.00000
                0x0800ec84        0x4 C:/Program Files (x86)/Arm GNU Toolchain arm-none-eabi/13.3 rel1/bin/../lib/gcc/arm-none-eabi/13.3.1/thumb/v7e-m+fp/hard\libc.a(libc_a-__call_atexit.o)
 *(.init_array*)
 .init_array    0x0800ec88        0x4 C:/Program Files (x86)/Arm GNU Toolchain arm-none-eabi/13.3 rel1/bin/../lib/gcc/arm-none-eabi/13.3.1/thumb/v7e-m+fp/hard/crtbegin.o
                0x0800ec8c                        PROVIDE (__init_array_end = .)

.fini_array     0x0800ec8c        0x4
                0x0800ec8c                        PROVIDE (__fini_array_start = .)
 *(SORT_BY_NAME(.fini_array.*))
 *(.fini_array*)
 .fini_array    0x0800ec8c        0x4 C:/Program Files (x86)/Arm GNU Toolchain arm-none-eabi/13.3 rel1/bin/../lib/gcc/arm-none-eabi/13.3.1/thumb/v7e-m+fp/hard/crtbegin.o
                0x0800ec90                        PROVIDE (__fini_array_end = .)
                0x0800ec90                        _sidata = LOADADDR (.data)

.data           0x20000000      0x72c load address 0x0800ec90
                0x20000000                        . = ALIGN (0x4)
                0x20000000                        _sdata = .
 *(.data)
 *(.data*)
 .data.BACK_COLOR
                0x20000000        0x4 build/lcd.o
                0x20000000                BACK_COLOR
 .data.POINT_COLOR
                0x20000004        0x4 build/lcd.o
                0x20000004                POINT_COLOR
 .data.g_gt_tnum
                0x20000008        0x1 build/gt9xxx.o
                0x20000008                g_gt_tnum
 *fill*         0x20000009        0x3 
 .data.tp_dev   0x2000000c       0x48 build/touch.o
                0x2000000c                tp_dev
 .data.__sglue  0x20000054        0xc C:/Program Files (x86)/Arm GNU Toolchain arm-none-eabi/13.3 rel1/bin/../lib/gcc/arm-none-eabi/13.3.1/thumb/v7e-m+fp/hard\libc.a(libc_a-findfp.o)
                0x20000054                __sglue
 .data._impure_ptr
                0x20000060        0x4 C:/Program Files (x86)/Arm GNU Toolchain arm-none-eabi/13.3 rel1/bin/../lib/gcc/arm-none-eabi/13.3.1/thumb/v7e-m+fp/hard\libc.a(libc_a-impure.o)
                0x20000060                _impure_ptr
 *fill*         0x20000064        0x4 
 .data._impure_data
                0x20000068      0x140 C:/Program Files (x86)/Arm GNU Toolchain arm-none-eabi/13.3 rel1/bin/../lib/gcc/arm-none-eabi/13.3.1/thumb/v7e-m+fp/hard\libc.a(libc_a-impure.o)
                0x20000068                _impure_data
 .data.__atexit_recursive_mutex
                0x200001a8        0x4 C:/Program Files (x86)/Arm GNU Toolchain arm-none-eabi/13.3 rel1/bin/../lib/gcc/arm-none-eabi/13.3.1/thumb/v7e-m+fp/hard\libc.a(libc_a-__call_atexit.o)
                0x200001a8                __atexit_recursive_mutex
 .data.__malloc_sbrk_base
                0x200001ac        0x4 C:/Program Files (x86)/Arm GNU Toolchain arm-none-eabi/13.3 rel1/bin/../lib/gcc/arm-none-eabi/13.3.1/thumb/v7e-m+fp/hard\libc.a(libc_a-mallocr.o)
                0x200001ac                __malloc_sbrk_base
 .data.__malloc_trim_threshold
                0x200001b0        0x4 C:/Program Files (x86)/Arm GNU Toolchain arm-none-eabi/13.3 rel1/bin/../lib/gcc/arm-none-eabi/13.3.1/thumb/v7e-m+fp/hard\libc.a(libc_a-mallocr.o)
                0x200001b0                __malloc_trim_threshold
 *fill*         0x200001b4        0x4 
 .data.__malloc_av_
                0x200001b8      0x408 C:/Program Files (x86)/Arm GNU Toolchain arm-none-eabi/13.3 rel1/bin/../lib/gcc/arm-none-eabi/13.3.1/thumb/v7e-m+fp/hard\libc.a(libc_a-mallocr.o)
                0x200001b8                __malloc_av_
 .data.__global_locale
                0x200005c0      0x16c C:/Program Files (x86)/Arm GNU Toolchain arm-none-eabi/13.3 rel1/bin/../lib/gcc/arm-none-eabi/13.3.1/thumb/v7e-m+fp/hard\libc.a(libc_a-locale.o)
                0x200005c0                __global_locale
                0x2000072c                        . = ALIGN (0x4)
                0x2000072c                        _edata = .
                0x0800f3bc                        _siccmram = LOADADDR (.ccmram)

.tm_clone_table
                0x2000072c        0x0 load address 0x0800f3bc
 .tm_clone_table
                0x2000072c        0x0 C:/Program Files (x86)/Arm GNU Toolchain arm-none-eabi/13.3 rel1/bin/../lib/gcc/arm-none-eabi/13.3.1/thumb/v7e-m+fp/hard/crtbegin.o
 .tm_clone_table
                0x2000072c        0x0 C:/Program Files (x86)/Arm GNU Toolchain arm-none-eabi/13.3 rel1/bin/../lib/gcc/arm-none-eabi/13.3.1/thumb/v7e-m+fp/hard/crtend.o

.igot.plt       0x2000072c        0x0 load address 0x0800f3bc
 .igot.plt      0x2000072c        0x0 C:/Program Files (x86)/Arm GNU Toolchain arm-none-eabi/13.3 rel1/bin/../lib/gcc/arm-none-eabi/13.3.1/thumb/v7e-m+fp/hard/crtbegin.o

.ccmram         0x10000000        0x0 load address 0x0800f3bc
                0x10000000                        . = ALIGN (0x4)
                0x10000000                        _sccmram = .
 *(.ccmram)
 *(.ccmram*)
                0x10000000                        . = ALIGN (0x4)
                0x10000000                        _eccmram = .
                0x10000000                        . = ALIGN (0x4)

.bss            0x2000072c      0x454
                0x2000072c                        _sbss = .
                0x2000072c                        __bss_start__ = _sbss
 *(.bss)
 *(.bss*)
 .bss.completed.1
                0x2000072c        0x1 C:/Program Files (x86)/Arm GNU Toolchain arm-none-eabi/13.3 rel1/bin/../lib/gcc/arm-none-eabi/13.3.1/thumb/v7e-m+fp/hard/crtbegin.o
 *fill*         0x2000072d        0x3 
 .bss.object.0  0x20000730       0x18 C:/Program Files (x86)/Arm GNU Toolchain arm-none-eabi/13.3 rel1/bin/../lib/gcc/arm-none-eabi/13.3.1/thumb/v7e-m+fp/hard/crtbegin.o
 .bss.a         0x20000748        0x4 build/main.o
                0x20000748                a
 .bss.fac_ms    0x2000074c        0x2 build/delay.o
 .bss.fac_us    0x2000074e        0x1 build/delay.o
 *fill*         0x2000074f        0x1 
 .bss.USART_RX_STA
                0x20000750        0x2 build/usart.o
                0x20000750                USART_RX_STA
 *fill*         0x20000752        0x2 
 .bss.USART_RX_BUF
                0x20000754       0xc8 build/usart.o
                0x20000754                USART_RX_BUF
 .bss.lcddev    0x2000081c        0xe build/lcd.o
                0x2000081c                lcddev
 *fill*         0x2000082a        0x2 
 .bss.lcdltdc   0x2000082c       0x20 build/ltdc.o
                0x2000082c                lcdltdc
 .bss.ltdc_framebuf
                0x2000084c        0x8 build/ltdc.o
                0x2000084c                ltdc_framebuf
 .bss.t.0       0x20000854        0x1 build/gt9xxx.o
 *fill*         0x20000855        0x3 
 .bss._ZZ12Button_checkE1a
                0x20000858        0x4 build/GUILib.o
 .bss.button_act
                0x2000085c        0xa build/GUILib.o
                0x2000085c                button_act
 *fill*         0x20000866        0x2 
 .bss.__sf      0x20000868      0x138 C:/Program Files (x86)/Arm GNU Toolchain arm-none-eabi/13.3 rel1/bin/../lib/gcc/arm-none-eabi/13.3.1/thumb/v7e-m+fp/hard\libc.a(libc_a-findfp.o)
                0x20000868                __sf
 .bss.__stdio_exit_handler
                0x200009a0        0x4 C:/Program Files (x86)/Arm GNU Toolchain arm-none-eabi/13.3 rel1/bin/../lib/gcc/arm-none-eabi/13.3.1/thumb/v7e-m+fp/hard\libc.a(libc_a-findfp.o)
                0x200009a0                __stdio_exit_handler
 .bss.errno     0x200009a4        0x4 C:/Program Files (x86)/Arm GNU Toolchain arm-none-eabi/13.3 rel1/bin/../lib/gcc/arm-none-eabi/13.3.1/thumb/v7e-m+fp/hard\libc.a(libc_a-reent.o)
                0x200009a4                errno
 .bss.__lock___malloc_recursive_mutex
                0x200009a8        0x1 C:/Program Files (x86)/Arm GNU Toolchain arm-none-eabi/13.3 rel1/bin/../lib/gcc/arm-none-eabi/13.3.1/thumb/v7e-m+fp/hard\libc.a(libc_a-lock.o)
                0x200009a8                __lock___malloc_recursive_mutex
 *fill*         0x200009a9        0x3 
 .bss.__lock___atexit_recursive_mutex
                0x200009ac        0x1 C:/Program Files (x86)/Arm GNU Toolchain arm-none-eabi/13.3 rel1/bin/../lib/gcc/arm-none-eabi/13.3.1/thumb/v7e-m+fp/hard\libc.a(libc_a-lock.o)
                0x200009ac                __lock___atexit_recursive_mutex
 *fill*         0x200009ad        0x3 
 .bss.__lock___sfp_recursive_mutex
                0x200009b0        0x1 C:/Program Files (x86)/Arm GNU Toolchain arm-none-eabi/13.3 rel1/bin/../lib/gcc/arm-none-eabi/13.3.1/thumb/v7e-m+fp/hard\libc.a(libc_a-lock.o)
                0x200009b0                __lock___sfp_recursive_mutex
 *fill*         0x200009b1        0x3 
 .bss.__atexit  0x200009b4        0x4 C:/Program Files (x86)/Arm GNU Toolchain arm-none-eabi/13.3 rel1/bin/../lib/gcc/arm-none-eabi/13.3.1/thumb/v7e-m+fp/hard\libc.a(libc_a-__call_atexit.o)
                0x200009b4                __atexit
 .bss.__malloc_current_mallinfo
                0x200009b8       0x28 C:/Program Files (x86)/Arm GNU Toolchain arm-none-eabi/13.3 rel1/bin/../lib/gcc/arm-none-eabi/13.3.1/thumb/v7e-m+fp/hard\libc.a(libc_a-mallocr.o)
                0x200009b8                __malloc_current_mallinfo
 .bss.__malloc_max_total_mem
                0x200009e0        0x4 C:/Program Files (x86)/Arm GNU Toolchain arm-none-eabi/13.3 rel1/bin/../lib/gcc/arm-none-eabi/13.3.1/thumb/v7e-m+fp/hard\libc.a(libc_a-mallocr.o)
                0x200009e0                __malloc_max_total_mem
 .bss.__malloc_max_sbrked_mem
                0x200009e4        0x4 C:/Program Files (x86)/Arm GNU Toolchain arm-none-eabi/13.3 rel1/bin/../lib/gcc/arm-none-eabi/13.3.1/thumb/v7e-m+fp/hard\libc.a(libc_a-mallocr.o)
                0x200009e4                __malloc_max_sbrked_mem
 .bss.__malloc_top_pad
                0x200009e8        0x4 C:/Program Files (x86)/Arm GNU Toolchain arm-none-eabi/13.3 rel1/bin/../lib/gcc/arm-none-eabi/13.3.1/thumb/v7e-m+fp/hard\libc.a(libc_a-mallocr.o)
                0x200009e8                __malloc_top_pad
 .bss.__atexit0
                0x200009ec      0x190 C:/Program Files (x86)/Arm GNU Toolchain arm-none-eabi/13.3 rel1/bin/../lib/gcc/arm-none-eabi/13.3.1/thumb/v7e-m+fp/hard\libc.a(libc_a-__atexit.o)
                0x200009ec                __atexit0
 .bss.heap_end.0
                0x20000b7c        0x4 C:/Program Files (x86)/Arm GNU Toolchain arm-none-eabi/13.3 rel1/bin/../lib/gcc/arm-none-eabi/13.3.1/thumb/v7e-m+fp/hard\libnosys.a(sbrk.o)
 *(COMMON)
                0x20000b80                        . = ALIGN (0x4)
                0x20000b80                        _ebss = .
                0x20000b80                        __bss_end__ = _ebss

._user_heap_stack
                0x20000b80      0x600
                0x20000b80                        . = ALIGN (0x8)
                0x20000b80                        PROVIDE (end = .)
                [!provide]                        PROVIDE (_end = .)
                0x20000d80                        . = (. + _Min_Heap_Size)
 *fill*         0x20000b80      0x200 
                0x20001180                        . = (. + _Min_Stack_Size)
 *fill*         0x20000d80      0x400 
                0x20001180                        . = ALIGN (0x8)

.ext_sram       0xc0000000   0x1f4000 load address 0x0800f3bc
                0xc0000000                        . = ALIGN (0x4)
                0xc0000000                        _sext_sram = .
 *(.ext_sram)
 .ext_sram      0xc0000000   0x1f4000 build/ltdc.o
                0xc0000000                ltdc_lcd_framebuf
 *(.ext_sram*)
                0xc01f4000                        . = ALIGN (0x4)
                0xc01f4000                        _eext_sram = .

/DISCARD/
 libc.a(*)
 libm.a(*)
 libgcc.a(*)

.ARM.attributes
                0x00000000       0x30
 *(.ARM.attributes)
 .ARM.attributes
                0x00000000       0x22 C:/Program Files (x86)/Arm GNU Toolchain arm-none-eabi/13.3 rel1/bin/../lib/gcc/arm-none-eabi/13.3.1/thumb/v7e-m+fp/hard/crti.o
 .ARM.attributes
                0x00000022       0x34 C:/Program Files (x86)/Arm GNU Toolchain arm-none-eabi/13.3 rel1/bin/../lib/gcc/arm-none-eabi/13.3.1/thumb/v7e-m+fp/hard/crtbegin.o
 .ARM.attributes
                0x00000056       0x34 build/system_stm32f4xx.o
 .ARM.attributes
                0x0000008a       0x34 build/stm32f4xx_it.o
 .ARM.attributes
                0x000000be       0x34 build/main.o
 .ARM.attributes
                0x000000f2       0x34 build/delay.o
 .ARM.attributes
                0x00000126       0x34 build/sys.o
 .ARM.attributes
                0x0000015a       0x34 build/usart.o
 .ARM.attributes
                0x0000018e       0x34 build/bank.o
 .ARM.attributes
                0x000001c2       0x34 build/lcd.o
 .ARM.attributes
                0x000001f6       0x34 build/ltdc.o
 .ARM.attributes
                0x0000022a       0x34 build/sdram.o
 .ARM.attributes
                0x0000025e       0x34 build/gt9xxx.o
 .ARM.attributes
                0x00000292       0x34 build/ctiic.o
 .ARM.attributes
                0x000002c6       0x34 build/touch.o
 .ARM.attributes
                0x000002fa       0x34 build/GUILib.o
 .ARM.attributes
                0x0000032e       0x21 build/startup_stm32f429xx.o
 .ARM.attributes
                0x0000034f       0x34 C:/Program Files (x86)/Arm GNU Toolchain arm-none-eabi/13.3 rel1/bin/../lib/gcc/arm-none-eabi/13.3.1/thumb/v7e-m+fp/hard\libc.a(libc_a-findfp.o)
 .ARM.attributes
                0x00000383       0x34 C:/Program Files (x86)/Arm GNU Toolchain arm-none-eabi/13.3 rel1/bin/../lib/gcc/arm-none-eabi/13.3.1/thumb/v7e-m+fp/hard\libc.a(libc_a-fwalk.o)
 .ARM.attributes
                0x000003b7       0x34 C:/Program Files (x86)/Arm GNU Toolchain arm-none-eabi/13.3 rel1/bin/../lib/gcc/arm-none-eabi/13.3.1/thumb/v7e-m+fp/hard\libc.a(libc_a-stdio.o)
 .ARM.attributes
                0x000003eb       0x34 C:/Program Files (x86)/Arm GNU Toolchain arm-none-eabi/13.3 rel1/bin/../lib/gcc/arm-none-eabi/13.3.1/thumb/v7e-m+fp/hard\libc.a(libc_a-vsprintf.o)
 .ARM.attributes
                0x0000041f       0x34 C:/Program Files (x86)/Arm GNU Toolchain arm-none-eabi/13.3 rel1/bin/../lib/gcc/arm-none-eabi/13.3.1/thumb/v7e-m+fp/hard\libc.a(libc_a-memset.o)
 .ARM.attributes
                0x00000453       0x34 C:/Program Files (x86)/Arm GNU Toolchain arm-none-eabi/13.3 rel1/bin/../lib/gcc/arm-none-eabi/13.3.1/thumb/v7e-m+fp/hard\libc.a(libc_a-closer.o)
 .ARM.attributes
                0x00000487       0x34 C:/Program Files (x86)/Arm GNU Toolchain arm-none-eabi/13.3 rel1/bin/../lib/gcc/arm-none-eabi/13.3.1/thumb/v7e-m+fp/hard\libc.a(libc_a-reent.o)
 .ARM.attributes
                0x000004bb       0x34 C:/Program Files (x86)/Arm GNU Toolchain arm-none-eabi/13.3 rel1/bin/../lib/gcc/arm-none-eabi/13.3.1/thumb/v7e-m+fp/hard\libc.a(libc_a-impure.o)
 .ARM.attributes
                0x000004ef       0x34 C:/Program Files (x86)/Arm GNU Toolchain arm-none-eabi/13.3 rel1/bin/../lib/gcc/arm-none-eabi/13.3.1/thumb/v7e-m+fp/hard\libc.a(libc_a-lseekr.o)
 .ARM.attributes
                0x00000523       0x34 C:/Program Files (x86)/Arm GNU Toolchain arm-none-eabi/13.3 rel1/bin/../lib/gcc/arm-none-eabi/13.3.1/thumb/v7e-m+fp/hard\libc.a(libc_a-readr.o)
 .ARM.attributes
                0x00000557       0x34 C:/Program Files (x86)/Arm GNU Toolchain arm-none-eabi/13.3 rel1/bin/../lib/gcc/arm-none-eabi/13.3.1/thumb/v7e-m+fp/hard\libc.a(libc_a-writer.o)
 .ARM.attributes
                0x0000058b       0x34 C:/Program Files (x86)/Arm GNU Toolchain arm-none-eabi/13.3 rel1/bin/../lib/gcc/arm-none-eabi/13.3.1/thumb/v7e-m+fp/hard\libc.a(libc_a-init.o)
 .ARM.attributes
                0x000005bf       0x34 C:/Program Files (x86)/Arm GNU Toolchain arm-none-eabi/13.3 rel1/bin/../lib/gcc/arm-none-eabi/13.3.1/thumb/v7e-m+fp/hard\libc.a(libc_a-lock.o)
 .ARM.attributes
                0x000005f3       0x20 C:/Program Files (x86)/Arm GNU Toolchain arm-none-eabi/13.3 rel1/bin/../lib/gcc/arm-none-eabi/13.3.1/thumb/v7e-m+fp/hard\libc.a(libc_a-strcmp.o)
 .ARM.attributes
                0x00000613       0x34 C:/Program Files (x86)/Arm GNU Toolchain arm-none-eabi/13.3 rel1/bin/../lib/gcc/arm-none-eabi/13.3.1/thumb/v7e-m+fp/hard\libc.a(libc_a-__call_atexit.o)
 .ARM.attributes
                0x00000647       0x34 C:/Program Files (x86)/Arm GNU Toolchain arm-none-eabi/13.3 rel1/bin/../lib/gcc/arm-none-eabi/13.3.1/thumb/v7e-m+fp/hard\libc.a(libc_a-atexit.o)
 .ARM.attributes
                0x0000067b       0x34 C:/Program Files (x86)/Arm GNU Toolchain arm-none-eabi/13.3 rel1/bin/../lib/gcc/arm-none-eabi/13.3.1/thumb/v7e-m+fp/hard\libc.a(libc_a-freer.o)
 .ARM.attributes
                0x000006af       0x34 C:/Program Files (x86)/Arm GNU Toolchain arm-none-eabi/13.3 rel1/bin/../lib/gcc/arm-none-eabi/13.3.1/thumb/v7e-m+fp/hard\libc.a(libc_a-mallocr.o)
 .ARM.attributes
                0x000006e3       0x34 C:/Program Files (x86)/Arm GNU Toolchain arm-none-eabi/13.3 rel1/bin/../lib/gcc/arm-none-eabi/13.3.1/thumb/v7e-m+fp/hard\libc.a(libc_a-mlock.o)
 .ARM.attributes
                0x00000717       0x34 C:/Program Files (x86)/Arm GNU Toolchain arm-none-eabi/13.3 rel1/bin/../lib/gcc/arm-none-eabi/13.3.1/thumb/v7e-m+fp/hard\libc.a(libc_a-svfprintf.o)
 .ARM.attributes
                0x0000074b       0x34 C:/Program Files (x86)/Arm GNU Toolchain arm-none-eabi/13.3 rel1/bin/../lib/gcc/arm-none-eabi/13.3.1/thumb/v7e-m+fp/hard\libc.a(libc_a-ssprint_r.o)
 .ARM.attributes
                0x0000077f       0x34 C:/Program Files (x86)/Arm GNU Toolchain arm-none-eabi/13.3 rel1/bin/../lib/gcc/arm-none-eabi/13.3.1/thumb/v7e-m+fp/hard\libc.a(libc_a-fclose.o)
 .ARM.attributes
                0x000007b3       0x34 C:/Program Files (x86)/Arm GNU Toolchain arm-none-eabi/13.3 rel1/bin/../lib/gcc/arm-none-eabi/13.3.1/thumb/v7e-m+fp/hard\libc.a(libc_a-fflush.o)
 .ARM.attributes
                0x000007e7       0x34 C:/Program Files (x86)/Arm GNU Toolchain arm-none-eabi/13.3 rel1/bin/../lib/gcc/arm-none-eabi/13.3.1/thumb/v7e-m+fp/hard\libc.a(libc_a-strncpy.o)
 .ARM.attributes
                0x0000081b       0x34 C:/Program Files (x86)/Arm GNU Toolchain arm-none-eabi/13.3 rel1/bin/../lib/gcc/arm-none-eabi/13.3.1/thumb/v7e-m+fp/hard\libc.a(libc_a-locale.o)
 .ARM.attributes
                0x0000084f       0x34 C:/Program Files (x86)/Arm GNU Toolchain arm-none-eabi/13.3 rel1/bin/../lib/gcc/arm-none-eabi/13.3.1/thumb/v7e-m+fp/hard\libc.a(libc_a-localeconv.o)
 .ARM.attributes
                0x00000883       0x34 C:/Program Files (x86)/Arm GNU Toolchain arm-none-eabi/13.3 rel1/bin/../lib/gcc/arm-none-eabi/13.3.1/thumb/v7e-m+fp/hard\libc.a(libc_a-sbrkr.o)
 .ARM.attributes
                0x000008b7       0x34 C:/Program Files (x86)/Arm GNU Toolchain arm-none-eabi/13.3 rel1/bin/../lib/gcc/arm-none-eabi/13.3.1/thumb/v7e-m+fp/hard\libc.a(libc_a-fini.o)
 .ARM.attributes
                0x000008eb       0x34 C:/Program Files (x86)/Arm GNU Toolchain arm-none-eabi/13.3 rel1/bin/../lib/gcc/arm-none-eabi/13.3.1/thumb/v7e-m+fp/hard\libc.a(libc_a-sysconf.o)
 .ARM.attributes
                0x0000091f       0x1c C:/Program Files (x86)/Arm GNU Toolchain arm-none-eabi/13.3 rel1/bin/../lib/gcc/arm-none-eabi/13.3.1/thumb/v7e-m+fp/hard\libc.a(libc_a-memchr.o)
 .ARM.attributes
                0x0000093b       0x1c C:/Program Files (x86)/Arm GNU Toolchain arm-none-eabi/13.3 rel1/bin/../lib/gcc/arm-none-eabi/13.3.1/thumb/v7e-m+fp/hard\libc.a(libc_a-strlen.o)
 .ARM.attributes
                0x00000957       0x34 C:/Program Files (x86)/Arm GNU Toolchain arm-none-eabi/13.3 rel1/bin/../lib/gcc/arm-none-eabi/13.3.1/thumb/v7e-m+fp/hard\libc.a(libm_a-s_frexp.o)
 .ARM.attributes
                0x0000098b       0x34 C:/Program Files (x86)/Arm GNU Toolchain arm-none-eabi/13.3 rel1/bin/../lib/gcc/arm-none-eabi/13.3.1/thumb/v7e-m+fp/hard\libc.a(libc_a-__atexit.o)
 .ARM.attributes
                0x000009bf       0x34 C:/Program Files (x86)/Arm GNU Toolchain arm-none-eabi/13.3 rel1/bin/../lib/gcc/arm-none-eabi/13.3.1/thumb/v7e-m+fp/hard\libc.a(libc_a-dtoa.o)
 .ARM.attributes
                0x000009f3       0x34 C:/Program Files (x86)/Arm GNU Toolchain arm-none-eabi/13.3 rel1/bin/../lib/gcc/arm-none-eabi/13.3.1/thumb/v7e-m+fp/hard\libc.a(libc_a-mbtowc_r.o)
 .ARM.attributes
                0x00000a27       0x34 C:/Program Files (x86)/Arm GNU Toolchain arm-none-eabi/13.3 rel1/bin/../lib/gcc/arm-none-eabi/13.3.1/thumb/v7e-m+fp/hard\libc.a(libc_a-mprec.o)
 .ARM.attributes
                0x00000a5b       0x34 C:/Program Files (x86)/Arm GNU Toolchain arm-none-eabi/13.3 rel1/bin/../lib/gcc/arm-none-eabi/13.3.1/thumb/v7e-m+fp/hard\libc.a(libc_a-wctomb_r.o)
 .ARM.attributes
                0x00000a8f       0x34 C:/Program Files (x86)/Arm GNU Toolchain arm-none-eabi/13.3 rel1/bin/../lib/gcc/arm-none-eabi/13.3.1/thumb/v7e-m+fp/hard\libc.a(libc_a-wcrtomb.o)
 .ARM.attributes
                0x00000ac3       0x34 C:/Program Files (x86)/Arm GNU Toolchain arm-none-eabi/13.3 rel1/bin/../lib/gcc/arm-none-eabi/13.3.1/thumb/v7e-m+fp/hard\libc.a(libc_a-wcsrtombs.o)
 .ARM.attributes
                0x00000af7       0x34 C:/Program Files (x86)/Arm GNU Toolchain arm-none-eabi/13.3 rel1/bin/../lib/gcc/arm-none-eabi/13.3.1/thumb/v7e-m+fp/hard\libc.a(libc_a-ctype_.o)
 .ARM.attributes
                0x00000b2b       0x34 C:/Program Files (x86)/Arm GNU Toolchain arm-none-eabi/13.3 rel1/bin/../lib/gcc/arm-none-eabi/13.3.1/thumb/v7e-m+fp/hard\libc.a(libc_a-ssputs_r.o)
 .ARM.attributes
                0x00000b5f       0x34 C:/Program Files (x86)/Arm GNU Toolchain arm-none-eabi/13.3 rel1/bin/../lib/gcc/arm-none-eabi/13.3.1/thumb/v7e-m+fp/hard\libc.a(libc_a-memmove.o)
 .ARM.attributes
                0x00000b93       0x34 C:/Program Files (x86)/Arm GNU Toolchain arm-none-eabi/13.3 rel1/bin/../lib/gcc/arm-none-eabi/13.3.1/thumb/v7e-m+fp/hard\libc.a(libc_a-errno.o)
 .ARM.attributes
                0x00000bc7       0x20 C:/Program Files (x86)/Arm GNU Toolchain arm-none-eabi/13.3 rel1/bin/../lib/gcc/arm-none-eabi/13.3.1/thumb/v7e-m+fp/hard\libc.a(libc_a-memcpy.o)
 .ARM.attributes
                0x00000be7       0x34 C:/Program Files (x86)/Arm GNU Toolchain arm-none-eabi/13.3 rel1/bin/../lib/gcc/arm-none-eabi/13.3.1/thumb/v7e-m+fp/hard\libc.a(libc_a-assert.o)
 .ARM.attributes
                0x00000c1b       0x34 C:/Program Files (x86)/Arm GNU Toolchain arm-none-eabi/13.3 rel1/bin/../lib/gcc/arm-none-eabi/13.3.1/thumb/v7e-m+fp/hard\libc.a(libc_a-callocr.o)
 .ARM.attributes
                0x00000c4f       0x34 C:/Program Files (x86)/Arm GNU Toolchain arm-none-eabi/13.3 rel1/bin/../lib/gcc/arm-none-eabi/13.3.1/thumb/v7e-m+fp/hard\libc.a(libc_a-reallocr.o)
 .ARM.attributes
                0x00000c83       0x34 C:/Program Files (x86)/Arm GNU Toolchain arm-none-eabi/13.3 rel1/bin/../lib/gcc/arm-none-eabi/13.3.1/thumb/v7e-m+fp/hard\libc.a(libc_a-wcsnrtombs.o)
 .ARM.attributes
                0x00000cb7       0x34 C:/Program Files (x86)/Arm GNU Toolchain arm-none-eabi/13.3 rel1/bin/../lib/gcc/arm-none-eabi/13.3.1/thumb/v7e-m+fp/hard\libc.a(libc_a-fiprintf.o)
 .ARM.attributes
                0x00000ceb       0x34 C:/Program Files (x86)/Arm GNU Toolchain arm-none-eabi/13.3 rel1/bin/../lib/gcc/arm-none-eabi/13.3.1/thumb/v7e-m+fp/hard\libc.a(libc_a-vfiprintf.o)
 .ARM.attributes
                0x00000d1f       0x34 C:/Program Files (x86)/Arm GNU Toolchain arm-none-eabi/13.3 rel1/bin/../lib/gcc/arm-none-eabi/13.3.1/thumb/v7e-m+fp/hard\libc.a(libc_a-sprint_r.o)
 .ARM.attributes
                0x00000d53       0x34 C:/Program Files (x86)/Arm GNU Toolchain arm-none-eabi/13.3 rel1/bin/../lib/gcc/arm-none-eabi/13.3.1/thumb/v7e-m+fp/hard\libc.a(libc_a-fvwrite.o)
 .ARM.attributes
                0x00000d87       0x34 C:/Program Files (x86)/Arm GNU Toolchain arm-none-eabi/13.3 rel1/bin/../lib/gcc/arm-none-eabi/13.3.1/thumb/v7e-m+fp/hard\libc.a(libc_a-wsetup.o)
 .ARM.attributes
                0x00000dbb       0x34 C:/Program Files (x86)/Arm GNU Toolchain arm-none-eabi/13.3 rel1/bin/../lib/gcc/arm-none-eabi/13.3.1/thumb/v7e-m+fp/hard\libc.a(libc_a-abort.o)
 .ARM.attributes
                0x00000def       0x34 C:/Program Files (x86)/Arm GNU Toolchain arm-none-eabi/13.3 rel1/bin/../lib/gcc/arm-none-eabi/13.3.1/thumb/v7e-m+fp/hard\libc.a(libc_a-makebuf.o)
 .ARM.attributes
                0x00000e23       0x34 C:/Program Files (x86)/Arm GNU Toolchain arm-none-eabi/13.3 rel1/bin/../lib/gcc/arm-none-eabi/13.3.1/thumb/v7e-m+fp/hard\libc.a(libc_a-signal.o)
 .ARM.attributes
                0x00000e57       0x34 C:/Program Files (x86)/Arm GNU Toolchain arm-none-eabi/13.3 rel1/bin/../lib/gcc/arm-none-eabi/13.3.1/thumb/v7e-m+fp/hard\libc.a(libc_a-fstatr.o)
 .ARM.attributes
                0x00000e8b       0x34 C:/Program Files (x86)/Arm GNU Toolchain arm-none-eabi/13.3 rel1/bin/../lib/gcc/arm-none-eabi/13.3.1/thumb/v7e-m+fp/hard\libc.a(libc_a-isattyr.o)
 .ARM.attributes
                0x00000ebf       0x34 C:/Program Files (x86)/Arm GNU Toolchain arm-none-eabi/13.3 rel1/bin/../lib/gcc/arm-none-eabi/13.3.1/thumb/v7e-m+fp/hard\libc.a(libc_a-signalr.o)
 .ARM.attributes
                0x00000ef3       0x22 C:/Program Files (x86)/Arm GNU Toolchain arm-none-eabi/13.3 rel1/bin/../lib/gcc/arm-none-eabi/13.3.1/thumb/v7e-m+fp/hard\libgcc.a(_arm_addsubdf3.o)
 .ARM.attributes
                0x00000f15       0x22 C:/Program Files (x86)/Arm GNU Toolchain arm-none-eabi/13.3 rel1/bin/../lib/gcc/arm-none-eabi/13.3.1/thumb/v7e-m+fp/hard\libgcc.a(_arm_muldivdf3.o)
 .ARM.attributes
                0x00000f37       0x22 C:/Program Files (x86)/Arm GNU Toolchain arm-none-eabi/13.3 rel1/bin/../lib/gcc/arm-none-eabi/13.3.1/thumb/v7e-m+fp/hard\libgcc.a(_arm_cmpdf2.o)
 .ARM.attributes
                0x00000f59       0x22 C:/Program Files (x86)/Arm GNU Toolchain arm-none-eabi/13.3 rel1/bin/../lib/gcc/arm-none-eabi/13.3.1/thumb/v7e-m+fp/hard\libgcc.a(_arm_unorddf2.o)
 .ARM.attributes
                0x00000f7b       0x22 C:/Program Files (x86)/Arm GNU Toolchain arm-none-eabi/13.3 rel1/bin/../lib/gcc/arm-none-eabi/13.3.1/thumb/v7e-m+fp/hard\libgcc.a(_arm_fixdfsi.o)
 .ARM.attributes
                0x00000f9d       0x34 C:/Program Files (x86)/Arm GNU Toolchain arm-none-eabi/13.3 rel1/bin/../lib/gcc/arm-none-eabi/13.3.1/thumb/v7e-m+fp/hard\libgcc.a(unwind-arm.o)
 .ARM.attributes
                0x00000fd1       0x22 C:/Program Files (x86)/Arm GNU Toolchain arm-none-eabi/13.3 rel1/bin/../lib/gcc/arm-none-eabi/13.3.1/thumb/v7e-m+fp/hard\libgcc.a(libunwind.o)
 .ARM.attributes
                0x00000ff3       0x34 C:/Program Files (x86)/Arm GNU Toolchain arm-none-eabi/13.3 rel1/bin/../lib/gcc/arm-none-eabi/13.3.1/thumb/v7e-m+fp/hard\libgcc.a(pr-support.o)
 .ARM.attributes
                0x00001027       0x34 C:/Program Files (x86)/Arm GNU Toolchain arm-none-eabi/13.3 rel1/bin/../lib/gcc/arm-none-eabi/13.3.1/thumb/v7e-m+fp/hard\libnosys.a(close.o)
 .ARM.attributes
                0x0000105b       0x34 C:/Program Files (x86)/Arm GNU Toolchain arm-none-eabi/13.3 rel1/bin/../lib/gcc/arm-none-eabi/13.3.1/thumb/v7e-m+fp/hard\libnosys.a(fstat.o)
 .ARM.attributes
                0x0000108f       0x34 C:/Program Files (x86)/Arm GNU Toolchain arm-none-eabi/13.3 rel1/bin/../lib/gcc/arm-none-eabi/13.3.1/thumb/v7e-m+fp/hard\libnosys.a(getpid.o)
 .ARM.attributes
                0x000010c3       0x34 C:/Program Files (x86)/Arm GNU Toolchain arm-none-eabi/13.3 rel1/bin/../lib/gcc/arm-none-eabi/13.3.1/thumb/v7e-m+fp/hard\libnosys.a(isatty.o)
 .ARM.attributes
                0x000010f7       0x34 C:/Program Files (x86)/Arm GNU Toolchain arm-none-eabi/13.3 rel1/bin/../lib/gcc/arm-none-eabi/13.3.1/thumb/v7e-m+fp/hard\libnosys.a(kill.o)
 .ARM.attributes
                0x0000112b       0x34 C:/Program Files (x86)/Arm GNU Toolchain arm-none-eabi/13.3 rel1/bin/../lib/gcc/arm-none-eabi/13.3.1/thumb/v7e-m+fp/hard\libnosys.a(lseek.o)
 .ARM.attributes
                0x0000115f       0x34 C:/Program Files (x86)/Arm GNU Toolchain arm-none-eabi/13.3 rel1/bin/../lib/gcc/arm-none-eabi/13.3.1/thumb/v7e-m+fp/hard\libnosys.a(read.o)
 .ARM.attributes